[0.050s] Invoking command in '/home/leader/ros2_ws/build/alphabot2_interfaces': CMAKE_PREFIX_PATH=/opt/ros/humble /usr/bin/cmake /home/leader/ros2_ws/src/alphabot2-ros2/alphabot2_interfaces -DCMAKE_INSTALL_PREFIX=/home/leader/ros2_ws/install/alphabot2_interfaces
[0.096s] -- Found ament_cmake: 1.3.14 (/opt/ros/humble/share/ament_cmake/cmake)
[0.671s] -- Found rosidl_default_generators: 1.2.1 (/opt/ros/humble/share/rosidl_default_generators/cmake)
[0.678s] -- Using all available rosidl_typesupport_c: rosidl_typesupport_fastrtps_c;rosidl_typesupport_introspection_c
[0.691s] -- Found rosidl_adapter: 3.1.8 (/opt/ros/humble/share/rosidl_adapter/cmake)
[0.876s] -- Using all available rosidl_typesupport_cpp: rosidl_typesupport_fastrtps_cpp;rosidl_typesupport_introspection_cpp
[2.075s] -- Found ament_cmake_ros: 0.10.0 (/opt/ros/humble/share/ament_cmake_ros/cmake)
[2.888s] -- Using all available rosidl_typesupport_c: rosidl_typesupport_fastrtps_c;rosidl_typesupport_introspection_c
[3.975s] -- Using all available rosidl_typesupport_cpp: rosidl_typesupport_fastrtps_cpp;rosidl_typesupport_introspection_cpp
[4.084s] -- Found python_cmake_module: 0.10.0 (/opt/ros/humble/share/python_cmake_module/cmake)
[4.189s] -- Using PYTHON_EXECUTABLE: /usr/bin/python3
[4.189s] -- Using PYTHON_INCLUDE_DIRS: /usr/include/python3.10
[4.190s] -- Using PYTHON_LIBRARIES: /usr/lib/aarch64-linux-gnu/libpython3.10.so
[4.502s] -- Found ament_lint_auto: 0.12.15 (/opt/ros/humble/share/ament_lint_auto/cmake)
[4.551s] -- Added test 'copyright' to check source files copyright and LICENSE
[4.562s] -- Added test 'lint_cmake' to check CMake code style
[4.568s] -- Added test 'xmllint' to check XML markup files
[4.581s] -- Configuring done
[4.760s] -- Generating done
[4.804s] -- Build files have been written to: /home/leader/ros2_ws/build/alphabot2_interfaces
[4.835s] Invoked command in '/home/leader/ros2_ws/build/alphabot2_interfaces' returned '0': CMAKE_PREFIX_PATH=/opt/ros/humble /usr/bin/cmake /home/leader/ros2_ws/src/alphabot2-ros2/alphabot2_interfaces -DCMAKE_INSTALL_PREFIX=/home/leader/ros2_ws/install/alphabot2_interfaces
[4.845s] Invoking command in '/home/leader/ros2_ws/build/alphabot2_interfaces': CMAKE_PREFIX_PATH=/opt/ros/humble /usr/bin/cmake --build /home/leader/ros2_ws/build/alphabot2_interfaces -- -j4 -l4
[5.041s] [  3%] [34m[1mGenerating C code for ROS interfaces[0m
[5.107s] [  6%] [34m[1mGenerating Rust code for ROS interfaces[0m
[5.127s] [  9%] [34m[1mGenerating C++ code for ROS interfaces[0m
[5.192s] [  9%] Built target ament_cmake_python_copy_alphabot2_interfaces
[6.668s] [  9%] Built target alphabot2_interfaces__rs
[6.720s] [  9%] Built target alphabot2_interfaces__cpp
[6.766s] [ 12%] [32mBuilding C object CMakeFiles/alphabot2_interfaces__rosidl_generator_c.dir/rosidl_generator_c/alphabot2_interfaces/msg/detail/obstacle__functions.c.o[0m
[6.773s] [ 15%] [34m[1mGenerating C++ type support for eProsima Fast-RTPS[0m
[6.780s] [ 18%] [34m[1mGenerating C++ introspection for ROS interfaces[0m
[7.107s] running egg_info
[7.112s] creating alphabot2_interfaces.egg-info
[7.117s] writing alphabot2_interfaces.egg-info/PKG-INFO
[7.120s] writing dependency_links to alphabot2_interfaces.egg-info/dependency_links.txt
[7.127s] writing top-level names to alphabot2_interfaces.egg-info/top_level.txt
[7.134s] writing manifest file 'alphabot2_interfaces.egg-info/SOURCES.txt'
[7.144s] reading manifest file 'alphabot2_interfaces.egg-info/SOURCES.txt'
[7.151s] writing manifest file 'alphabot2_interfaces.egg-info/SOURCES.txt'
[7.268s] [ 21%] [32m[1mLinking C shared library libalphabot2_interfaces__rosidl_generator_c.so[0m
[7.343s] [ 21%] Built target ament_cmake_python_build_alphabot2_interfaces_egg
[7.404s] [ 25%] [34m[1mGenerating C++ type support dispatch for ROS interfaces[0m
[7.502s] [ 25%] Built target alphabot2_interfaces__rosidl_generator_c
[7.561s] [ 28%] [34m[1mGenerating C type support for eProsima Fast-RTPS[0m
[8.248s] [ 31%] [32mBuilding CXX object CMakeFiles/alphabot2_interfaces__rosidl_typesupport_fastrtps_cpp.dir/rosidl_typesupport_fastrtps_cpp/alphabot2_interfaces/msg/detail/dds_fastrtps/obstacle__type_support.cpp.o[0m
[8.326s] [ 34%] [32mBuilding CXX object CMakeFiles/alphabot2_interfaces__rosidl_typesupport_introspection_cpp.dir/rosidl_typesupport_introspection_cpp/alphabot2_interfaces/msg/detail/obstacle__type_support.cpp.o[0m
[8.730s] [ 37%] [32mBuilding CXX object CMakeFiles/alphabot2_interfaces__rosidl_typesupport_cpp.dir/rosidl_typesupport_cpp/alphabot2_interfaces/msg/obstacle__type_support.cpp.o[0m
[8.969s] [ 40%] [32mBuilding CXX object CMakeFiles/alphabot2_interfaces__rosidl_typesupport_fastrtps_c.dir/rosidl_typesupport_fastrtps_c/alphabot2_interfaces/msg/detail/obstacle__type_support_c.cpp.o[0m
[10.484s] [ 43%] [32m[1mLinking CXX shared library libalphabot2_interfaces__rosidl_typesupport_cpp.so[0m
[10.721s] [ 43%] Built target alphabot2_interfaces__rosidl_typesupport_cpp
[10.782s] [ 46%] [34m[1mGenerating C introspection for ROS interfaces[0m
[11.062s] [ 50%] [32m[1mLinking CXX shared library libalphabot2_interfaces__rosidl_typesupport_introspection_cpp.so[0m
[11.240s] [ 53%] [32m[1mLinking CXX shared library libalphabot2_interfaces__rosidl_typesupport_fastrtps_cpp.so[0m
[11.301s] [ 53%] Built target alphabot2_interfaces__rosidl_typesupport_introspection_cpp
[11.331s] [ 56%] [32m[1mLinking CXX shared library libalphabot2_interfaces__rosidl_typesupport_fastrtps_c.so[0m
[11.358s] [ 59%] [34m[1mGenerating C type support dispatch for ROS interfaces[0m
[11.754s] [ 59%] Built target alphabot2_interfaces__rosidl_typesupport_fastrtps_cpp
[11.810s] [ 59%] Built target alphabot2_interfaces__rosidl_typesupport_fastrtps_c
[12.201s] [ 62%] [32mBuilding C object CMakeFiles/alphabot2_interfaces__rosidl_typesupport_introspection_c.dir/rosidl_typesupport_introspection_c/alphabot2_interfaces/msg/detail/obstacle__type_support.c.o[0m
[12.374s] [ 65%] [32m[1mLinking C shared library libalphabot2_interfaces__rosidl_typesupport_introspection_c.so[0m
[12.533s] [ 65%] Built target alphabot2_interfaces__rosidl_typesupport_introspection_c
[12.541s] [ 68%] [32mBuilding CXX object CMakeFiles/alphabot2_interfaces__rosidl_typesupport_c.dir/rosidl_typesupport_c/alphabot2_interfaces/msg/obstacle__type_support.cpp.o[0m
[12.692s] [ 71%] [32m[1mLinking CXX shared library libalphabot2_interfaces__rosidl_typesupport_c.so[0m
[12.859s] [ 71%] Built target alphabot2_interfaces__rosidl_typesupport_c
[12.947s] [ 71%] Built target alphabot2_interfaces
[13.035s] [ 75%] [34m[1mGenerating Python code for ROS interfaces[0m
[14.292s] [ 75%] Built target alphabot2_interfaces__py
[14.381s] [ 78%] [32mBuilding C object CMakeFiles/alphabot2_interfaces__rosidl_generator_py.dir/rosidl_generator_py/alphabot2_interfaces/msg/_obstacle_s.c.o[0m
[14.966s] [ 81%] [32m[1mLinking C shared library rosidl_generator_py/alphabot2_interfaces/libalphabot2_interfaces__rosidl_generator_py.so[0m
[15.151s] [ 81%] Built target alphabot2_interfaces__rosidl_generator_py
[15.253s] [ 87%] [32mBuilding C object CMakeFiles/alphabot2_interfaces__rosidl_typesupport_fastrtps_c__pyext.dir/rosidl_generator_py/alphabot2_interfaces/_alphabot2_interfaces_s.ep.rosidl_typesupport_fastrtps_c.c.o[0m
[15.256s] [ 87%] [32mBuilding C object CMakeFiles/alphabot2_interfaces__rosidl_typesupport_introspection_c__pyext.dir/rosidl_generator_py/alphabot2_interfaces/_alphabot2_interfaces_s.ep.rosidl_typesupport_introspection_c.c.o[0m
[15.259s] [ 90%] [32mBuilding C object CMakeFiles/alphabot2_interfaces__rosidl_typesupport_c__pyext.dir/rosidl_generator_py/alphabot2_interfaces/_alphabot2_interfaces_s.ep.rosidl_typesupport_c.c.o[0m
[15.726s] [ 93%] [32m[1mLinking C shared library rosidl_generator_py/alphabot2_interfaces/alphabot2_interfaces_s__rosidl_typesupport_c.cpython-310-aarch64-linux-gnu.so[0m
[15.759s] [ 96%] [32m[1mLinking C shared library rosidl_generator_py/alphabot2_interfaces/alphabot2_interfaces_s__rosidl_typesupport_introspection_c.cpython-310-aarch64-linux-gnu.so[0m
[15.794s] [100%] [32m[1mLinking C shared library rosidl_generator_py/alphabot2_interfaces/alphabot2_interfaces_s__rosidl_typesupport_fastrtps_c.cpython-310-aarch64-linux-gnu.so[0m
[15.908s] [100%] Built target alphabot2_interfaces__rosidl_typesupport_c__pyext
[15.944s] [100%] Built target alphabot2_interfaces__rosidl_typesupport_introspection_c__pyext
[15.980s] [100%] Built target alphabot2_interfaces__rosidl_typesupport_fastrtps_c__pyext
[16.023s] Invoked command in '/home/leader/ros2_ws/build/alphabot2_interfaces' returned '0': CMAKE_PREFIX_PATH=/opt/ros/humble /usr/bin/cmake --build /home/leader/ros2_ws/build/alphabot2_interfaces -- -j4 -l4
[16.066s] Invoking command in '/home/leader/ros2_ws/build/alphabot2_interfaces': CMAKE_PREFIX_PATH=/opt/ros/humble /usr/bin/cmake --install /home/leader/ros2_ws/build/alphabot2_interfaces
[16.097s] -- Install configuration: ""
[16.098s] -- Installing: /home/leader/ros2_ws/install/alphabot2_interfaces/share/ament_index/resource_index/rosidl_interfaces/alphabot2_interfaces
[16.100s] -- Installing: /home/leader/ros2_ws/install/alphabot2_interfaces/include/alphabot2_interfaces/alphabot2_interfaces
[16.101s] -- Installing: /home/leader/ros2_ws/install/alphabot2_interfaces/include/alphabot2_interfaces/alphabot2_interfaces/msg
[16.101s] -- Installing: /home/leader/ros2_ws/install/alphabot2_interfaces/include/alphabot2_interfaces/alphabot2_interfaces/msg/obstacle.h
[16.102s] -- Installing: /home/leader/ros2_ws/install/alphabot2_interfaces/include/alphabot2_interfaces/alphabot2_interfaces/msg/rosidl_generator_c__visibility_control.h
[16.104s] -- Installing: /home/leader/ros2_ws/install/alphabot2_interfaces/include/alphabot2_interfaces/alphabot2_interfaces/msg/detail
[16.105s] -- Installing: /home/leader/ros2_ws/install/alphabot2_interfaces/include/alphabot2_interfaces/alphabot2_interfaces/msg/detail/obstacle__struct.h
[16.106s] -- Installing: /home/leader/ros2_ws/install/alphabot2_interfaces/include/alphabot2_interfaces/alphabot2_interfaces/msg/detail/obstacle__type_support.h
[16.107s] -- Installing: /home/leader/ros2_ws/install/alphabot2_interfaces/include/alphabot2_interfaces/alphabot2_interfaces/msg/detail/obstacle__functions.h
[16.109s] -- Installing: /home/leader/ros2_ws/install/alphabot2_interfaces/include/alphabot2_interfaces/alphabot2_interfaces/msg/detail/obstacle__functions.c
[16.111s] -- Installing: /home/leader/ros2_ws/install/alphabot2_interfaces/share/alphabot2_interfaces/environment/library_path.sh
[16.113s] -- Installing: /home/leader/ros2_ws/install/alphabot2_interfaces/share/alphabot2_interfaces/environment/library_path.dsv
[16.114s] -- Installing: /home/leader/ros2_ws/install/alphabot2_interfaces/lib/libalphabot2_interfaces__rosidl_generator_c.so
[16.117s] -- Set runtime path of "/home/leader/ros2_ws/install/alphabot2_interfaces/lib/libalphabot2_interfaces__rosidl_generator_c.so" to ""
[16.118s] -- Up-to-date: /home/leader/ros2_ws/install/alphabot2_interfaces/include/alphabot2_interfaces/alphabot2_interfaces
[16.119s] -- Up-to-date: /home/leader/ros2_ws/install/alphabot2_interfaces/include/alphabot2_interfaces/alphabot2_interfaces/msg
[16.119s] -- Up-to-date: /home/leader/ros2_ws/install/alphabot2_interfaces/include/alphabot2_interfaces/alphabot2_interfaces/msg/detail
[16.120s] -- Installing: /home/leader/ros2_ws/install/alphabot2_interfaces/include/alphabot2_interfaces/alphabot2_interfaces/msg/detail/obstacle__rosidl_typesupport_fastrtps_c.h
[16.120s] -- Installing: /home/leader/ros2_ws/install/alphabot2_interfaces/include/alphabot2_interfaces/alphabot2_interfaces/msg/rosidl_typesupport_fastrtps_c__visibility_control.h
[16.122s] -- Installing: /home/leader/ros2_ws/install/alphabot2_interfaces/lib/libalphabot2_interfaces__rosidl_typesupport_fastrtps_c.so
[16.125s] -- Set runtime path of "/home/leader/ros2_ws/install/alphabot2_interfaces/lib/libalphabot2_interfaces__rosidl_typesupport_fastrtps_c.so" to ""
[16.126s] -- Up-to-date: /home/leader/ros2_ws/install/alphabot2_interfaces/include/alphabot2_interfaces/alphabot2_interfaces
[16.127s] -- Up-to-date: /home/leader/ros2_ws/install/alphabot2_interfaces/include/alphabot2_interfaces/alphabot2_interfaces/msg
[16.127s] -- Up-to-date: /home/leader/ros2_ws/install/alphabot2_interfaces/include/alphabot2_interfaces/alphabot2_interfaces/msg/detail
[16.128s] -- Installing: /home/leader/ros2_ws/install/alphabot2_interfaces/include/alphabot2_interfaces/alphabot2_interfaces/msg/detail/obstacle__type_support.c
[16.129s] -- Installing: /home/leader/ros2_ws/install/alphabot2_interfaces/include/alphabot2_interfaces/alphabot2_interfaces/msg/detail/obstacle__rosidl_typesupport_introspection_c.h
[16.130s] -- Installing: /home/leader/ros2_ws/install/alphabot2_interfaces/include/alphabot2_interfaces/alphabot2_interfaces/msg/rosidl_typesupport_introspection_c__visibility_control.h
[16.131s] -- Installing: /home/leader/ros2_ws/install/alphabot2_interfaces/lib/libalphabot2_interfaces__rosidl_typesupport_introspection_c.so
[16.134s] -- Set runtime path of "/home/leader/ros2_ws/install/alphabot2_interfaces/lib/libalphabot2_interfaces__rosidl_typesupport_introspection_c.so" to ""
[16.135s] -- Installing: /home/leader/ros2_ws/install/alphabot2_interfaces/lib/libalphabot2_interfaces__rosidl_typesupport_c.so
[16.138s] -- Set runtime path of "/home/leader/ros2_ws/install/alphabot2_interfaces/lib/libalphabot2_interfaces__rosidl_typesupport_c.so" to ""
[16.139s] -- Up-to-date: /home/leader/ros2_ws/install/alphabot2_interfaces/include/alphabot2_interfaces/alphabot2_interfaces
[16.140s] -- Up-to-date: /home/leader/ros2_ws/install/alphabot2_interfaces/include/alphabot2_interfaces/alphabot2_interfaces/msg
[16.141s] -- Installing: /home/leader/ros2_ws/install/alphabot2_interfaces/include/alphabot2_interfaces/alphabot2_interfaces/msg/rosidl_generator_cpp__visibility_control.hpp
[16.142s] -- Installing: /home/leader/ros2_ws/install/alphabot2_interfaces/include/alphabot2_interfaces/alphabot2_interfaces/msg/obstacle.hpp
[16.143s] -- Up-to-date: /home/leader/ros2_ws/install/alphabot2_interfaces/include/alphabot2_interfaces/alphabot2_interfaces/msg/detail
[16.144s] -- Installing: /home/leader/ros2_ws/install/alphabot2_interfaces/include/alphabot2_interfaces/alphabot2_interfaces/msg/detail/obstacle__struct.hpp
[16.145s] -- Installing: /home/leader/ros2_ws/install/alphabot2_interfaces/include/alphabot2_interfaces/alphabot2_interfaces/msg/detail/obstacle__traits.hpp
[16.147s] -- Installing: /home/leader/ros2_ws/install/alphabot2_interfaces/include/alphabot2_interfaces/alphabot2_interfaces/msg/detail/obstacle__type_support.hpp
[16.148s] -- Installing: /home/leader/ros2_ws/install/alphabot2_interfaces/include/alphabot2_interfaces/alphabot2_interfaces/msg/detail/obstacle__builder.hpp
[16.149s] -- Up-to-date: /home/leader/ros2_ws/install/alphabot2_interfaces/include/alphabot2_interfaces/alphabot2_interfaces
[16.150s] -- Up-to-date: /home/leader/ros2_ws/install/alphabot2_interfaces/include/alphabot2_interfaces/alphabot2_interfaces/msg
[16.151s] -- Installing: /home/leader/ros2_ws/install/alphabot2_interfaces/include/alphabot2_interfaces/alphabot2_interfaces/msg/rosidl_typesupport_fastrtps_cpp__visibility_control.h
[16.154s] -- Up-to-date: /home/leader/ros2_ws/install/alphabot2_interfaces/include/alphabot2_interfaces/alphabot2_interfaces/msg/detail
[16.154s] -- Installing: /home/leader/ros2_ws/install/alphabot2_interfaces/include/alphabot2_interfaces/alphabot2_interfaces/msg/detail/obstacle__rosidl_typesupport_fastrtps_cpp.hpp
[16.157s] -- Installing: /home/leader/ros2_ws/install/alphabot2_interfaces/include/alphabot2_interfaces/alphabot2_interfaces/msg/detail/dds_fastrtps
[16.158s] -- Installing: /home/leader/ros2_ws/install/alphabot2_interfaces/lib/libalphabot2_interfaces__rosidl_typesupport_fastrtps_cpp.so
[16.161s] -- Set runtime path of "/home/leader/ros2_ws/install/alphabot2_interfaces/lib/libalphabot2_interfaces__rosidl_typesupport_fastrtps_cpp.so" to ""
[16.162s] -- Up-to-date: /home/leader/ros2_ws/install/alphabot2_interfaces/include/alphabot2_interfaces/alphabot2_interfaces
[16.163s] -- Up-to-date: /home/leader/ros2_ws/install/alphabot2_interfaces/include/alphabot2_interfaces/alphabot2_interfaces/msg
[16.164s] -- Up-to-date: /home/leader/ros2_ws/install/alphabot2_interfaces/include/alphabot2_interfaces/alphabot2_interfaces/msg/detail
[16.165s] -- Installing: /home/leader/ros2_ws/install/alphabot2_interfaces/include/alphabot2_interfaces/alphabot2_interfaces/msg/detail/obstacle__rosidl_typesupport_introspection_cpp.hpp
[16.166s] -- Installing: /home/leader/ros2_ws/install/alphabot2_interfaces/include/alphabot2_interfaces/alphabot2_interfaces/msg/detail/obstacle__type_support.cpp
[16.167s] -- Installing: /home/leader/ros2_ws/install/alphabot2_interfaces/lib/libalphabot2_interfaces__rosidl_typesupport_introspection_cpp.so
[16.170s] -- Set runtime path of "/home/leader/ros2_ws/install/alphabot2_interfaces/lib/libalphabot2_interfaces__rosidl_typesupport_introspection_cpp.so" to ""
[16.171s] -- Installing: /home/leader/ros2_ws/install/alphabot2_interfaces/lib/libalphabot2_interfaces__rosidl_typesupport_cpp.so
[16.173s] -- Set runtime path of "/home/leader/ros2_ws/install/alphabot2_interfaces/lib/libalphabot2_interfaces__rosidl_typesupport_cpp.so" to ""
[16.174s] -- Installing: /home/leader/ros2_ws/install/alphabot2_interfaces/share/alphabot2_interfaces/environment/pythonpath.sh
[16.175s] -- Installing: /home/leader/ros2_ws/install/alphabot2_interfaces/share/alphabot2_interfaces/environment/pythonpath.dsv
[16.177s] -- Installing: /home/leader/ros2_ws/install/alphabot2_interfaces/local/lib/python3.10/dist-packages/alphabot2_interfaces-0.0.0-py3.10.egg-info
[16.178s] -- Installing: /home/leader/ros2_ws/install/alphabot2_interfaces/local/lib/python3.10/dist-packages/alphabot2_interfaces-0.0.0-py3.10.egg-info/PKG-INFO
[16.179s] -- Installing: /home/leader/ros2_ws/install/alphabot2_interfaces/local/lib/python3.10/dist-packages/alphabot2_interfaces-0.0.0-py3.10.egg-info/top_level.txt
[16.180s] -- Installing: /home/leader/ros2_ws/install/alphabot2_interfaces/local/lib/python3.10/dist-packages/alphabot2_interfaces-0.0.0-py3.10.egg-info/dependency_links.txt
[16.182s] -- Installing: /home/leader/ros2_ws/install/alphabot2_interfaces/local/lib/python3.10/dist-packages/alphabot2_interfaces-0.0.0-py3.10.egg-info/SOURCES.txt
[16.183s] -- Installing: /home/leader/ros2_ws/install/alphabot2_interfaces/local/lib/python3.10/dist-packages/alphabot2_interfaces
[16.184s] -- Installing: /home/leader/ros2_ws/install/alphabot2_interfaces/local/lib/python3.10/dist-packages/alphabot2_interfaces/_alphabot2_interfaces_s.ep.rosidl_typesupport_fastrtps_c.c
[16.186s] -- Installing: /home/leader/ros2_ws/install/alphabot2_interfaces/local/lib/python3.10/dist-packages/alphabot2_interfaces/alphabot2_interfaces_s__rosidl_typesupport_c.cpython-310-aarch64-linux-gnu.so
[16.188s] -- Installing: /home/leader/ros2_ws/install/alphabot2_interfaces/local/lib/python3.10/dist-packages/alphabot2_interfaces/_alphabot2_interfaces_s.ep.rosidl_typesupport_introspection_c.c
[16.189s] -- Installing: /home/leader/ros2_ws/install/alphabot2_interfaces/local/lib/python3.10/dist-packages/alphabot2_interfaces/msg
[16.190s] -- Installing: /home/leader/ros2_ws/install/alphabot2_interfaces/local/lib/python3.10/dist-packages/alphabot2_interfaces/msg/_obstacle.py
[16.191s] -- Installing: /home/leader/ros2_ws/install/alphabot2_interfaces/local/lib/python3.10/dist-packages/alphabot2_interfaces/msg/__init__.py
[16.193s] -- Installing: /home/leader/ros2_ws/install/alphabot2_interfaces/local/lib/python3.10/dist-packages/alphabot2_interfaces/msg/_obstacle_s.c
[16.194s] -- Installing: /home/leader/ros2_ws/install/alphabot2_interfaces/local/lib/python3.10/dist-packages/alphabot2_interfaces/__init__.py
[16.195s] -- Installing: /home/leader/ros2_ws/install/alphabot2_interfaces/local/lib/python3.10/dist-packages/alphabot2_interfaces/alphabot2_interfaces_s__rosidl_typesupport_introspection_c.cpython-310-aarch64-linux-gnu.so
[16.197s] -- Installing: /home/leader/ros2_ws/install/alphabot2_interfaces/local/lib/python3.10/dist-packages/alphabot2_interfaces/_alphabot2_interfaces_s.ep.rosidl_typesupport_c.c
[16.198s] -- Installing: /home/leader/ros2_ws/install/alphabot2_interfaces/local/lib/python3.10/dist-packages/alphabot2_interfaces/libalphabot2_interfaces__rosidl_generator_py.so
[16.200s] -- Installing: /home/leader/ros2_ws/install/alphabot2_interfaces/local/lib/python3.10/dist-packages/alphabot2_interfaces/alphabot2_interfaces_s__rosidl_typesupport_fastrtps_c.cpython-310-aarch64-linux-gnu.so
[16.356s] Listing '/home/leader/ros2_ws/install/alphabot2_interfaces/local/lib/python3.10/dist-packages/alphabot2_interfaces'...
[16.357s] Compiling '/home/leader/ros2_ws/install/alphabot2_interfaces/local/lib/python3.10/dist-packages/alphabot2_interfaces/__init__.py'...
[16.359s] Listing '/home/leader/ros2_ws/install/alphabot2_interfaces/local/lib/python3.10/dist-packages/alphabot2_interfaces/msg'...
[16.360s] Compiling '/home/leader/ros2_ws/install/alphabot2_interfaces/local/lib/python3.10/dist-packages/alphabot2_interfaces/msg/__init__.py'...
[16.361s] Compiling '/home/leader/ros2_ws/install/alphabot2_interfaces/local/lib/python3.10/dist-packages/alphabot2_interfaces/msg/_obstacle.py'...
[16.386s] -- Installing: /home/leader/ros2_ws/install/alphabot2_interfaces/local/lib/python3.10/dist-packages/alphabot2_interfaces/alphabot2_interfaces_s__rosidl_typesupport_fastrtps_c.cpython-310-aarch64-linux-gnu.so
[16.390s] -- Set runtime path of "/home/leader/ros2_ws/install/alphabot2_interfaces/local/lib/python3.10/dist-packages/alphabot2_interfaces/alphabot2_interfaces_s__rosidl_typesupport_fastrtps_c.cpython-310-aarch64-linux-gnu.so" to ""
[16.392s] -- Installing: /home/leader/ros2_ws/install/alphabot2_interfaces/local/lib/python3.10/dist-packages/alphabot2_interfaces/alphabot2_interfaces_s__rosidl_typesupport_introspection_c.cpython-310-aarch64-linux-gnu.so
[16.396s] -- Set runtime path of "/home/leader/ros2_ws/install/alphabot2_interfaces/local/lib/python3.10/dist-packages/alphabot2_interfaces/alphabot2_interfaces_s__rosidl_typesupport_introspection_c.cpython-310-aarch64-linux-gnu.so" to ""
[16.398s] -- Installing: /home/leader/ros2_ws/install/alphabot2_interfaces/local/lib/python3.10/dist-packages/alphabot2_interfaces/alphabot2_interfaces_s__rosidl_typesupport_c.cpython-310-aarch64-linux-gnu.so
[16.401s] -- Set runtime path of "/home/leader/ros2_ws/install/alphabot2_interfaces/local/lib/python3.10/dist-packages/alphabot2_interfaces/alphabot2_interfaces_s__rosidl_typesupport_c.cpython-310-aarch64-linux-gnu.so" to ""
[16.402s] -- Installing: /home/leader/ros2_ws/install/alphabot2_interfaces/lib/libalphabot2_interfaces__rosidl_generator_py.so
[16.405s] -- Set runtime path of "/home/leader/ros2_ws/install/alphabot2_interfaces/lib/libalphabot2_interfaces__rosidl_generator_py.so" to ""
[16.405s] -- Installing: /home/leader/ros2_ws/install/alphabot2_interfaces/share/ament_index/resource_index/rust_packages/alphabot2_interfaces
[16.407s] -- Installing: /home/leader/ros2_ws/install/alphabot2_interfaces/share/alphabot2_interfaces/rust
[16.408s] -- Installing: /home/leader/ros2_ws/install/alphabot2_interfaces/share/alphabot2_interfaces/rust/Cargo.toml
[16.409s] -- Installing: /home/leader/ros2_ws/install/alphabot2_interfaces/share/alphabot2_interfaces/rust/src
[16.410s] -- Installing: /home/leader/ros2_ws/install/alphabot2_interfaces/share/alphabot2_interfaces/rust/src/msg
[16.411s] -- Installing: /home/leader/ros2_ws/install/alphabot2_interfaces/share/alphabot2_interfaces/rust/src/msg/rmw.rs
[16.412s] -- Installing: /home/leader/ros2_ws/install/alphabot2_interfaces/share/alphabot2_interfaces/rust/src/msg.rs
[16.413s] -- Installing: /home/leader/ros2_ws/install/alphabot2_interfaces/share/alphabot2_interfaces/rust/src/lib.rs
[16.415s] -- Installing: /home/leader/ros2_ws/install/alphabot2_interfaces/share/alphabot2_interfaces/rust/build.rs
[16.416s] -- Installing: /home/leader/ros2_ws/install/alphabot2_interfaces/share/alphabot2_interfaces/msg/Obstacle.idl
[16.418s] -- Installing: /home/leader/ros2_ws/install/alphabot2_interfaces/share/alphabot2_interfaces/msg/Obstacle.msg
[16.419s] -- Installing: /home/leader/ros2_ws/install/alphabot2_interfaces/share/ament_index/resource_index/package_run_dependencies/alphabot2_interfaces
[16.421s] -- Installing: /home/leader/ros2_ws/install/alphabot2_interfaces/share/ament_index/resource_index/parent_prefix_path/alphabot2_interfaces
[16.423s] -- Installing: /home/leader/ros2_ws/install/alphabot2_interfaces/share/alphabot2_interfaces/environment/ament_prefix_path.sh
[16.424s] -- Installing: /home/leader/ros2_ws/install/alphabot2_interfaces/share/alphabot2_interfaces/environment/ament_prefix_path.dsv
[16.426s] -- Installing: /home/leader/ros2_ws/install/alphabot2_interfaces/share/alphabot2_interfaces/environment/path.sh
[16.427s] -- Installing: /home/leader/ros2_ws/install/alphabot2_interfaces/share/alphabot2_interfaces/environment/path.dsv
[16.429s] -- Installing: /home/leader/ros2_ws/install/alphabot2_interfaces/share/alphabot2_interfaces/local_setup.bash
[16.430s] -- Installing: /home/leader/ros2_ws/install/alphabot2_interfaces/share/alphabot2_interfaces/local_setup.sh
[16.432s] -- Installing: /home/leader/ros2_ws/install/alphabot2_interfaces/share/alphabot2_interfaces/local_setup.zsh
[16.433s] -- Installing: /home/leader/ros2_ws/install/alphabot2_interfaces/share/alphabot2_interfaces/local_setup.dsv
[16.435s] -- Installing: /home/leader/ros2_ws/install/alphabot2_interfaces/share/alphabot2_interfaces/package.dsv
[16.437s] -- Installing: /home/leader/ros2_ws/install/alphabot2_interfaces/share/ament_index/resource_index/packages/alphabot2_interfaces
[16.439s] -- Installing: /home/leader/ros2_ws/install/alphabot2_interfaces/share/alphabot2_interfaces/cmake/export_alphabot2_interfaces__rosidl_generator_cExport.cmake
[16.441s] -- Installing: /home/leader/ros2_ws/install/alphabot2_interfaces/share/alphabot2_interfaces/cmake/export_alphabot2_interfaces__rosidl_generator_cExport-noconfig.cmake
[16.444s] -- Installing: /home/leader/ros2_ws/install/alphabot2_interfaces/share/alphabot2_interfaces/cmake/export_alphabot2_interfaces__rosidl_typesupport_fastrtps_cExport.cmake
[16.445s] -- Installing: /home/leader/ros2_ws/install/alphabot2_interfaces/share/alphabot2_interfaces/cmake/export_alphabot2_interfaces__rosidl_typesupport_fastrtps_cExport-noconfig.cmake
[16.447s] -- Installing: /home/leader/ros2_ws/install/alphabot2_interfaces/share/alphabot2_interfaces/cmake/alphabot2_interfaces__rosidl_typesupport_introspection_cExport.cmake
[16.449s] -- Installing: /home/leader/ros2_ws/install/alphabot2_interfaces/share/alphabot2_interfaces/cmake/alphabot2_interfaces__rosidl_typesupport_introspection_cExport-noconfig.cmake
[16.451s] -- Installing: /home/leader/ros2_ws/install/alphabot2_interfaces/share/alphabot2_interfaces/cmake/alphabot2_interfaces__rosidl_typesupport_cExport.cmake
[16.452s] -- Installing: /home/leader/ros2_ws/install/alphabot2_interfaces/share/alphabot2_interfaces/cmake/alphabot2_interfaces__rosidl_typesupport_cExport-noconfig.cmake
[16.454s] -- Installing: /home/leader/ros2_ws/install/alphabot2_interfaces/share/alphabot2_interfaces/cmake/export_alphabot2_interfaces__rosidl_generator_cppExport.cmake
[16.456s] -- Installing: /home/leader/ros2_ws/install/alphabot2_interfaces/share/alphabot2_interfaces/cmake/export_alphabot2_interfaces__rosidl_typesupport_fastrtps_cppExport.cmake
[16.458s] -- Installing: /home/leader/ros2_ws/install/alphabot2_interfaces/share/alphabot2_interfaces/cmake/export_alphabot2_interfaces__rosidl_typesupport_fastrtps_cppExport-noconfig.cmake
[16.460s] -- Installing: /home/leader/ros2_ws/install/alphabot2_interfaces/share/alphabot2_interfaces/cmake/alphabot2_interfaces__rosidl_typesupport_introspection_cppExport.cmake
[16.462s] -- Installing: /home/leader/ros2_ws/install/alphabot2_interfaces/share/alphabot2_interfaces/cmake/alphabot2_interfaces__rosidl_typesupport_introspection_cppExport-noconfig.cmake
[16.464s] -- Installing: /home/leader/ros2_ws/install/alphabot2_interfaces/share/alphabot2_interfaces/cmake/alphabot2_interfaces__rosidl_typesupport_cppExport.cmake
[16.466s] -- Installing: /home/leader/ros2_ws/install/alphabot2_interfaces/share/alphabot2_interfaces/cmake/alphabot2_interfaces__rosidl_typesupport_cppExport-noconfig.cmake
[16.468s] -- Installing: /home/leader/ros2_ws/install/alphabot2_interfaces/share/alphabot2_interfaces/cmake/export_alphabot2_interfaces__rosidl_generator_pyExport.cmake
[16.471s] -- Installing: /home/leader/ros2_ws/install/alphabot2_interfaces/share/alphabot2_interfaces/cmake/export_alphabot2_interfaces__rosidl_generator_pyExport-noconfig.cmake
[16.472s] -- Installing: /home/leader/ros2_ws/install/alphabot2_interfaces/share/alphabot2_interfaces/cmake/rosidl_cmake-extras.cmake
[16.473s] -- Installing: /home/leader/ros2_ws/install/alphabot2_interfaces/share/alphabot2_interfaces/cmake/ament_cmake_export_include_directories-extras.cmake
[16.475s] -- Installing: /home/leader/ros2_ws/install/alphabot2_interfaces/share/alphabot2_interfaces/cmake/ament_cmake_export_libraries-extras.cmake
[16.476s] -- Installing: /home/leader/ros2_ws/install/alphabot2_interfaces/share/alphabot2_interfaces/cmake/ament_cmake_export_targets-extras.cmake
[16.478s] -- Installing: /home/leader/ros2_ws/install/alphabot2_interfaces/share/alphabot2_interfaces/cmake/rosidl_cmake_export_typesupport_targets-extras.cmake
[16.480s] -- Installing: /home/leader/ros2_ws/install/alphabot2_interfaces/share/alphabot2_interfaces/cmake/ament_cmake_export_dependencies-extras.cmake
[16.481s] -- Installing: /home/leader/ros2_ws/install/alphabot2_interfaces/share/alphabot2_interfaces/cmake/rosidl_cmake_export_typesupport_libraries-extras.cmake
[16.483s] -- Installing: /home/leader/ros2_ws/install/alphabot2_interfaces/share/alphabot2_interfaces/cmake/alphabot2_interfacesConfig.cmake
[16.484s] -- Installing: /home/leader/ros2_ws/install/alphabot2_interfaces/share/alphabot2_interfaces/cmake/alphabot2_interfacesConfig-version.cmake
[16.486s] -- Installing: /home/leader/ros2_ws/install/alphabot2_interfaces/share/alphabot2_interfaces/package.xml
[16.495s] Invoked command in '/home/leader/ros2_ws/build/alphabot2_interfaces' returned '0': CMAKE_PREFIX_PATH=/opt/ros/humble /usr/bin/cmake --install /home/leader/ros2_ws/build/alphabot2_interfaces
