[0.044s] Invoking command in '/home/leader/ros2_ws/build/alphabot2_interfaces': CMAKE_PREFIX_PATH=/opt/ros/humble /usr/bin/cmake /home/leader/ros2_ws/src/alphabot2-ros2/alphabot2_interfaces -DCMAKE_INSTALL_PREFIX=/home/leader/ros2_ws/install/alphabot2_interfaces
[0.127s] -- Found ament_cmake: 1.3.14 (/opt/ros/humble/share/ament_cmake/cmake)
[0.977s] -- Found Python3: /usr/bin/python3 (found version "3.10.12") found components: Interpreter 
[1.563s] -- Found rosidl_default_generators: 1.2.1 (/opt/ros/humble/share/rosidl_default_generators/cmake)
[1.591s] -- Using all available rosidl_typesupport_c: rosidl_typesupport_fastrtps_c;rosidl_typesupport_introspection_c
[1.653s] -- Found rosidl_adapter: 3.1.8 (/opt/ros/humble/share/rosidl_adapter/cmake)
[1.990s] -- Using all available rosidl_typesupport_cpp: rosidl_typesupport_fastrtps_cpp;rosidl_typesupport_introspection_cpp
[3.649s] -- Found ament_cmake_ros: 0.10.0 (/opt/ros/humble/share/ament_cmake_ros/cmake)
[4.702s] -- Using all available rosidl_typesupport_c: rosidl_typesupport_fastrtps_c;rosidl_typesupport_introspection_c
[5.361s] [31mCMake Error at /opt/ros/humble/share/rosidl_typesupport_fastrtps_cpp/cmake/rosidl_typesupport_fastrtps_cpp_generate_interfaces.cmake:107 (configure_file):
[5.362s]   No such file or directory
[5.363s] Call Stack (most recent call first):
[5.363s]   /opt/ros/humble/share/ament_cmake_core/cmake/core/ament_execute_extensions.cmake:48 (include)
[5.364s]   /opt/ros/humble/share/rosidl_cmake/cmake/rosidl_generate_interfaces.cmake:286 (ament_execute_extensions)
[5.364s]   CMakeLists.txt:25 (rosidl_generate_interfaces)
[5.364s] 
[5.365s] [0m
[6.009s] -- Using all available rosidl_typesupport_cpp: rosidl_typesupport_fastrtps_cpp;rosidl_typesupport_introspection_cpp
[6.141s] -- Found PythonInterp: /usr/bin/python3 (found suitable version "3.10.12", minimum required is "3.6") 
[6.159s] -- Found python_cmake_module: 0.10.0 (/opt/ros/humble/share/python_cmake_module/cmake)
[6.312s] -- Found PythonLibs: /usr/lib/aarch64-linux-gnu/libpython3.10.so (found suitable version "3.10.12", minimum required is "3.5") 
[6.313s] -- Using PYTHON_EXECUTABLE: /usr/bin/python3
[6.314s] -- Using PYTHON_INCLUDE_DIRS: /usr/include/python3.10
[6.314s] -- Using PYTHON_LIBRARIES: /usr/lib/aarch64-linux-gnu/libpython3.10.so
[6.433s] -- Found PythonExtra: .so  
[6.980s] -- Found ament_lint_auto: 0.12.15 (/opt/ros/humble/share/ament_lint_auto/cmake)
[7.216s] [31mCMake Error at /opt/ros/humble/share/ament_cmake_export_include_directories/cmake/ament_cmake_export_include_directories_package_hook.cmake:23 (configure_file):
[7.217s]   No such file or directory
[7.217s] Call Stack (most recent call first):
[7.218s]   /opt/ros/humble/share/ament_cmake_core/cmake/core/ament_execute_extensions.cmake:48 (include)
[7.219s]   /opt/ros/humble/share/ament_cmake_core/cmake/core/ament_package.cmake:66 (ament_execute_extensions)
[7.219s]   CMakeLists.txt:40 (ament_package)
[7.219s] 
[7.220s] [0m
[7.220s] [31mCMake Error at /opt/ros/humble/share/ament_cmake_export_libraries/cmake/ament_cmake_export_libraries_package_hook.cmake:23 (configure_file):
[7.221s]   No such file or directory
[7.221s] Call Stack (most recent call first):
[7.222s]   /opt/ros/humble/share/ament_cmake_core/cmake/core/ament_execute_extensions.cmake:48 (include)
[7.222s]   /opt/ros/humble/share/ament_cmake_core/cmake/core/ament_package.cmake:66 (ament_execute_extensions)
[7.223s]   CMakeLists.txt:40 (ament_package)
[7.223s] 
[7.223s] [0m
[7.237s] -- Added test 'copyright' to check source files copyright and LICENSE
[7.253s] -- Added test 'lint_cmake' to check CMake code style
[7.262s] -- Added test 'xmllint' to check XML markup files
[7.290s] -- Configuring incomplete, errors occurred!
[7.290s] See also "/home/leader/ros2_ws/build/alphabot2_interfaces/CMakeFiles/CMakeOutput.log".
[7.339s] Invoked command in '/home/leader/ros2_ws/build/alphabot2_interfaces' returned '1': CMAKE_PREFIX_PATH=/opt/ros/humble /usr/bin/cmake /home/leader/ros2_ws/src/alphabot2-ros2/alphabot2_interfaces -DCMAKE_INSTALL_PREFIX=/home/leader/ros2_ws/install/alphabot2_interfaces
