[1.263s] DEBUG:colcon:Command line arguments: ['/usr/bin/colcon', 'build']
[1.264s] DEBUG:colcon:Parsed command line arguments: Namespace(log_base=None, log_level=None, verb_name='build', build_base='build', install_base='install', merge_install=False, symlink_install=False, test_result_base=None, continue_on_error=False, executor='parallel', parallel_workers=4, event_handlers=None, ignore_user_meta=False, metas=['./colcon.meta'], base_paths=['.'], packages_ignore=None, packages_ignore_regex=None, paths=None, packages_up_to=None, packages_up_to_regex=None, packages_above=None, packages_above_and_dependencies=None, packages_above_depth=None, packages_select_by_dep=None, packages_skip_by_dep=None, packages_skip_up_to=None, packages_select_build_failed=False, packages_skip_build_finished=False, packages_select_test_failures=False, packages_skip_test_passed=False, packages_select=None, packages_skip=None, packages_select_regex=None, packages_skip_regex=None, packages_start=None, packages_end=None, allow_overriding=[], cmake_args=None, cmake_target=None, cmake_target_skip_unavailable=False, cmake_clean_cache=False, cmake_clean_first=False, cmake_force_configure=False, ament_cmake_args=None, catkin_cmake_args=None, catkin_skip_building_tests=False, verb_parser=<colcon_defaults.argument_parser.defaults.DefaultArgumentsDecorator object at 0xffff85626aa0>, verb_extension=<colcon_core.verb.build.BuildVerb object at 0xffff857c3f70>, main=<bound method BuildVerb.main of <colcon_core.verb.build.BuildVerb object at 0xffff857c3f70>>)
[2.594s] Level 1:colcon.colcon_core.package_discovery:discover_packages(colcon_meta) check parameters
[2.595s] Level 1:colcon.colcon_core.package_discovery:discover_packages(recursive) check parameters
[2.595s] Level 1:colcon.colcon_core.package_discovery:discover_packages(ignore) check parameters
[2.596s] Level 1:colcon.colcon_core.package_discovery:discover_packages(path) check parameters
[2.596s] Level 1:colcon.colcon_core.package_discovery:discover_packages(colcon_meta) discover
[2.596s] Level 1:colcon.colcon_core.package_discovery:discover_packages(recursive) discover
[2.597s] INFO:colcon.colcon_core.package_discovery:Crawling recursively for packages in '/home/leader/ros2_ws'
[2.598s] Level 1:colcon.colcon_core.package_identification:_identify(.) by extensions ['ignore', 'ignore_ament_install']
[2.598s] Level 1:colcon.colcon_core.package_identification:_identify(.) by extension 'ignore'
[2.599s] Level 1:colcon.colcon_core.package_identification:_identify(.) by extension 'ignore_ament_install'
[2.599s] Level 1:colcon.colcon_core.package_identification:_identify(.) by extensions ['colcon_pkg']
[2.600s] Level 1:colcon.colcon_core.package_identification:_identify(.) by extension 'colcon_pkg'
[2.600s] Level 1:colcon.colcon_core.package_identification:_identify(.) by extensions ['colcon_meta']
[2.600s] Level 1:colcon.colcon_core.package_identification:_identify(.) by extension 'colcon_meta'
[2.601s] Level 1:colcon.colcon_core.package_identification:_identify(.) by extensions ['ros']
[2.601s] Level 1:colcon.colcon_core.package_identification:_identify(.) by extension 'ros'
[2.687s] Level 1:colcon.colcon_core.package_identification:_identify(.) by extensions ['cmake', 'python']
[2.687s] Level 1:colcon.colcon_core.package_identification:_identify(.) by extension 'cmake'
[2.688s] Level 1:colcon.colcon_core.package_identification:_identify(.) by extension 'python'
[2.688s] Level 1:colcon.colcon_core.package_identification:_identify(.) by extensions ['python_setup_py']
[2.688s] Level 1:colcon.colcon_core.package_identification:_identify(.) by extension 'python_setup_py'
[2.689s] Level 1:colcon.colcon_core.package_identification:_identify(build) by extensions ['ignore', 'ignore_ament_install']
[2.690s] Level 1:colcon.colcon_core.package_identification:_identify(build) by extension 'ignore'
[2.690s] Level 1:colcon.colcon_core.package_identification:_identify(build) ignored
[2.691s] Level 1:colcon.colcon_core.package_identification:_identify(install) by extensions ['ignore', 'ignore_ament_install']
[2.692s] Level 1:colcon.colcon_core.package_identification:_identify(install) by extension 'ignore'
[2.692s] Level 1:colcon.colcon_core.package_identification:_identify(install) ignored
[2.693s] Level 1:colcon.colcon_core.package_identification:_identify(log) by extensions ['ignore', 'ignore_ament_install']
[2.694s] Level 1:colcon.colcon_core.package_identification:_identify(log) by extension 'ignore'
[2.695s] Level 1:colcon.colcon_core.package_identification:_identify(log) ignored
[2.695s] Level 1:colcon.colcon_core.package_identification:_identify(src) by extensions ['ignore', 'ignore_ament_install']
[2.696s] Level 1:colcon.colcon_core.package_identification:_identify(src) by extension 'ignore'
[2.696s] Level 1:colcon.colcon_core.package_identification:_identify(src) by extension 'ignore_ament_install'
[2.697s] Level 1:colcon.colcon_core.package_identification:_identify(src) by extensions ['colcon_pkg']
[2.697s] Level 1:colcon.colcon_core.package_identification:_identify(src) by extension 'colcon_pkg'
[2.698s] Level 1:colcon.colcon_core.package_identification:_identify(src) by extensions ['colcon_meta']
[2.698s] Level 1:colcon.colcon_core.package_identification:_identify(src) by extension 'colcon_meta'
[2.698s] Level 1:colcon.colcon_core.package_identification:_identify(src) by extensions ['ros']
[2.699s] Level 1:colcon.colcon_core.package_identification:_identify(src) by extension 'ros'
[2.700s] Level 1:colcon.colcon_core.package_identification:_identify(src) by extensions ['cmake', 'python']
[2.700s] Level 1:colcon.colcon_core.package_identification:_identify(src) by extension 'cmake'
[2.701s] Level 1:colcon.colcon_core.package_identification:_identify(src) by extension 'python'
[2.701s] Level 1:colcon.colcon_core.package_identification:_identify(src) by extensions ['python_setup_py']
[2.701s] Level 1:colcon.colcon_core.package_identification:_identify(src) by extension 'python_setup_py'
[2.702s] Level 1:colcon.colcon_core.package_identification:_identify(src/alphabot2-ros2) by extensions ['ignore', 'ignore_ament_install']
[2.703s] Level 1:colcon.colcon_core.package_identification:_identify(src/alphabot2-ros2) by extension 'ignore'
[2.704s] Level 1:colcon.colcon_core.package_identification:_identify(src/alphabot2-ros2) by extension 'ignore_ament_install'
[2.704s] Level 1:colcon.colcon_core.package_identification:_identify(src/alphabot2-ros2) by extensions ['colcon_pkg']
[2.704s] Level 1:colcon.colcon_core.package_identification:_identify(src/alphabot2-ros2) by extension 'colcon_pkg'
[2.705s] Level 1:colcon.colcon_core.package_identification:_identify(src/alphabot2-ros2) by extensions ['colcon_meta']
[2.705s] Level 1:colcon.colcon_core.package_identification:_identify(src/alphabot2-ros2) by extension 'colcon_meta'
[2.705s] Level 1:colcon.colcon_core.package_identification:_identify(src/alphabot2-ros2) by extensions ['ros']
[2.706s] Level 1:colcon.colcon_core.package_identification:_identify(src/alphabot2-ros2) by extension 'ros'
[2.707s] Level 1:colcon.colcon_core.package_identification:_identify(src/alphabot2-ros2) by extensions ['cmake', 'python']
[2.707s] Level 1:colcon.colcon_core.package_identification:_identify(src/alphabot2-ros2) by extension 'cmake'
[2.707s] Level 1:colcon.colcon_core.package_identification:_identify(src/alphabot2-ros2) by extension 'python'
[2.708s] Level 1:colcon.colcon_core.package_identification:_identify(src/alphabot2-ros2) by extensions ['python_setup_py']
[2.708s] Level 1:colcon.colcon_core.package_identification:_identify(src/alphabot2-ros2) by extension 'python_setup_py'
[2.709s] Level 1:colcon.colcon_core.package_identification:_identify(src/alphabot2-ros2/alphabot2) by extensions ['ignore', 'ignore_ament_install']
[2.710s] Level 1:colcon.colcon_core.package_identification:_identify(src/alphabot2-ros2/alphabot2) by extension 'ignore'
[2.710s] Level 1:colcon.colcon_core.package_identification:_identify(src/alphabot2-ros2/alphabot2) by extension 'ignore_ament_install'
[2.711s] Level 1:colcon.colcon_core.package_identification:_identify(src/alphabot2-ros2/alphabot2) by extensions ['colcon_pkg']
[2.712s] Level 1:colcon.colcon_core.package_identification:_identify(src/alphabot2-ros2/alphabot2) by extension 'colcon_pkg'
[2.713s] Level 1:colcon.colcon_core.package_identification:_identify(src/alphabot2-ros2/alphabot2) by extensions ['colcon_meta']
[2.713s] Level 1:colcon.colcon_core.package_identification:_identify(src/alphabot2-ros2/alphabot2) by extension 'colcon_meta'
[2.714s] Level 1:colcon.colcon_core.package_identification:_identify(src/alphabot2-ros2/alphabot2) by extensions ['ros']
[2.715s] Level 1:colcon.colcon_core.package_identification:_identify(src/alphabot2-ros2/alphabot2) by extension 'ros'
[2.716s] Level 1:colcon.colcon_core.package_identification:_identify(src/alphabot2-ros2/alphabot2) by extensions ['cmake', 'python']
[2.716s] Level 1:colcon.colcon_core.package_identification:_identify(src/alphabot2-ros2/alphabot2) by extension 'cmake'
[2.716s] Level 1:colcon.colcon_core.package_identification:_identify(src/alphabot2-ros2/alphabot2) by extension 'python'
[2.717s] Level 1:colcon.colcon_core.package_identification:_identify(src/alphabot2-ros2/alphabot2) by extensions ['python_setup_py']
[2.717s] Level 1:colcon.colcon_core.package_identification:_identify(src/alphabot2-ros2/alphabot2) by extension 'python_setup_py'
[2.718s] Level 1:colcon.colcon_core.package_identification:_identify(src/alphabot2-ros2/alphabot2/alphabot2_leader) by extensions ['ignore', 'ignore_ament_install']
[2.719s] Level 1:colcon.colcon_core.package_identification:_identify(src/alphabot2-ros2/alphabot2/alphabot2_leader) by extension 'ignore'
[2.719s] Level 1:colcon.colcon_core.package_identification:_identify(src/alphabot2-ros2/alphabot2/alphabot2_leader) by extension 'ignore_ament_install'
[2.720s] Level 1:colcon.colcon_core.package_identification:_identify(src/alphabot2-ros2/alphabot2/alphabot2_leader) by extensions ['colcon_pkg']
[2.720s] Level 1:colcon.colcon_core.package_identification:_identify(src/alphabot2-ros2/alphabot2/alphabot2_leader) by extension 'colcon_pkg'
[2.720s] Level 1:colcon.colcon_core.package_identification:_identify(src/alphabot2-ros2/alphabot2/alphabot2_leader) by extensions ['colcon_meta']
[2.721s] Level 1:colcon.colcon_core.package_identification:_identify(src/alphabot2-ros2/alphabot2/alphabot2_leader) by extension 'colcon_meta'
[2.721s] Level 1:colcon.colcon_core.package_identification:_identify(src/alphabot2-ros2/alphabot2/alphabot2_leader) by extensions ['ros']
[2.721s] Level 1:colcon.colcon_core.package_identification:_identify(src/alphabot2-ros2/alphabot2/alphabot2_leader) by extension 'ros'
[2.735s] DEBUG:colcon.colcon_core.package_identification:Package 'src/alphabot2-ros2/alphabot2/alphabot2_leader' with type 'ros.ament_python' and name 'alphabot2'
[2.736s] Level 1:colcon.colcon_core.package_identification:_identify(src/alphabot2-ros2/alphabot2_interfaces) by extensions ['ignore', 'ignore_ament_install']
[2.737s] Level 1:colcon.colcon_core.package_identification:_identify(src/alphabot2-ros2/alphabot2_interfaces) by extension 'ignore'
[2.737s] Level 1:colcon.colcon_core.package_identification:_identify(src/alphabot2-ros2/alphabot2_interfaces) by extension 'ignore_ament_install'
[2.738s] Level 1:colcon.colcon_core.package_identification:_identify(src/alphabot2-ros2/alphabot2_interfaces) by extensions ['colcon_pkg']
[2.738s] Level 1:colcon.colcon_core.package_identification:_identify(src/alphabot2-ros2/alphabot2_interfaces) by extension 'colcon_pkg'
[2.739s] Level 1:colcon.colcon_core.package_identification:_identify(src/alphabot2-ros2/alphabot2_interfaces) by extensions ['colcon_meta']
[2.739s] Level 1:colcon.colcon_core.package_identification:_identify(src/alphabot2-ros2/alphabot2_interfaces) by extension 'colcon_meta'
[2.739s] Level 1:colcon.colcon_core.package_identification:_identify(src/alphabot2-ros2/alphabot2_interfaces) by extensions ['ros']
[2.740s] Level 1:colcon.colcon_core.package_identification:_identify(src/alphabot2-ros2/alphabot2_interfaces) by extension 'ros'
[2.743s] DEBUG:colcon.colcon_core.package_identification:Package 'src/alphabot2-ros2/alphabot2_interfaces' with type 'ros.ament_cmake' and name 'alphabot2_interfaces'
[2.744s] Level 1:colcon.colcon_core.package_identification:_identify(src/alphabot2-ros2/docs) by extensions ['ignore', 'ignore_ament_install']
[2.745s] Level 1:colcon.colcon_core.package_identification:_identify(src/alphabot2-ros2/docs) by extension 'ignore'
[2.746s] Level 1:colcon.colcon_core.package_identification:_identify(src/alphabot2-ros2/docs) by extension 'ignore_ament_install'
[2.746s] Level 1:colcon.colcon_core.package_identification:_identify(src/alphabot2-ros2/docs) by extensions ['colcon_pkg']
[2.747s] Level 1:colcon.colcon_core.package_identification:_identify(src/alphabot2-ros2/docs) by extension 'colcon_pkg'
[2.747s] Level 1:colcon.colcon_core.package_identification:_identify(src/alphabot2-ros2/docs) by extensions ['colcon_meta']
[2.747s] Level 1:colcon.colcon_core.package_identification:_identify(src/alphabot2-ros2/docs) by extension 'colcon_meta'
[2.748s] Level 1:colcon.colcon_core.package_identification:_identify(src/alphabot2-ros2/docs) by extensions ['ros']
[2.748s] Level 1:colcon.colcon_core.package_identification:_identify(src/alphabot2-ros2/docs) by extension 'ros'
[2.749s] Level 1:colcon.colcon_core.package_identification:_identify(src/alphabot2-ros2/docs) by extensions ['cmake', 'python']
[2.749s] Level 1:colcon.colcon_core.package_identification:_identify(src/alphabot2-ros2/docs) by extension 'cmake'
[2.750s] Level 1:colcon.colcon_core.package_identification:_identify(src/alphabot2-ros2/docs) by extension 'python'
[2.751s] Level 1:colcon.colcon_core.package_identification:_identify(src/alphabot2-ros2/docs) by extensions ['python_setup_py']
[2.751s] Level 1:colcon.colcon_core.package_identification:_identify(src/alphabot2-ros2/docs) by extension 'python_setup_py'
[2.751s] Level 1:colcon.colcon_core.package_discovery:discover_packages(recursive) using defaults
[2.752s] Level 1:colcon.colcon_core.package_discovery:discover_packages(ignore) discover
[2.752s] Level 1:colcon.colcon_core.package_discovery:discover_packages(ignore) using defaults
[2.752s] Level 1:colcon.colcon_core.package_discovery:discover_packages(path) discover
[2.752s] Level 1:colcon.colcon_core.package_discovery:discover_packages(path) using defaults
[2.902s] Level 1:colcon.colcon_core.package_discovery:discover_packages(prefix_path) check parameters
[2.902s] Level 1:colcon.colcon_core.package_discovery:discover_packages(prefix_path) discover
[2.926s] DEBUG:colcon.colcon_installed_package_information.package_discovery:Found 273 installed packages in /opt/ros/humble
[2.940s] Level 1:colcon.colcon_core.package_discovery:discover_packages(prefix_path) using defaults
[3.279s] Level 5:colcon.colcon_core.verb:set package 'alphabot2_interfaces' build argument 'cmake_args' from command line to 'None'
[3.280s] Level 5:colcon.colcon_core.verb:set package 'alphabot2_interfaces' build argument 'cmake_target' from command line to 'None'
[3.280s] Level 5:colcon.colcon_core.verb:set package 'alphabot2_interfaces' build argument 'cmake_target_skip_unavailable' from command line to 'False'
[3.280s] Level 5:colcon.colcon_core.verb:set package 'alphabot2_interfaces' build argument 'cmake_clean_cache' from command line to 'False'
[3.280s] Level 5:colcon.colcon_core.verb:set package 'alphabot2_interfaces' build argument 'cmake_clean_first' from command line to 'False'
[3.281s] Level 5:colcon.colcon_core.verb:set package 'alphabot2_interfaces' build argument 'cmake_force_configure' from command line to 'False'
[3.281s] Level 5:colcon.colcon_core.verb:set package 'alphabot2_interfaces' build argument 'ament_cmake_args' from command line to 'None'
[3.281s] Level 5:colcon.colcon_core.verb:set package 'alphabot2_interfaces' build argument 'catkin_cmake_args' from command line to 'None'
[3.281s] Level 5:colcon.colcon_core.verb:set package 'alphabot2_interfaces' build argument 'catkin_skip_building_tests' from command line to 'False'
[3.281s] DEBUG:colcon.colcon_core.verb:Building package 'alphabot2_interfaces' with the following arguments: {'ament_cmake_args': None, 'build_base': '/home/leader/ros2_ws/build/alphabot2_interfaces', 'catkin_cmake_args': None, 'catkin_skip_building_tests': False, 'cmake_args': None, 'cmake_clean_cache': False, 'cmake_clean_first': False, 'cmake_force_configure': False, 'cmake_target': None, 'cmake_target_skip_unavailable': False, 'install_base': '/home/leader/ros2_ws/install/alphabot2_interfaces', 'merge_install': False, 'path': '/home/leader/ros2_ws/src/alphabot2-ros2/alphabot2_interfaces', 'symlink_install': False, 'test_result_base': None}
[3.283s] Level 5:colcon.colcon_core.verb:set package 'alphabot2' build argument 'cmake_args' from command line to 'None'
[3.284s] Level 5:colcon.colcon_core.verb:set package 'alphabot2' build argument 'cmake_target' from command line to 'None'
[3.284s] Level 5:colcon.colcon_core.verb:set package 'alphabot2' build argument 'cmake_target_skip_unavailable' from command line to 'False'
[3.284s] Level 5:colcon.colcon_core.verb:set package 'alphabot2' build argument 'cmake_clean_cache' from command line to 'False'
[3.284s] Level 5:colcon.colcon_core.verb:set package 'alphabot2' build argument 'cmake_clean_first' from command line to 'False'
[3.284s] Level 5:colcon.colcon_core.verb:set package 'alphabot2' build argument 'cmake_force_configure' from command line to 'False'
[3.284s] Level 5:colcon.colcon_core.verb:set package 'alphabot2' build argument 'ament_cmake_args' from command line to 'None'
[3.285s] Level 5:colcon.colcon_core.verb:set package 'alphabot2' build argument 'catkin_cmake_args' from command line to 'None'
[3.285s] Level 5:colcon.colcon_core.verb:set package 'alphabot2' build argument 'catkin_skip_building_tests' from command line to 'False'
[3.285s] DEBUG:colcon.colcon_core.verb:Building package 'alphabot2' with the following arguments: {'ament_cmake_args': None, 'build_base': '/home/leader/ros2_ws/build/alphabot2', 'catkin_cmake_args': None, 'catkin_skip_building_tests': False, 'cmake_args': None, 'cmake_clean_cache': False, 'cmake_clean_first': False, 'cmake_force_configure': False, 'cmake_target': None, 'cmake_target_skip_unavailable': False, 'install_base': '/home/leader/ros2_ws/install/alphabot2', 'merge_install': False, 'path': '/home/leader/ros2_ws/src/alphabot2-ros2/alphabot2/alphabot2_leader', 'symlink_install': False, 'test_result_base': None}
[3.287s] INFO:colcon.colcon_core.executor:Executing jobs using 'parallel' executor
[3.292s] DEBUG:colcon.colcon_parallel_executor.executor.parallel:run_until_complete
[3.294s] INFO:colcon.colcon_ros.task.ament_cmake.build:Building ROS package in '/home/leader/ros2_ws/src/alphabot2-ros2/alphabot2_interfaces' with build type 'ament_cmake'
[3.295s] INFO:colcon.colcon_cmake.task.cmake.build:Building CMake package in '/home/leader/ros2_ws/src/alphabot2-ros2/alphabot2_interfaces'
[3.329s] INFO:colcon.colcon_core.plugin_system:Skipping extension 'colcon_core.shell.bat': Not used on non-Windows systems
[3.331s] INFO:colcon.colcon_core.shell:Skip shell extension 'powershell' for command environment: Not usable outside of PowerShell
[3.331s] DEBUG:colcon.colcon_core.shell:Skip shell extension 'dsv' for command environment
[3.385s] DEBUG:colcon.colcon_core.event_handler.log_command:Invoking command in '/home/leader/ros2_ws/build/alphabot2_interfaces': CMAKE_PREFIX_PATH=/opt/ros/humble /usr/bin/cmake --build /home/leader/ros2_ws/build/alphabot2_interfaces -- -j4 -l4
[8.475s] DEBUG:colcon.colcon_core.event_handler.log_command:Invoked command in '/home/leader/ros2_ws/build/alphabot2_interfaces' returned '0': CMAKE_PREFIX_PATH=/opt/ros/humble /usr/bin/cmake --build /home/leader/ros2_ws/build/alphabot2_interfaces -- -j4 -l4
[8.550s] DEBUG:colcon.colcon_core.event_handler.log_command:Invoking command in '/home/leader/ros2_ws/build/alphabot2_interfaces': CMAKE_PREFIX_PATH=/opt/ros/humble /usr/bin/cmake --install /home/leader/ros2_ws/build/alphabot2_interfaces
[9.297s] Level 1:colcon.colcon_core.environment:create_environment_scripts_only(alphabot2_interfaces)
[9.302s] DEBUG:colcon.colcon_core.event_handler.log_command:Invoked command in '/home/leader/ros2_ws/build/alphabot2_interfaces' returned '0': CMAKE_PREFIX_PATH=/opt/ros/humble /usr/bin/cmake --install /home/leader/ros2_ws/build/alphabot2_interfaces
[9.352s] Level 1:colcon.colcon_core.environment:checking '/home/leader/ros2_ws/install/alphabot2_interfaces' for CMake module files
[9.357s] Level 1:colcon.colcon_core.environment:checking '/home/leader/ros2_ws/install/alphabot2_interfaces' for CMake config files
[9.372s] Level 1:colcon.colcon_core.shell:create_environment_hook('alphabot2_interfaces', 'cmake_prefix_path')
[9.373s] INFO:colcon.colcon_core.shell:Creating environment hook '/home/leader/ros2_ws/install/alphabot2_interfaces/share/alphabot2_interfaces/hook/cmake_prefix_path.ps1'
[9.382s] INFO:colcon.colcon_core.shell:Creating environment descriptor '/home/leader/ros2_ws/install/alphabot2_interfaces/share/alphabot2_interfaces/hook/cmake_prefix_path.dsv'
[9.388s] INFO:colcon.colcon_core.shell:Creating environment hook '/home/leader/ros2_ws/install/alphabot2_interfaces/share/alphabot2_interfaces/hook/cmake_prefix_path.sh'
[9.399s] Level 1:colcon.colcon_core.environment:checking '/home/leader/ros2_ws/install/alphabot2_interfaces/lib'
[9.400s] Level 1:colcon.colcon_core.shell:create_environment_hook('alphabot2_interfaces', 'ld_library_path_lib')
[9.402s] INFO:colcon.colcon_core.shell:Creating environment hook '/home/leader/ros2_ws/install/alphabot2_interfaces/share/alphabot2_interfaces/hook/ld_library_path_lib.ps1'
[9.410s] INFO:colcon.colcon_core.shell:Creating environment descriptor '/home/leader/ros2_ws/install/alphabot2_interfaces/share/alphabot2_interfaces/hook/ld_library_path_lib.dsv'
[9.413s] INFO:colcon.colcon_core.shell:Creating environment hook '/home/leader/ros2_ws/install/alphabot2_interfaces/share/alphabot2_interfaces/hook/ld_library_path_lib.sh'
[9.415s] Level 1:colcon.colcon_core.environment:checking '/home/leader/ros2_ws/install/alphabot2_interfaces/bin'
[9.416s] Level 1:colcon.colcon_core.environment:checking '/home/leader/ros2_ws/install/alphabot2_interfaces/lib/pkgconfig/alphabot2_interfaces.pc'
[9.417s] Level 1:colcon.colcon_core.environment:checking '/home/leader/ros2_ws/install/alphabot2_interfaces/lib/python3.10/site-packages'
[9.419s] Level 1:colcon.colcon_core.environment:checking '/home/leader/ros2_ws/install/alphabot2_interfaces/bin'
[9.421s] INFO:colcon.colcon_core.shell:Creating package script '/home/leader/ros2_ws/install/alphabot2_interfaces/share/alphabot2_interfaces/package.ps1'
[9.436s] INFO:colcon.colcon_core.shell:Creating package descriptor '/home/leader/ros2_ws/install/alphabot2_interfaces/share/alphabot2_interfaces/package.dsv'
[9.445s] INFO:colcon.colcon_core.shell:Creating package script '/home/leader/ros2_ws/install/alphabot2_interfaces/share/alphabot2_interfaces/package.sh'
[9.450s] INFO:colcon.colcon_core.shell:Creating package script '/home/leader/ros2_ws/install/alphabot2_interfaces/share/alphabot2_interfaces/package.bash'
[9.457s] INFO:colcon.colcon_core.shell:Creating package script '/home/leader/ros2_ws/install/alphabot2_interfaces/share/alphabot2_interfaces/package.zsh'
[9.465s] Level 1:colcon.colcon_core.environment:create_file_with_runtime_dependencies(/home/leader/ros2_ws/install/alphabot2_interfaces/share/colcon-core/packages/alphabot2_interfaces)
[9.469s] Level 1:colcon.colcon_core.environment:create_environment_scripts_only(alphabot2_interfaces)
[9.471s] Level 1:colcon.colcon_core.environment:checking '/home/leader/ros2_ws/install/alphabot2_interfaces' for CMake module files
[9.476s] Level 1:colcon.colcon_core.environment:checking '/home/leader/ros2_ws/install/alphabot2_interfaces' for CMake config files
[9.495s] Level 1:colcon.colcon_core.shell:create_environment_hook('alphabot2_interfaces', 'cmake_prefix_path')
[9.496s] INFO:colcon.colcon_core.shell:Creating environment hook '/home/leader/ros2_ws/install/alphabot2_interfaces/share/alphabot2_interfaces/hook/cmake_prefix_path.ps1'
[9.499s] INFO:colcon.colcon_core.shell:Creating environment descriptor '/home/leader/ros2_ws/install/alphabot2_interfaces/share/alphabot2_interfaces/hook/cmake_prefix_path.dsv'
[9.506s] INFO:colcon.colcon_core.shell:Creating environment hook '/home/leader/ros2_ws/install/alphabot2_interfaces/share/alphabot2_interfaces/hook/cmake_prefix_path.sh'
[9.510s] Level 1:colcon.colcon_core.environment:checking '/home/leader/ros2_ws/install/alphabot2_interfaces/lib'
[9.510s] Level 1:colcon.colcon_core.shell:create_environment_hook('alphabot2_interfaces', 'ld_library_path_lib')
[9.512s] INFO:colcon.colcon_core.shell:Creating environment hook '/home/leader/ros2_ws/install/alphabot2_interfaces/share/alphabot2_interfaces/hook/ld_library_path_lib.ps1'
[9.518s] INFO:colcon.colcon_core.shell:Creating environment descriptor '/home/leader/ros2_ws/install/alphabot2_interfaces/share/alphabot2_interfaces/hook/ld_library_path_lib.dsv'
[9.523s] INFO:colcon.colcon_core.shell:Creating environment hook '/home/leader/ros2_ws/install/alphabot2_interfaces/share/alphabot2_interfaces/hook/ld_library_path_lib.sh'
[9.529s] Level 1:colcon.colcon_core.environment:checking '/home/leader/ros2_ws/install/alphabot2_interfaces/bin'
[9.529s] Level 1:colcon.colcon_core.environment:checking '/home/leader/ros2_ws/install/alphabot2_interfaces/lib/pkgconfig/alphabot2_interfaces.pc'
[9.531s] Level 1:colcon.colcon_core.environment:checking '/home/leader/ros2_ws/install/alphabot2_interfaces/lib/python3.10/site-packages'
[9.533s] Level 1:colcon.colcon_core.environment:checking '/home/leader/ros2_ws/install/alphabot2_interfaces/bin'
[9.535s] INFO:colcon.colcon_core.shell:Creating package script '/home/leader/ros2_ws/install/alphabot2_interfaces/share/alphabot2_interfaces/package.ps1'
[9.547s] INFO:colcon.colcon_core.shell:Creating package descriptor '/home/leader/ros2_ws/install/alphabot2_interfaces/share/alphabot2_interfaces/package.dsv'
[9.554s] INFO:colcon.colcon_core.shell:Creating package script '/home/leader/ros2_ws/install/alphabot2_interfaces/share/alphabot2_interfaces/package.sh'
[9.557s] INFO:colcon.colcon_core.shell:Creating package script '/home/leader/ros2_ws/install/alphabot2_interfaces/share/alphabot2_interfaces/package.bash'
[9.570s] INFO:colcon.colcon_core.shell:Creating package script '/home/leader/ros2_ws/install/alphabot2_interfaces/share/alphabot2_interfaces/package.zsh'
[9.573s] Level 1:colcon.colcon_core.environment:create_file_with_runtime_dependencies(/home/leader/ros2_ws/install/alphabot2_interfaces/share/colcon-core/packages/alphabot2_interfaces)
[9.579s] INFO:colcon.colcon_ros.task.ament_python.build:Building ROS package in '/home/leader/ros2_ws/src/alphabot2-ros2/alphabot2/alphabot2_leader' with build type 'ament_python'
[9.582s] Level 1:colcon.colcon_core.shell:create_environment_hook('alphabot2', 'ament_prefix_path')
[9.584s] INFO:colcon.colcon_core.shell:Creating environment hook '/home/leader/ros2_ws/install/alphabot2/share/alphabot2/hook/ament_prefix_path.ps1'
[9.590s] INFO:colcon.colcon_core.shell:Creating environment descriptor '/home/leader/ros2_ws/install/alphabot2/share/alphabot2/hook/ament_prefix_path.dsv'
[9.595s] INFO:colcon.colcon_core.shell:Creating environment hook '/home/leader/ros2_ws/install/alphabot2/share/alphabot2/hook/ament_prefix_path.sh'
[9.602s] INFO:colcon.colcon_core.shell:Skip shell extension 'powershell' for command environment: Not usable outside of PowerShell
[9.603s] DEBUG:colcon.colcon_core.shell:Skip shell extension 'dsv' for command environment
[11.900s] WARNING:colcon.colcon_ros.task.ament_python.build:Package 'alphabot2' doesn't explicitly install a marker in the package index (colcon-ros currently does it implicitly but that fallback will be removed in the future)
[11.902s] WARNING:colcon.colcon_ros.task.ament_python.build:Package 'alphabot2' doesn't explicitly install the 'package.xml' file (colcon-ros currently does it implicitly but that fallback will be removed in the future)
[11.907s] INFO:colcon.colcon_core.task.python.build:Building Python package in '/home/leader/ros2_ws/src/alphabot2-ros2/alphabot2/alphabot2_leader'
[11.909s] INFO:colcon.colcon_core.shell:Skip shell extension 'powershell' for command environment: Not usable outside of PowerShell
[11.909s] DEBUG:colcon.colcon_core.shell:Skip shell extension 'dsv' for command environment
[15.100s] DEBUG:colcon.colcon_core.event_handler.log_command:Invoking command in '/home/leader/ros2_ws/src/alphabot2-ros2/alphabot2/alphabot2_leader': AMENT_PREFIX_PATH=/home/leader/ros2_ws/install/alphabot2_interfaces:${AMENT_PREFIX_PATH} CMAKE_PREFIX_PATH=/home/leader/ros2_ws/install/alphabot2_interfaces LD_LIBRARY_PATH=/home/leader/ros2_ws/install/alphabot2_interfaces/lib:${LD_LIBRARY_PATH} PYTHONPATH=/home/leader/ros2_ws/build/alphabot2/prefix_override:/usr/lib/python3/dist-packages/colcon_core/task/python/colcon_distutils_commands:/home/leader/ros2_ws/install/alphabot2/lib/python3.10/site-packages:/home/leader/ros2_ws/install/alphabot2_interfaces/local/lib/python3.10/dist-packages:${PYTHONPATH} /usr/bin/python3 -W ignore:setup.py install is deprecated -W ignore:easy_install command is deprecated setup.py egg_info --egg-base ../../../../build/alphabot2 build --build-base /home/leader/ros2_ws/build/alphabot2/build install --record /home/leader/ros2_ws/build/alphabot2/install.log --install-scripts $base/lib/alphabot2 --single-version-externally-managed install_data
[17.787s] Level 1:colcon.colcon_core.environment:checking '/home/leader/ros2_ws/install/alphabot2' for CMake module files
[17.792s] Level 1:colcon.colcon_core.environment:checking '/home/leader/ros2_ws/install/alphabot2' for CMake config files
[17.803s] DEBUG:colcon.colcon_core.event_handler.log_command:Invoked command in '/home/leader/ros2_ws/src/alphabot2-ros2/alphabot2/alphabot2_leader' returned '0': AMENT_PREFIX_PATH=/home/leader/ros2_ws/install/alphabot2_interfaces:${AMENT_PREFIX_PATH} CMAKE_PREFIX_PATH=/home/leader/ros2_ws/install/alphabot2_interfaces LD_LIBRARY_PATH=/home/leader/ros2_ws/install/alphabot2_interfaces/lib:${LD_LIBRARY_PATH} PYTHONPATH=/home/leader/ros2_ws/build/alphabot2/prefix_override:/usr/lib/python3/dist-packages/colcon_core/task/python/colcon_distutils_commands:/home/leader/ros2_ws/install/alphabot2/lib/python3.10/site-packages:/home/leader/ros2_ws/install/alphabot2_interfaces/local/lib/python3.10/dist-packages:${PYTHONPATH} /usr/bin/python3 -W ignore:setup.py install is deprecated -W ignore:easy_install command is deprecated setup.py egg_info --egg-base ../../../../build/alphabot2 build --build-base /home/leader/ros2_ws/build/alphabot2/build install --record /home/leader/ros2_ws/build/alphabot2/install.log --install-scripts $base/lib/alphabot2 --single-version-externally-managed install_data
[17.809s] Level 1:colcon.colcon_core.environment:checking '/home/leader/ros2_ws/install/alphabot2/lib'
[17.811s] Level 1:colcon.colcon_core.environment:checking '/home/leader/ros2_ws/install/alphabot2/bin'
[17.817s] Level 1:colcon.colcon_core.environment:checking '/home/leader/ros2_ws/install/alphabot2/lib/pkgconfig/alphabot2.pc'
[17.820s] Level 1:colcon.colcon_core.environment:checking '/home/leader/ros2_ws/install/alphabot2/lib/python3.10/site-packages'
[17.822s] Level 1:colcon.colcon_core.shell:create_environment_hook('alphabot2', 'pythonpath')
[17.825s] INFO:colcon.colcon_core.shell:Creating environment hook '/home/leader/ros2_ws/install/alphabot2/share/alphabot2/hook/pythonpath.ps1'
[17.833s] INFO:colcon.colcon_core.shell:Creating environment descriptor '/home/leader/ros2_ws/install/alphabot2/share/alphabot2/hook/pythonpath.dsv'
[17.838s] INFO:colcon.colcon_core.shell:Creating environment hook '/home/leader/ros2_ws/install/alphabot2/share/alphabot2/hook/pythonpath.sh'
[17.847s] Level 1:colcon.colcon_core.environment:checking '/home/leader/ros2_ws/install/alphabot2/bin'
[17.848s] Level 1:colcon.colcon_core.environment:create_environment_scripts_only(alphabot2)
[17.850s] INFO:colcon.colcon_core.shell:Creating package script '/home/leader/ros2_ws/install/alphabot2/share/alphabot2/package.ps1'
[17.858s] INFO:colcon.colcon_core.shell:Creating package descriptor '/home/leader/ros2_ws/install/alphabot2/share/alphabot2/package.dsv'
[17.865s] INFO:colcon.colcon_core.shell:Creating package script '/home/leader/ros2_ws/install/alphabot2/share/alphabot2/package.sh'
[17.869s] INFO:colcon.colcon_core.shell:Creating package script '/home/leader/ros2_ws/install/alphabot2/share/alphabot2/package.bash'
[17.873s] INFO:colcon.colcon_core.shell:Creating package script '/home/leader/ros2_ws/install/alphabot2/share/alphabot2/package.zsh'
[17.877s] Level 1:colcon.colcon_core.environment:create_file_with_runtime_dependencies(/home/leader/ros2_ws/install/alphabot2/share/colcon-core/packages/alphabot2)
[17.892s] DEBUG:colcon.colcon_parallel_executor.executor.parallel:closing loop
[17.896s] DEBUG:colcon.colcon_parallel_executor.executor.parallel:loop closed
[17.896s] DEBUG:colcon.colcon_parallel_executor.executor.parallel:run_until_complete finished with '0'
[17.897s] DEBUG:colcon.colcon_core.event_reactor:joining thread
[17.904s] DEBUG:colcon.colcon_core.event_reactor:joined thread
[17.906s] INFO:colcon.colcon_core.shell:Creating prefix script '/home/leader/ros2_ws/install/local_setup.ps1'
[17.930s] INFO:colcon.colcon_core.shell:Creating prefix util module '/home/leader/ros2_ws/install/_local_setup_util_ps1.py'
[17.960s] INFO:colcon.colcon_core.shell:Creating prefix chain script '/home/leader/ros2_ws/install/setup.ps1'
[17.975s] INFO:colcon.colcon_core.shell:Creating prefix script '/home/leader/ros2_ws/install/local_setup.sh'
[17.983s] INFO:colcon.colcon_core.shell:Creating prefix util module '/home/leader/ros2_ws/install/_local_setup_util_sh.py'
[17.990s] INFO:colcon.colcon_core.shell:Creating prefix chain script '/home/leader/ros2_ws/install/setup.sh'
[17.999s] INFO:colcon.colcon_core.shell:Creating prefix script '/home/leader/ros2_ws/install/local_setup.bash'
[18.011s] INFO:colcon.colcon_core.shell:Creating prefix chain script '/home/leader/ros2_ws/install/setup.bash'
[18.024s] INFO:colcon.colcon_core.shell:Creating prefix script '/home/leader/ros2_ws/install/local_setup.zsh'
[18.030s] INFO:colcon.colcon_core.shell:Creating prefix chain script '/home/leader/ros2_ws/install/setup.zsh'
