[0.430s] DEBUG:colcon:Command line arguments: ['/usr/bin/colcon', 'build']
[0.431s] DEBUG:colcon:Parsed command line arguments: Namespace(log_base=None, log_level=None, verb_name='build', build_base='build', install_base='install', merge_install=False, symlink_install=False, test_result_base=None, continue_on_error=False, executor='parallel', parallel_workers=4, event_handlers=None, ignore_user_meta=False, metas=['./colcon.meta'], base_paths=['.'], packages_ignore=None, packages_ignore_regex=None, paths=None, packages_up_to=None, packages_up_to_regex=None, packages_above=None, packages_above_and_dependencies=None, packages_above_depth=None, packages_select_by_dep=None, packages_skip_by_dep=None, packages_skip_up_to=None, packages_select_build_failed=False, packages_skip_build_finished=False, packages_select_test_failures=False, packages_skip_test_passed=False, packages_select=None, packages_skip=None, packages_select_regex=None, packages_skip_regex=None, packages_start=None, packages_end=None, allow_overriding=[], cmake_args=None, cmake_target=None, cmake_target_skip_unavailable=False, cmake_clean_cache=False, cmake_clean_first=False, cmake_force_configure=False, ament_cmake_args=None, catkin_cmake_args=None, catkin_skip_building_tests=False, verb_parser=<colcon_defaults.argument_parser.defaults.DefaultArgumentsDecorator object at 0xffff91176ad0>, verb_extension=<colcon_core.verb.build.BuildVerb object at 0xffff9130ffa0>, main=<bound method BuildVerb.main of <colcon_core.verb.build.BuildVerb object at 0xffff9130ffa0>>)
[1.208s] Level 1:colcon.colcon_core.package_discovery:discover_packages(colcon_meta) check parameters
[1.209s] Level 1:colcon.colcon_core.package_discovery:discover_packages(recursive) check parameters
[1.209s] Level 1:colcon.colcon_core.package_discovery:discover_packages(ignore) check parameters
[1.209s] Level 1:colcon.colcon_core.package_discovery:discover_packages(path) check parameters
[1.209s] Level 1:colcon.colcon_core.package_discovery:discover_packages(colcon_meta) discover
[1.210s] Level 1:colcon.colcon_core.package_discovery:discover_packages(recursive) discover
[1.210s] INFO:colcon.colcon_core.package_discovery:Crawling recursively for packages in '/home/leader/ros2_ws'
[1.210s] Level 1:colcon.colcon_core.package_identification:_identify(.) by extensions ['ignore', 'ignore_ament_install']
[1.211s] Level 1:colcon.colcon_core.package_identification:_identify(.) by extension 'ignore'
[1.211s] Level 1:colcon.colcon_core.package_identification:_identify(.) by extension 'ignore_ament_install'
[1.211s] Level 1:colcon.colcon_core.package_identification:_identify(.) by extensions ['colcon_pkg']
[1.211s] Level 1:colcon.colcon_core.package_identification:_identify(.) by extension 'colcon_pkg'
[1.212s] Level 1:colcon.colcon_core.package_identification:_identify(.) by extensions ['colcon_meta']
[1.212s] Level 1:colcon.colcon_core.package_identification:_identify(.) by extension 'colcon_meta'
[1.212s] Level 1:colcon.colcon_core.package_identification:_identify(.) by extensions ['ros']
[1.212s] Level 1:colcon.colcon_core.package_identification:_identify(.) by extension 'ros'
[1.259s] Level 1:colcon.colcon_core.package_identification:_identify(.) by extensions ['cmake', 'python']
[1.259s] Level 1:colcon.colcon_core.package_identification:_identify(.) by extension 'cmake'
[1.259s] Level 1:colcon.colcon_core.package_identification:_identify(.) by extension 'python'
[1.259s] Level 1:colcon.colcon_core.package_identification:_identify(.) by extensions ['python_setup_py']
[1.260s] Level 1:colcon.colcon_core.package_identification:_identify(.) by extension 'python_setup_py'
[1.260s] Level 1:colcon.colcon_core.package_identification:_identify(build) by extensions ['ignore', 'ignore_ament_install']
[1.260s] Level 1:colcon.colcon_core.package_identification:_identify(build) by extension 'ignore'
[1.261s] Level 1:colcon.colcon_core.package_identification:_identify(build) ignored
[1.261s] Level 1:colcon.colcon_core.package_identification:_identify(install) by extensions ['ignore', 'ignore_ament_install']
[1.261s] Level 1:colcon.colcon_core.package_identification:_identify(install) by extension 'ignore'
[1.262s] Level 1:colcon.colcon_core.package_identification:_identify(install) ignored
[1.262s] Level 1:colcon.colcon_core.package_identification:_identify(log) by extensions ['ignore', 'ignore_ament_install']
[1.263s] Level 1:colcon.colcon_core.package_identification:_identify(log) by extension 'ignore'
[1.263s] Level 1:colcon.colcon_core.package_identification:_identify(log) ignored
[1.263s] Level 1:colcon.colcon_core.package_identification:_identify(src) by extensions ['ignore', 'ignore_ament_install']
[1.264s] Level 1:colcon.colcon_core.package_identification:_identify(src) by extension 'ignore'
[1.264s] Level 1:colcon.colcon_core.package_identification:_identify(src) by extension 'ignore_ament_install'
[1.264s] Level 1:colcon.colcon_core.package_identification:_identify(src) by extensions ['colcon_pkg']
[1.264s] Level 1:colcon.colcon_core.package_identification:_identify(src) by extension 'colcon_pkg'
[1.265s] Level 1:colcon.colcon_core.package_identification:_identify(src) by extensions ['colcon_meta']
[1.265s] Level 1:colcon.colcon_core.package_identification:_identify(src) by extension 'colcon_meta'
[1.265s] Level 1:colcon.colcon_core.package_identification:_identify(src) by extensions ['ros']
[1.265s] Level 1:colcon.colcon_core.package_identification:_identify(src) by extension 'ros'
[1.265s] Level 1:colcon.colcon_core.package_identification:_identify(src) by extensions ['cmake', 'python']
[1.265s] Level 1:colcon.colcon_core.package_identification:_identify(src) by extension 'cmake'
[1.266s] Level 1:colcon.colcon_core.package_identification:_identify(src) by extension 'python'
[1.266s] Level 1:colcon.colcon_core.package_identification:_identify(src) by extensions ['python_setup_py']
[1.266s] Level 1:colcon.colcon_core.package_identification:_identify(src) by extension 'python_setup_py'
[1.266s] Level 1:colcon.colcon_core.package_identification:_identify(src/alphabot2-ros2) by extensions ['ignore', 'ignore_ament_install']
[1.267s] Level 1:colcon.colcon_core.package_identification:_identify(src/alphabot2-ros2) by extension 'ignore'
[1.267s] Level 1:colcon.colcon_core.package_identification:_identify(src/alphabot2-ros2) by extension 'ignore_ament_install'
[1.268s] Level 1:colcon.colcon_core.package_identification:_identify(src/alphabot2-ros2) by extensions ['colcon_pkg']
[1.268s] Level 1:colcon.colcon_core.package_identification:_identify(src/alphabot2-ros2) by extension 'colcon_pkg'
[1.268s] Level 1:colcon.colcon_core.package_identification:_identify(src/alphabot2-ros2) by extensions ['colcon_meta']
[1.269s] Level 1:colcon.colcon_core.package_identification:_identify(src/alphabot2-ros2) by extension 'colcon_meta'
[1.269s] Level 1:colcon.colcon_core.package_identification:_identify(src/alphabot2-ros2) by extensions ['ros']
[1.269s] Level 1:colcon.colcon_core.package_identification:_identify(src/alphabot2-ros2) by extension 'ros'
[1.269s] Level 1:colcon.colcon_core.package_identification:_identify(src/alphabot2-ros2) by extensions ['cmake', 'python']
[1.269s] Level 1:colcon.colcon_core.package_identification:_identify(src/alphabot2-ros2) by extension 'cmake'
[1.270s] Level 1:colcon.colcon_core.package_identification:_identify(src/alphabot2-ros2) by extension 'python'
[1.270s] Level 1:colcon.colcon_core.package_identification:_identify(src/alphabot2-ros2) by extensions ['python_setup_py']
[1.270s] Level 1:colcon.colcon_core.package_identification:_identify(src/alphabot2-ros2) by extension 'python_setup_py'
[1.270s] Level 1:colcon.colcon_core.package_identification:_identify(src/alphabot2-ros2/alphabot2) by extensions ['ignore', 'ignore_ament_install']
[1.271s] Level 1:colcon.colcon_core.package_identification:_identify(src/alphabot2-ros2/alphabot2) by extension 'ignore'
[1.271s] Level 1:colcon.colcon_core.package_identification:_identify(src/alphabot2-ros2/alphabot2) by extension 'ignore_ament_install'
[1.271s] Level 1:colcon.colcon_core.package_identification:_identify(src/alphabot2-ros2/alphabot2) by extensions ['colcon_pkg']
[1.271s] Level 1:colcon.colcon_core.package_identification:_identify(src/alphabot2-ros2/alphabot2) by extension 'colcon_pkg'
[1.272s] Level 1:colcon.colcon_core.package_identification:_identify(src/alphabot2-ros2/alphabot2) by extensions ['colcon_meta']
[1.272s] Level 1:colcon.colcon_core.package_identification:_identify(src/alphabot2-ros2/alphabot2) by extension 'colcon_meta'
[1.272s] Level 1:colcon.colcon_core.package_identification:_identify(src/alphabot2-ros2/alphabot2) by extensions ['ros']
[1.272s] Level 1:colcon.colcon_core.package_identification:_identify(src/alphabot2-ros2/alphabot2) by extension 'ros'
[1.272s] Level 1:colcon.colcon_core.package_identification:_identify(src/alphabot2-ros2/alphabot2) by extensions ['cmake', 'python']
[1.273s] Level 1:colcon.colcon_core.package_identification:_identify(src/alphabot2-ros2/alphabot2) by extension 'cmake'
[1.273s] Level 1:colcon.colcon_core.package_identification:_identify(src/alphabot2-ros2/alphabot2) by extension 'python'
[1.273s] Level 1:colcon.colcon_core.package_identification:_identify(src/alphabot2-ros2/alphabot2) by extensions ['python_setup_py']
[1.273s] Level 1:colcon.colcon_core.package_identification:_identify(src/alphabot2-ros2/alphabot2) by extension 'python_setup_py'
[1.274s] Level 1:colcon.colcon_core.package_identification:_identify(src/alphabot2-ros2/alphabot2/alphabot2_leader) by extensions ['ignore', 'ignore_ament_install']
[1.274s] Level 1:colcon.colcon_core.package_identification:_identify(src/alphabot2-ros2/alphabot2/alphabot2_leader) by extension 'ignore'
[1.274s] Level 1:colcon.colcon_core.package_identification:_identify(src/alphabot2-ros2/alphabot2/alphabot2_leader) by extension 'ignore_ament_install'
[1.275s] Level 1:colcon.colcon_core.package_identification:_identify(src/alphabot2-ros2/alphabot2/alphabot2_leader) by extensions ['colcon_pkg']
[1.275s] Level 1:colcon.colcon_core.package_identification:_identify(src/alphabot2-ros2/alphabot2/alphabot2_leader) by extension 'colcon_pkg'
[1.275s] Level 1:colcon.colcon_core.package_identification:_identify(src/alphabot2-ros2/alphabot2/alphabot2_leader) by extensions ['colcon_meta']
[1.275s] Level 1:colcon.colcon_core.package_identification:_identify(src/alphabot2-ros2/alphabot2/alphabot2_leader) by extension 'colcon_meta'
[1.275s] Level 1:colcon.colcon_core.package_identification:_identify(src/alphabot2-ros2/alphabot2/alphabot2_leader) by extensions ['ros']
[1.275s] Level 1:colcon.colcon_core.package_identification:_identify(src/alphabot2-ros2/alphabot2/alphabot2_leader) by extension 'ros'
[1.284s] DEBUG:colcon.colcon_core.package_identification:Package 'src/alphabot2-ros2/alphabot2/alphabot2_leader' with type 'ros.ament_python' and name 'alphabot2'
[1.284s] Level 1:colcon.colcon_core.package_identification:_identify(src/alphabot2-ros2/alphabot2_interfaces) by extensions ['ignore', 'ignore_ament_install']
[1.285s] Level 1:colcon.colcon_core.package_identification:_identify(src/alphabot2-ros2/alphabot2_interfaces) by extension 'ignore'
[1.285s] Level 1:colcon.colcon_core.package_identification:_identify(src/alphabot2-ros2/alphabot2_interfaces) by extension 'ignore_ament_install'
[1.286s] Level 1:colcon.colcon_core.package_identification:_identify(src/alphabot2-ros2/alphabot2_interfaces) by extensions ['colcon_pkg']
[1.286s] Level 1:colcon.colcon_core.package_identification:_identify(src/alphabot2-ros2/alphabot2_interfaces) by extension 'colcon_pkg'
[1.286s] Level 1:colcon.colcon_core.package_identification:_identify(src/alphabot2-ros2/alphabot2_interfaces) by extensions ['colcon_meta']
[1.286s] Level 1:colcon.colcon_core.package_identification:_identify(src/alphabot2-ros2/alphabot2_interfaces) by extension 'colcon_meta'
[1.287s] Level 1:colcon.colcon_core.package_identification:_identify(src/alphabot2-ros2/alphabot2_interfaces) by extensions ['ros']
[1.287s] Level 1:colcon.colcon_core.package_identification:_identify(src/alphabot2-ros2/alphabot2_interfaces) by extension 'ros'
[1.289s] DEBUG:colcon.colcon_core.package_identification:Package 'src/alphabot2-ros2/alphabot2_interfaces' with type 'ros.ament_cmake' and name 'alphabot2_interfaces'
[1.290s] Level 1:colcon.colcon_core.package_identification:_identify(src/alphabot2-ros2/docs) by extensions ['ignore', 'ignore_ament_install']
[1.290s] Level 1:colcon.colcon_core.package_identification:_identify(src/alphabot2-ros2/docs) by extension 'ignore'
[1.291s] Level 1:colcon.colcon_core.package_identification:_identify(src/alphabot2-ros2/docs) by extension 'ignore_ament_install'
[1.291s] Level 1:colcon.colcon_core.package_identification:_identify(src/alphabot2-ros2/docs) by extensions ['colcon_pkg']
[1.291s] Level 1:colcon.colcon_core.package_identification:_identify(src/alphabot2-ros2/docs) by extension 'colcon_pkg'
[1.291s] Level 1:colcon.colcon_core.package_identification:_identify(src/alphabot2-ros2/docs) by extensions ['colcon_meta']
[1.291s] Level 1:colcon.colcon_core.package_identification:_identify(src/alphabot2-ros2/docs) by extension 'colcon_meta'
[1.292s] Level 1:colcon.colcon_core.package_identification:_identify(src/alphabot2-ros2/docs) by extensions ['ros']
[1.292s] Level 1:colcon.colcon_core.package_identification:_identify(src/alphabot2-ros2/docs) by extension 'ros'
[1.292s] Level 1:colcon.colcon_core.package_identification:_identify(src/alphabot2-ros2/docs) by extensions ['cmake', 'python']
[1.292s] Level 1:colcon.colcon_core.package_identification:_identify(src/alphabot2-ros2/docs) by extension 'cmake'
[1.292s] Level 1:colcon.colcon_core.package_identification:_identify(src/alphabot2-ros2/docs) by extension 'python'
[1.293s] Level 1:colcon.colcon_core.package_identification:_identify(src/alphabot2-ros2/docs) by extensions ['python_setup_py']
[1.293s] Level 1:colcon.colcon_core.package_identification:_identify(src/alphabot2-ros2/docs) by extension 'python_setup_py'
[1.293s] Level 1:colcon.colcon_core.package_discovery:discover_packages(recursive) using defaults
[1.293s] Level 1:colcon.colcon_core.package_discovery:discover_packages(ignore) discover
[1.293s] Level 1:colcon.colcon_core.package_discovery:discover_packages(ignore) using defaults
[1.294s] Level 1:colcon.colcon_core.package_discovery:discover_packages(path) discover
[1.294s] Level 1:colcon.colcon_core.package_discovery:discover_packages(path) using defaults
[1.372s] Level 1:colcon.colcon_core.package_discovery:discover_packages(prefix_path) check parameters
[1.373s] Level 1:colcon.colcon_core.package_discovery:discover_packages(prefix_path) discover
[1.390s] DEBUG:colcon.colcon_installed_package_information.package_discovery:Found 273 installed packages in /opt/ros/humble
[1.401s] Level 1:colcon.colcon_core.package_discovery:discover_packages(prefix_path) using defaults
[1.645s] Level 5:colcon.colcon_core.verb:set package 'alphabot2_interfaces' build argument 'cmake_args' from command line to 'None'
[1.645s] Level 5:colcon.colcon_core.verb:set package 'alphabot2_interfaces' build argument 'cmake_target' from command line to 'None'
[1.646s] Level 5:colcon.colcon_core.verb:set package 'alphabot2_interfaces' build argument 'cmake_target_skip_unavailable' from command line to 'False'
[1.646s] Level 5:colcon.colcon_core.verb:set package 'alphabot2_interfaces' build argument 'cmake_clean_cache' from command line to 'False'
[1.646s] Level 5:colcon.colcon_core.verb:set package 'alphabot2_interfaces' build argument 'cmake_clean_first' from command line to 'False'
[1.646s] Level 5:colcon.colcon_core.verb:set package 'alphabot2_interfaces' build argument 'cmake_force_configure' from command line to 'False'
[1.646s] Level 5:colcon.colcon_core.verb:set package 'alphabot2_interfaces' build argument 'ament_cmake_args' from command line to 'None'
[1.646s] Level 5:colcon.colcon_core.verb:set package 'alphabot2_interfaces' build argument 'catkin_cmake_args' from command line to 'None'
[1.646s] Level 5:colcon.colcon_core.verb:set package 'alphabot2_interfaces' build argument 'catkin_skip_building_tests' from command line to 'False'
[1.647s] DEBUG:colcon.colcon_core.verb:Building package 'alphabot2_interfaces' with the following arguments: {'ament_cmake_args': None, 'build_base': '/home/leader/ros2_ws/build/alphabot2_interfaces', 'catkin_cmake_args': None, 'catkin_skip_building_tests': False, 'cmake_args': None, 'cmake_clean_cache': False, 'cmake_clean_first': False, 'cmake_force_configure': False, 'cmake_target': None, 'cmake_target_skip_unavailable': False, 'install_base': '/home/leader/ros2_ws/install/alphabot2_interfaces', 'merge_install': False, 'path': '/home/leader/ros2_ws/src/alphabot2-ros2/alphabot2_interfaces', 'symlink_install': False, 'test_result_base': None}
[1.648s] Level 5:colcon.colcon_core.verb:set package 'alphabot2' build argument 'cmake_args' from command line to 'None'
[1.648s] Level 5:colcon.colcon_core.verb:set package 'alphabot2' build argument 'cmake_target' from command line to 'None'
[1.648s] Level 5:colcon.colcon_core.verb:set package 'alphabot2' build argument 'cmake_target_skip_unavailable' from command line to 'False'
[1.649s] Level 5:colcon.colcon_core.verb:set package 'alphabot2' build argument 'cmake_clean_cache' from command line to 'False'
[1.649s] Level 5:colcon.colcon_core.verb:set package 'alphabot2' build argument 'cmake_clean_first' from command line to 'False'
[1.649s] Level 5:colcon.colcon_core.verb:set package 'alphabot2' build argument 'cmake_force_configure' from command line to 'False'
[1.649s] Level 5:colcon.colcon_core.verb:set package 'alphabot2' build argument 'ament_cmake_args' from command line to 'None'
[1.649s] Level 5:colcon.colcon_core.verb:set package 'alphabot2' build argument 'catkin_cmake_args' from command line to 'None'
[1.649s] Level 5:colcon.colcon_core.verb:set package 'alphabot2' build argument 'catkin_skip_building_tests' from command line to 'False'
[1.649s] DEBUG:colcon.colcon_core.verb:Building package 'alphabot2' with the following arguments: {'ament_cmake_args': None, 'build_base': '/home/leader/ros2_ws/build/alphabot2', 'catkin_cmake_args': None, 'catkin_skip_building_tests': False, 'cmake_args': None, 'cmake_clean_cache': False, 'cmake_clean_first': False, 'cmake_force_configure': False, 'cmake_target': None, 'cmake_target_skip_unavailable': False, 'install_base': '/home/leader/ros2_ws/install/alphabot2', 'merge_install': False, 'path': '/home/leader/ros2_ws/src/alphabot2-ros2/alphabot2/alphabot2_leader', 'symlink_install': False, 'test_result_base': None}
[1.650s] INFO:colcon.colcon_core.executor:Executing jobs using 'parallel' executor
[1.653s] DEBUG:colcon.colcon_parallel_executor.executor.parallel:run_until_complete
[1.655s] INFO:colcon.colcon_ros.task.ament_cmake.build:Building ROS package in '/home/leader/ros2_ws/src/alphabot2-ros2/alphabot2_interfaces' with build type 'ament_cmake'
[1.655s] INFO:colcon.colcon_cmake.task.cmake.build:Building CMake package in '/home/leader/ros2_ws/src/alphabot2-ros2/alphabot2_interfaces'
[1.682s] INFO:colcon.colcon_core.plugin_system:Skipping extension 'colcon_core.shell.bat': Not used on non-Windows systems
[1.683s] INFO:colcon.colcon_core.shell:Skip shell extension 'powershell' for command environment: Not usable outside of PowerShell
[1.683s] DEBUG:colcon.colcon_core.shell:Skip shell extension 'dsv' for command environment
[1.715s] DEBUG:colcon.colcon_core.event_handler.log_command:Invoking command in '/home/leader/ros2_ws/build/alphabot2_interfaces': CMAKE_PREFIX_PATH=/opt/ros/humble /usr/bin/cmake /home/leader/ros2_ws/src/alphabot2-ros2/alphabot2_interfaces -DCMAKE_INSTALL_PREFIX=/home/leader/ros2_ws/install/alphabot2_interfaces
[4.166s] DEBUG:colcon.colcon_core.event_handler.log_command:Invoked command in '/home/leader/ros2_ws/build/alphabot2_interfaces' returned '1': CMAKE_PREFIX_PATH=/opt/ros/humble /usr/bin/cmake /home/leader/ros2_ws/src/alphabot2-ros2/alphabot2_interfaces -DCMAKE_INSTALL_PREFIX=/home/leader/ros2_ws/install/alphabot2_interfaces
[4.217s] Level 1:colcon.colcon_core.environment:create_environment_scripts_only(alphabot2_interfaces)
[4.246s] Level 1:colcon.colcon_core.environment:checking '/home/leader/ros2_ws/install/alphabot2_interfaces' for CMake module files
[4.249s] Level 1:colcon.colcon_core.environment:checking '/home/leader/ros2_ws/install/alphabot2_interfaces' for CMake config files
[4.251s] Level 1:colcon.colcon_core.environment:checking '/home/leader/ros2_ws/install/alphabot2_interfaces/bin'
[4.252s] Level 1:colcon.colcon_core.environment:checking '/home/leader/ros2_ws/install/alphabot2_interfaces/lib/pkgconfig/alphabot2_interfaces.pc'
[4.254s] Level 1:colcon.colcon_core.environment:checking '/home/leader/ros2_ws/install/alphabot2_interfaces/lib/python3.10/site-packages'
[4.256s] Level 1:colcon.colcon_core.environment:checking '/home/leader/ros2_ws/install/alphabot2_interfaces/bin'
[4.258s] INFO:colcon.colcon_core.shell:Creating package script '/home/leader/ros2_ws/install/alphabot2_interfaces/share/alphabot2_interfaces/package.ps1'
[4.272s] INFO:colcon.colcon_core.shell:Creating package descriptor '/home/leader/ros2_ws/install/alphabot2_interfaces/share/alphabot2_interfaces/package.dsv'
[4.277s] INFO:colcon.colcon_core.shell:Creating package script '/home/leader/ros2_ws/install/alphabot2_interfaces/share/alphabot2_interfaces/package.sh'
[4.284s] INFO:colcon.colcon_core.shell:Creating package script '/home/leader/ros2_ws/install/alphabot2_interfaces/share/alphabot2_interfaces/package.bash'
[4.291s] INFO:colcon.colcon_core.shell:Creating package script '/home/leader/ros2_ws/install/alphabot2_interfaces/share/alphabot2_interfaces/package.zsh'
[4.299s] Level 1:colcon.colcon_core.environment:create_file_with_runtime_dependencies(/home/leader/ros2_ws/install/alphabot2_interfaces/share/colcon-core/packages/alphabot2_interfaces)
[4.307s] DEBUG:colcon.colcon_parallel_executor.executor.parallel:closing loop
[4.309s] DEBUG:colcon.colcon_parallel_executor.executor.parallel:loop closed
[4.310s] DEBUG:colcon.colcon_parallel_executor.executor.parallel:run_until_complete finished with '1'
[4.314s] DEBUG:colcon.colcon_core.event_reactor:joining thread
[4.318s] DEBUG:colcon.colcon_core.event_reactor:joined thread
[4.319s] INFO:colcon.colcon_core.shell:Creating prefix script '/home/leader/ros2_ws/install/local_setup.ps1'
[4.329s] INFO:colcon.colcon_core.shell:Creating prefix util module '/home/leader/ros2_ws/install/_local_setup_util_ps1.py'
[4.340s] INFO:colcon.colcon_core.shell:Creating prefix chain script '/home/leader/ros2_ws/install/setup.ps1'
[4.347s] INFO:colcon.colcon_core.shell:Creating prefix script '/home/leader/ros2_ws/install/local_setup.sh'
[4.351s] INFO:colcon.colcon_core.shell:Creating prefix util module '/home/leader/ros2_ws/install/_local_setup_util_sh.py'
[4.355s] INFO:colcon.colcon_core.shell:Creating prefix chain script '/home/leader/ros2_ws/install/setup.sh'
[4.363s] INFO:colcon.colcon_core.shell:Creating prefix script '/home/leader/ros2_ws/install/local_setup.bash'
[4.366s] INFO:colcon.colcon_core.shell:Creating prefix chain script '/home/leader/ros2_ws/install/setup.bash'
[4.371s] INFO:colcon.colcon_core.shell:Creating prefix script '/home/leader/ros2_ws/install/local_setup.zsh'
[4.375s] INFO:colcon.colcon_core.shell:Creating prefix chain script '/home/leader/ros2_ws/install/setup.zsh'
