[4.260s] Invoking command in '/home/leader/ros2_ws/src/alphabot2-ros2/alphabot2/alphabot2_leader': AMENT_PREFIX_PATH=/home/leader/ros2_ws/install/alphabot2_interfaces:${AMENT_PREFIX_PATH} CMAKE_PREFIX_PATH=/home/leader/ros2_ws/install/alphabot2_interfaces LD_LIBRARY_PATH=/home/leader/ros2_ws/install/alphabot2_interfaces/lib:${LD_LIBRARY_PATH} PYTHONPATH=/home/leader/ros2_ws/build/alphabot2/prefix_override:/usr/lib/python3/dist-packages/colcon_core/task/python/colcon_distutils_commands:/home/leader/ros2_ws/install/alphabot2/lib/python3.10/site-packages:/home/leader/ros2_ws/install/alphabot2_interfaces/local/lib/python3.10/dist-packages:${PYTHONPATH} /usr/bin/python3 -W ignore:setup.py install is deprecated -W ignore:easy_install command is deprecated setup.py egg_info --egg-base ../../../../build/alphabot2 build --build-base /home/leader/ros2_ws/build/alphabot2/build install --record /home/leader/ros2_ws/build/alphabot2/install.log --install-scripts $base/lib/alphabot2 --single-version-externally-managed install_data
[5.667s] /usr/lib/python3/dist-packages/setuptools/dist.py:723: UserWarning: Usage of dash-separated 'script-dir' will not be supported in future versions. Please use the underscore name 'script_dir' instead
[5.668s]   warnings.warn(
[5.707s] running egg_info
[5.710s] writing ../../../../build/alphabot2/alphabot2_leader.egg-info/PKG-INFO
[5.713s] writing dependency_links to ../../../../build/alphabot2/alphabot2_leader.egg-info/dependency_links.txt
[5.713s] writing entry points to ../../../../build/alphabot2/alphabot2_leader.egg-info/entry_points.txt
[5.715s] writing requirements to ../../../../build/alphabot2/alphabot2_leader.egg-info/requires.txt
[5.716s] writing top-level names to ../../../../build/alphabot2/alphabot2_leader.egg-info/top_level.txt
[5.725s] reading manifest file '../../../../build/alphabot2/alphabot2_leader.egg-info/SOURCES.txt'
[5.729s] writing manifest file '../../../../build/alphabot2/alphabot2_leader.egg-info/SOURCES.txt'
[5.730s] running build
[5.731s] running build_py
[5.734s] running install
[5.736s] running install_lib
[5.743s] running install_data
[5.744s] running install_egg_info
[5.752s] removing '/home/leader/ros2_ws/install/alphabot2/lib/python3.10/site-packages/alphabot2_leader-0.0.0-py3.10.egg-info' (and everything under it)
[5.754s] Copying ../../../../build/alphabot2/alphabot2_leader.egg-info to /home/leader/ros2_ws/install/alphabot2/lib/python3.10/site-packages/alphabot2_leader-0.0.0-py3.10.egg-info
[5.765s] running install_scripts
[5.851s] Installing IR_obstacle_sensors script to /home/leader/ros2_ws/install/alphabot2/lib/alphabot2
[5.852s] Installing QR_detector script to /home/leader/ros2_ws/install/alphabot2/lib/alphabot2
[5.853s] Installing leader script to /home/leader/ros2_ws/install/alphabot2/lib/alphabot2
[5.854s] Installing motion_driver script to /home/leader/ros2_ws/install/alphabot2/lib/alphabot2
[5.855s] Installing virtual_odometer script to /home/leader/ros2_ws/install/alphabot2/lib/alphabot2
[5.857s] writing list of installed files to '/home/leader/ros2_ws/build/alphabot2/install.log'
[5.991s] Invoked command in '/home/leader/ros2_ws/src/alphabot2-ros2/alphabot2/alphabot2_leader' returned '0': AMENT_PREFIX_PATH=/home/leader/ros2_ws/install/alphabot2_interfaces:${AMENT_PREFIX_PATH} CMAKE_PREFIX_PATH=/home/leader/ros2_ws/install/alphabot2_interfaces LD_LIBRARY_PATH=/home/leader/ros2_ws/install/alphabot2_interfaces/lib:${LD_LIBRARY_PATH} PYTHONPATH=/home/leader/ros2_ws/build/alphabot2/prefix_override:/usr/lib/python3/dist-packages/colcon_core/task/python/colcon_distutils_commands:/home/leader/ros2_ws/install/alphabot2/lib/python3.10/site-packages:/home/leader/ros2_ws/install/alphabot2_interfaces/local/lib/python3.10/dist-packages:${PYTHONPATH} /usr/bin/python3 -W ignore:setup.py install is deprecated -W ignore:easy_install command is deprecated setup.py egg_info --egg-base ../../../../build/alphabot2 build --build-base /home/leader/ros2_ws/build/alphabot2/build install --record /home/leader/ros2_ws/build/alphabot2/install.log --install-scripts $base/lib/alphabot2 --single-version-externally-managed install_data
