[3.007s] Invoking command in '/home/leader/ros2_ws/src/alphabot2-ros2/alphabot2/alphabot2_leader': PYTHONPATH=/home/leader/ros2_ws/build/alphabot2/prefix_override:/usr/lib/python3/dist-packages/colcon_core/task/python/colcon_distutils_commands:/home/leader/ros2_ws/install/alphabot2/lib/python3.10/site-packages:${PYTHONPATH} /usr/bin/python3 -W ignore:setup.py install is deprecated -W ignore:easy_install command is deprecated setup.py egg_info --egg-base ../../../../build/alphabot2 build --build-base /home/leader/ros2_ws/build/alphabot2/build install --record /home/leader/ros2_ws/build/alphabot2/install.log --install-scripts $base/lib/alphabot2 --single-version-externally-managed install_data
[4.165s] /usr/lib/python3/dist-packages/setuptools/dist.py:723: UserWarning: Usage of dash-separated 'script-dir' will not be supported in future versions. Please use the underscore name 'script_dir' instead
[4.165s]   warnings.warn(
[4.205s] running egg_info
[4.208s] writing ../../../../build/alphabot2/alphabot2_leader.egg-info/PKG-INFO
[4.209s] writing dependency_links to ../../../../build/alphabot2/alphabot2_leader.egg-info/dependency_links.txt
[4.211s] writing entry points to ../../../../build/alphabot2/alphabot2_leader.egg-info/entry_points.txt
[4.213s] writing requirements to ../../../../build/alphabot2/alphabot2_leader.egg-info/requires.txt
[4.214s] writing top-level names to ../../../../build/alphabot2/alphabot2_leader.egg-info/top_level.txt
[4.221s] reading manifest file '../../../../build/alphabot2/alphabot2_leader.egg-info/SOURCES.txt'
[4.225s] writing manifest file '../../../../build/alphabot2/alphabot2_leader.egg-info/SOURCES.txt'
[4.226s] running build
[4.227s] running build_py
[4.228s] copying alphabot2_leader/leader.py -> /home/leader/ros2_ws/build/alphabot2/build/lib/alphabot2_leader
[4.231s] running install
[4.232s] running install_lib
[4.238s] copying /home/leader/ros2_ws/build/alphabot2/build/lib/alphabot2_leader/leader.py -> /home/leader/ros2_ws/install/alphabot2/lib/python3.10/site-packages/alphabot2_leader
[4.240s] byte-compiling /home/leader/ros2_ws/install/alphabot2/lib/python3.10/site-packages/alphabot2_leader/leader.py to leader.cpython-310.pyc
[4.244s] running install_data
[4.245s] running install_egg_info
[4.254s] removing '/home/leader/ros2_ws/install/alphabot2/lib/python3.10/site-packages/alphabot2_leader-0.0.0-py3.10.egg-info' (and everything under it)
[4.256s] Copying ../../../../build/alphabot2/alphabot2_leader.egg-info to /home/leader/ros2_ws/install/alphabot2/lib/python3.10/site-packages/alphabot2_leader-0.0.0-py3.10.egg-info
[4.263s] running install_scripts
[4.351s] Installing IR_obstacle_sensors script to /home/leader/ros2_ws/install/alphabot2/lib/alphabot2
[4.352s] Installing QR_detector script to /home/leader/ros2_ws/install/alphabot2/lib/alphabot2
[4.353s] Installing leader script to /home/leader/ros2_ws/install/alphabot2/lib/alphabot2
[4.354s] Installing motion_driver script to /home/leader/ros2_ws/install/alphabot2/lib/alphabot2
[4.355s] Installing virtual_odometer script to /home/leader/ros2_ws/install/alphabot2/lib/alphabot2
[4.357s] writing list of installed files to '/home/leader/ros2_ws/build/alphabot2/install.log'
[4.488s] Invoked command in '/home/leader/ros2_ws/src/alphabot2-ros2/alphabot2/alphabot2_leader' returned '0': PYTHONPATH=/home/leader/ros2_ws/build/alphabot2/prefix_override:/usr/lib/python3/dist-packages/colcon_core/task/python/colcon_distutils_commands:/home/leader/ros2_ws/install/alphabot2/lib/python3.10/site-packages:${PYTHONPATH} /usr/bin/python3 -W ignore:setup.py install is deprecated -W ignore:easy_install command is deprecated setup.py egg_info --egg-base ../../../../build/alphabot2 build --build-base /home/leader/ros2_ws/build/alphabot2/build install --record /home/leader/ros2_ws/build/alphabot2/install.log --install-scripts $base/lib/alphabot2 --single-version-externally-managed install_data
