[0.056s] Invoking command in '/home/leader/ros2_ws/build/alphabot2_interfaces': CMAKE_PREFIX_PATH=/opt/ros/humble /usr/bin/cmake --build /home/leader/ros2_ws/build/alphabot2_interfaces -- -j4 -l4
[0.323s] [  3%] Built target alphabot2_interfaces__rs
[0.343s] [ 12%] Built target alphabot2_interfaces__rosidl_generator_c
[0.359s] [ 15%] Built target alphabot2_interfaces__cpp
[0.373s] [ 15%] Built target ament_cmake_python_copy_alphabot2_interfaces
[0.496s] [ 25%] Built target alphabot2_interfaces__rosidl_typesupport_fastrtps_c
[0.520s] [ 34%] Built target alphabot2_interfaces__rosidl_typesupport_c
[0.529s] [ 43%] Built target alphabot2_interfaces__rosidl_typesupport_fastrtps_cpp
[0.546s] [ 53%] Built target alphabot2_interfaces__rosidl_typesupport_introspection_c
[0.645s] [ 62%] Built target alphabot2_interfaces__rosidl_typesupport_introspection_cpp
[0.659s] [ 71%] Built target alphabot2_interfaces__rosidl_typesupport_cpp
[0.763s] [ 71%] Built target alphabot2_interfaces
[0.866s] [ 75%] Built target alphabot2_interfaces__py
[0.984s] [ 81%] Built target alphabot2_interfaces__rosidl_generator_py
[1.144s] [ 87%] Built target alphabot2_interfaces__rosidl_typesupport_c__pyext
[1.156s] [ 93%] Built target alphabot2_interfaces__rosidl_typesupport_introspection_c__pyext
[1.184s] [100%] Built target alphabot2_interfaces__rosidl_typesupport_fastrtps_c__pyext
[2.003s] running egg_info
[2.008s] writing alphabot2_interfaces.egg-info/PKG-INFO
[2.009s] writing dependency_links to alphabot2_interfaces.egg-info/dependency_links.txt
[2.013s] writing top-level names to alphabot2_interfaces.egg-info/top_level.txt
[2.028s] reading manifest file 'alphabot2_interfaces.egg-info/SOURCES.txt'
[2.032s] writing manifest file 'alphabot2_interfaces.egg-info/SOURCES.txt'
[2.209s] [100%] Built target ament_cmake_python_build_alphabot2_interfaces_egg
[2.280s] Invoked command in '/home/leader/ros2_ws/build/alphabot2_interfaces' returned '0': CMAKE_PREFIX_PATH=/opt/ros/humble /usr/bin/cmake --build /home/leader/ros2_ws/build/alphabot2_interfaces -- -j4 -l4
[2.323s] Invoking command in '/home/leader/ros2_ws/build/alphabot2_interfaces': CMAKE_PREFIX_PATH=/opt/ros/humble /usr/bin/cmake --install /home/leader/ros2_ws/build/alphabot2_interfaces
[2.373s] -- Install configuration: ""
[2.377s] -- Up-to-date: /home/leader/ros2_ws/install/alphabot2_interfaces/share/ament_index/resource_index/rosidl_interfaces/alphabot2_interfaces
[2.379s] -- Up-to-date: /home/leader/ros2_ws/install/alphabot2_interfaces/include/alphabot2_interfaces/alphabot2_interfaces
[2.382s] -- Up-to-date: /home/leader/ros2_ws/install/alphabot2_interfaces/include/alphabot2_interfaces/alphabot2_interfaces/msg
[2.385s] -- Up-to-date: /home/leader/ros2_ws/install/alphabot2_interfaces/include/alphabot2_interfaces/alphabot2_interfaces/msg/obstacle.h
[2.416s] -- Up-to-date: /home/leader/ros2_ws/install/alphabot2_interfaces/include/alphabot2_interfaces/alphabot2_interfaces/msg/rosidl_generator_c__visibility_control.h
[2.421s] -- Up-to-date: /home/leader/ros2_ws/install/alphabot2_interfaces/include/alphabot2_interfaces/alphabot2_interfaces/msg/detail
[2.425s] -- Up-to-date: /home/leader/ros2_ws/install/alphabot2_interfaces/include/alphabot2_interfaces/alphabot2_interfaces/msg/detail/obstacle__struct.h
[2.427s] -- Up-to-date: /home/leader/ros2_ws/install/alphabot2_interfaces/include/alphabot2_interfaces/alphabot2_interfaces/msg/detail/obstacle__type_support.h
[2.431s] -- Up-to-date: /home/leader/ros2_ws/install/alphabot2_interfaces/include/alphabot2_interfaces/alphabot2_interfaces/msg/detail/obstacle__functions.h
[2.433s] -- Up-to-date: /home/leader/ros2_ws/install/alphabot2_interfaces/include/alphabot2_interfaces/alphabot2_interfaces/msg/detail/obstacle__functions.c
[2.437s] -- Up-to-date: /home/leader/ros2_ws/install/alphabot2_interfaces/share/alphabot2_interfaces/environment/library_path.sh
[2.440s] -- Up-to-date: /home/leader/ros2_ws/install/alphabot2_interfaces/share/alphabot2_interfaces/environment/library_path.dsv
[2.445s] -- Up-to-date: /home/leader/ros2_ws/install/alphabot2_interfaces/lib/libalphabot2_interfaces__rosidl_generator_c.so
[2.452s] -- Up-to-date: /home/leader/ros2_ws/install/alphabot2_interfaces/include/alphabot2_interfaces/alphabot2_interfaces
[2.455s] -- Up-to-date: /home/leader/ros2_ws/install/alphabot2_interfaces/include/alphabot2_interfaces/alphabot2_interfaces/msg
[2.458s] -- Up-to-date: /home/leader/ros2_ws/install/alphabot2_interfaces/include/alphabot2_interfaces/alphabot2_interfaces/msg/detail
[2.460s] -- Up-to-date: /home/leader/ros2_ws/install/alphabot2_interfaces/include/alphabot2_interfaces/alphabot2_interfaces/msg/detail/obstacle__rosidl_typesupport_fastrtps_c.h
[2.463s] -- Up-to-date: /home/leader/ros2_ws/install/alphabot2_interfaces/include/alphabot2_interfaces/alphabot2_interfaces/msg/rosidl_typesupport_fastrtps_c__visibility_control.h
[2.466s] -- Up-to-date: /home/leader/ros2_ws/install/alphabot2_interfaces/lib/libalphabot2_interfaces__rosidl_typesupport_fastrtps_c.so
[2.469s] -- Up-to-date: /home/leader/ros2_ws/install/alphabot2_interfaces/include/alphabot2_interfaces/alphabot2_interfaces
[2.471s] -- Up-to-date: /home/leader/ros2_ws/install/alphabot2_interfaces/include/alphabot2_interfaces/alphabot2_interfaces/msg
[2.472s] -- Up-to-date: /home/leader/ros2_ws/install/alphabot2_interfaces/include/alphabot2_interfaces/alphabot2_interfaces/msg/detail
[2.474s] -- Up-to-date: /home/leader/ros2_ws/install/alphabot2_interfaces/include/alphabot2_interfaces/alphabot2_interfaces/msg/detail/obstacle__type_support.c
[2.476s] -- Up-to-date: /home/leader/ros2_ws/install/alphabot2_interfaces/include/alphabot2_interfaces/alphabot2_interfaces/msg/detail/obstacle__rosidl_typesupport_introspection_c.h
[2.477s] -- Up-to-date: /home/leader/ros2_ws/install/alphabot2_interfaces/include/alphabot2_interfaces/alphabot2_interfaces/msg/rosidl_typesupport_introspection_c__visibility_control.h
[2.480s] -- Up-to-date: /home/leader/ros2_ws/install/alphabot2_interfaces/lib/libalphabot2_interfaces__rosidl_typesupport_introspection_c.so
[2.484s] -- Up-to-date: /home/leader/ros2_ws/install/alphabot2_interfaces/lib/libalphabot2_interfaces__rosidl_typesupport_c.so
[2.486s] -- Up-to-date: /home/leader/ros2_ws/install/alphabot2_interfaces/include/alphabot2_interfaces/alphabot2_interfaces
[2.490s] -- Up-to-date: /home/leader/ros2_ws/install/alphabot2_interfaces/include/alphabot2_interfaces/alphabot2_interfaces/msg
[2.491s] -- Up-to-date: /home/leader/ros2_ws/install/alphabot2_interfaces/include/alphabot2_interfaces/alphabot2_interfaces/msg/rosidl_generator_cpp__visibility_control.hpp
[2.491s] -- Up-to-date: /home/leader/ros2_ws/install/alphabot2_interfaces/include/alphabot2_interfaces/alphabot2_interfaces/msg/obstacle.hpp
[2.492s] -- Up-to-date: /home/leader/ros2_ws/install/alphabot2_interfaces/include/alphabot2_interfaces/alphabot2_interfaces/msg/detail
[2.492s] -- Up-to-date: /home/leader/ros2_ws/install/alphabot2_interfaces/include/alphabot2_interfaces/alphabot2_interfaces/msg/detail/obstacle__struct.hpp
[2.493s] -- Up-to-date: /home/leader/ros2_ws/install/alphabot2_interfaces/include/alphabot2_interfaces/alphabot2_interfaces/msg/detail/obstacle__traits.hpp
[2.493s] -- Up-to-date: /home/leader/ros2_ws/install/alphabot2_interfaces/include/alphabot2_interfaces/alphabot2_interfaces/msg/detail/obstacle__type_support.hpp
[2.497s] -- Up-to-date: /home/leader/ros2_ws/install/alphabot2_interfaces/include/alphabot2_interfaces/alphabot2_interfaces/msg/detail/obstacle__builder.hpp
[2.498s] -- Up-to-date: /home/leader/ros2_ws/install/alphabot2_interfaces/include/alphabot2_interfaces/alphabot2_interfaces
[2.501s] -- Up-to-date: /home/leader/ros2_ws/install/alphabot2_interfaces/include/alphabot2_interfaces/alphabot2_interfaces/msg
[2.504s] -- Up-to-date: /home/leader/ros2_ws/install/alphabot2_interfaces/include/alphabot2_interfaces/alphabot2_interfaces/msg/rosidl_typesupport_fastrtps_cpp__visibility_control.h
[2.505s] -- Up-to-date: /home/leader/ros2_ws/install/alphabot2_interfaces/include/alphabot2_interfaces/alphabot2_interfaces/msg/detail
[2.505s] -- Up-to-date: /home/leader/ros2_ws/install/alphabot2_interfaces/include/alphabot2_interfaces/alphabot2_interfaces/msg/detail/obstacle__rosidl_typesupport_fastrtps_cpp.hpp
[2.506s] -- Up-to-date: /home/leader/ros2_ws/install/alphabot2_interfaces/include/alphabot2_interfaces/alphabot2_interfaces/msg/detail/dds_fastrtps
[2.506s] -- Up-to-date: /home/leader/ros2_ws/install/alphabot2_interfaces/lib/libalphabot2_interfaces__rosidl_typesupport_fastrtps_cpp.so
[2.507s] -- Up-to-date: /home/leader/ros2_ws/install/alphabot2_interfaces/include/alphabot2_interfaces/alphabot2_interfaces
[2.507s] -- Up-to-date: /home/leader/ros2_ws/install/alphabot2_interfaces/include/alphabot2_interfaces/alphabot2_interfaces/msg
[2.508s] -- Up-to-date: /home/leader/ros2_ws/install/alphabot2_interfaces/include/alphabot2_interfaces/alphabot2_interfaces/msg/detail
[2.508s] -- Up-to-date: /home/leader/ros2_ws/install/alphabot2_interfaces/include/alphabot2_interfaces/alphabot2_interfaces/msg/detail/obstacle__rosidl_typesupport_introspection_cpp.hpp
[2.511s] -- Up-to-date: /home/leader/ros2_ws/install/alphabot2_interfaces/include/alphabot2_interfaces/alphabot2_interfaces/msg/detail/obstacle__type_support.cpp
[2.512s] -- Up-to-date: /home/leader/ros2_ws/install/alphabot2_interfaces/lib/libalphabot2_interfaces__rosidl_typesupport_introspection_cpp.so
[2.513s] -- Up-to-date: /home/leader/ros2_ws/install/alphabot2_interfaces/lib/libalphabot2_interfaces__rosidl_typesupport_cpp.so
[2.514s] -- Up-to-date: /home/leader/ros2_ws/install/alphabot2_interfaces/share/alphabot2_interfaces/environment/pythonpath.sh
[2.515s] -- Up-to-date: /home/leader/ros2_ws/install/alphabot2_interfaces/share/alphabot2_interfaces/environment/pythonpath.dsv
[2.515s] -- Up-to-date: /home/leader/ros2_ws/install/alphabot2_interfaces/local/lib/python3.10/dist-packages/alphabot2_interfaces-0.0.0-py3.10.egg-info
[2.516s] -- Installing: /home/leader/ros2_ws/install/alphabot2_interfaces/local/lib/python3.10/dist-packages/alphabot2_interfaces-0.0.0-py3.10.egg-info/PKG-INFO
[2.517s] -- Installing: /home/leader/ros2_ws/install/alphabot2_interfaces/local/lib/python3.10/dist-packages/alphabot2_interfaces-0.0.0-py3.10.egg-info/top_level.txt
[2.519s] -- Installing: /home/leader/ros2_ws/install/alphabot2_interfaces/local/lib/python3.10/dist-packages/alphabot2_interfaces-0.0.0-py3.10.egg-info/dependency_links.txt
[2.520s] -- Installing: /home/leader/ros2_ws/install/alphabot2_interfaces/local/lib/python3.10/dist-packages/alphabot2_interfaces-0.0.0-py3.10.egg-info/SOURCES.txt
[2.521s] -- Up-to-date: /home/leader/ros2_ws/install/alphabot2_interfaces/local/lib/python3.10/dist-packages/alphabot2_interfaces
[2.523s] -- Up-to-date: /home/leader/ros2_ws/install/alphabot2_interfaces/local/lib/python3.10/dist-packages/alphabot2_interfaces/_alphabot2_interfaces_s.ep.rosidl_typesupport_fastrtps_c.c
[2.527s] -- Up-to-date: /home/leader/ros2_ws/install/alphabot2_interfaces/local/lib/python3.10/dist-packages/alphabot2_interfaces/alphabot2_interfaces_s__rosidl_typesupport_c.cpython-310-aarch64-linux-gnu.so
[2.528s] -- Up-to-date: /home/leader/ros2_ws/install/alphabot2_interfaces/local/lib/python3.10/dist-packages/alphabot2_interfaces/_alphabot2_interfaces_s.ep.rosidl_typesupport_introspection_c.c
[2.531s] -- Up-to-date: /home/leader/ros2_ws/install/alphabot2_interfaces/local/lib/python3.10/dist-packages/alphabot2_interfaces/msg
[2.531s] -- Up-to-date: /home/leader/ros2_ws/install/alphabot2_interfaces/local/lib/python3.10/dist-packages/alphabot2_interfaces/msg/_obstacle.py
[2.535s] -- Up-to-date: /home/leader/ros2_ws/install/alphabot2_interfaces/local/lib/python3.10/dist-packages/alphabot2_interfaces/msg/__init__.py
[2.536s] -- Up-to-date: /home/leader/ros2_ws/install/alphabot2_interfaces/local/lib/python3.10/dist-packages/alphabot2_interfaces/msg/_obstacle_s.c
[2.536s] -- Up-to-date: /home/leader/ros2_ws/install/alphabot2_interfaces/local/lib/python3.10/dist-packages/alphabot2_interfaces/__init__.py
[2.537s] -- Up-to-date: /home/leader/ros2_ws/install/alphabot2_interfaces/local/lib/python3.10/dist-packages/alphabot2_interfaces/alphabot2_interfaces_s__rosidl_typesupport_introspection_c.cpython-310-aarch64-linux-gnu.so
[2.537s] -- Up-to-date: /home/leader/ros2_ws/install/alphabot2_interfaces/local/lib/python3.10/dist-packages/alphabot2_interfaces/_alphabot2_interfaces_s.ep.rosidl_typesupport_c.c
[2.539s] -- Up-to-date: /home/leader/ros2_ws/install/alphabot2_interfaces/local/lib/python3.10/dist-packages/alphabot2_interfaces/libalphabot2_interfaces__rosidl_generator_py.so
[2.540s] -- Up-to-date: /home/leader/ros2_ws/install/alphabot2_interfaces/local/lib/python3.10/dist-packages/alphabot2_interfaces/alphabot2_interfaces_s__rosidl_typesupport_fastrtps_c.cpython-310-aarch64-linux-gnu.so
[2.722s] Listing '/home/leader/ros2_ws/install/alphabot2_interfaces/local/lib/python3.10/dist-packages/alphabot2_interfaces'...
[2.724s] Listing '/home/leader/ros2_ws/install/alphabot2_interfaces/local/lib/python3.10/dist-packages/alphabot2_interfaces/msg'...
[2.764s] -- Up-to-date: /home/leader/ros2_ws/install/alphabot2_interfaces/local/lib/python3.10/dist-packages/alphabot2_interfaces/alphabot2_interfaces_s__rosidl_typesupport_fastrtps_c.cpython-310-aarch64-linux-gnu.so
[2.766s] -- Up-to-date: /home/leader/ros2_ws/install/alphabot2_interfaces/local/lib/python3.10/dist-packages/alphabot2_interfaces/alphabot2_interfaces_s__rosidl_typesupport_introspection_c.cpython-310-aarch64-linux-gnu.so
[2.766s] -- Up-to-date: /home/leader/ros2_ws/install/alphabot2_interfaces/local/lib/python3.10/dist-packages/alphabot2_interfaces/alphabot2_interfaces_s__rosidl_typesupport_c.cpython-310-aarch64-linux-gnu.so
[2.769s] -- Up-to-date: /home/leader/ros2_ws/install/alphabot2_interfaces/lib/libalphabot2_interfaces__rosidl_generator_py.so
[2.773s] -- Up-to-date: /home/leader/ros2_ws/install/alphabot2_interfaces/share/ament_index/resource_index/rust_packages/alphabot2_interfaces
[2.774s] -- Up-to-date: /home/leader/ros2_ws/install/alphabot2_interfaces/share/alphabot2_interfaces/rust
[2.776s] -- Up-to-date: /home/leader/ros2_ws/install/alphabot2_interfaces/share/alphabot2_interfaces/rust/Cargo.toml
[2.778s] -- Up-to-date: /home/leader/ros2_ws/install/alphabot2_interfaces/share/alphabot2_interfaces/rust/src
[2.781s] -- Up-to-date: /home/leader/ros2_ws/install/alphabot2_interfaces/share/alphabot2_interfaces/rust/src/msg
[2.783s] -- Up-to-date: /home/leader/ros2_ws/install/alphabot2_interfaces/share/alphabot2_interfaces/rust/src/msg/rmw.rs
[2.783s] -- Up-to-date: /home/leader/ros2_ws/install/alphabot2_interfaces/share/alphabot2_interfaces/rust/src/msg.rs
[2.786s] -- Up-to-date: /home/leader/ros2_ws/install/alphabot2_interfaces/share/alphabot2_interfaces/rust/src/lib.rs
[2.786s] -- Up-to-date: /home/leader/ros2_ws/install/alphabot2_interfaces/share/alphabot2_interfaces/rust/build.rs
[2.789s] -- Up-to-date: /home/leader/ros2_ws/install/alphabot2_interfaces/share/alphabot2_interfaces/msg/Obstacle.idl
[2.789s] -- Up-to-date: /home/leader/ros2_ws/install/alphabot2_interfaces/share/alphabot2_interfaces/msg/Obstacle.msg
[2.790s] -- Up-to-date: /home/leader/ros2_ws/install/alphabot2_interfaces/share/ament_index/resource_index/package_run_dependencies/alphabot2_interfaces
[2.792s] -- Up-to-date: /home/leader/ros2_ws/install/alphabot2_interfaces/share/ament_index/resource_index/parent_prefix_path/alphabot2_interfaces
[2.793s] -- Up-to-date: /home/leader/ros2_ws/install/alphabot2_interfaces/share/alphabot2_interfaces/environment/ament_prefix_path.sh
[2.795s] -- Up-to-date: /home/leader/ros2_ws/install/alphabot2_interfaces/share/alphabot2_interfaces/environment/ament_prefix_path.dsv
[2.796s] -- Up-to-date: /home/leader/ros2_ws/install/alphabot2_interfaces/share/alphabot2_interfaces/environment/path.sh
[2.802s] -- Up-to-date: /home/leader/ros2_ws/install/alphabot2_interfaces/share/alphabot2_interfaces/environment/path.dsv
[2.805s] -- Up-to-date: /home/leader/ros2_ws/install/alphabot2_interfaces/share/alphabot2_interfaces/local_setup.bash
[2.808s] -- Up-to-date: /home/leader/ros2_ws/install/alphabot2_interfaces/share/alphabot2_interfaces/local_setup.sh
[2.813s] -- Up-to-date: /home/leader/ros2_ws/install/alphabot2_interfaces/share/alphabot2_interfaces/local_setup.zsh
[2.814s] -- Up-to-date: /home/leader/ros2_ws/install/alphabot2_interfaces/share/alphabot2_interfaces/local_setup.dsv
[2.819s] -- Installing: /home/leader/ros2_ws/install/alphabot2_interfaces/share/alphabot2_interfaces/package.dsv
[2.826s] -- Up-to-date: /home/leader/ros2_ws/install/alphabot2_interfaces/share/ament_index/resource_index/packages/alphabot2_interfaces
[2.831s] -- Up-to-date: /home/leader/ros2_ws/install/alphabot2_interfaces/share/alphabot2_interfaces/cmake/export_alphabot2_interfaces__rosidl_generator_cExport.cmake
[2.832s] -- Up-to-date: /home/leader/ros2_ws/install/alphabot2_interfaces/share/alphabot2_interfaces/cmake/export_alphabot2_interfaces__rosidl_generator_cExport-noconfig.cmake
[2.832s] -- Up-to-date: /home/leader/ros2_ws/install/alphabot2_interfaces/share/alphabot2_interfaces/cmake/export_alphabot2_interfaces__rosidl_typesupport_fastrtps_cExport.cmake
[2.836s] -- Up-to-date: /home/leader/ros2_ws/install/alphabot2_interfaces/share/alphabot2_interfaces/cmake/export_alphabot2_interfaces__rosidl_typesupport_fastrtps_cExport-noconfig.cmake
[2.837s] -- Up-to-date: /home/leader/ros2_ws/install/alphabot2_interfaces/share/alphabot2_interfaces/cmake/alphabot2_interfaces__rosidl_typesupport_introspection_cExport.cmake
[2.837s] -- Up-to-date: /home/leader/ros2_ws/install/alphabot2_interfaces/share/alphabot2_interfaces/cmake/alphabot2_interfaces__rosidl_typesupport_introspection_cExport-noconfig.cmake
[2.838s] -- Up-to-date: /home/leader/ros2_ws/install/alphabot2_interfaces/share/alphabot2_interfaces/cmake/alphabot2_interfaces__rosidl_typesupport_cExport.cmake
[2.838s] -- Up-to-date: /home/leader/ros2_ws/install/alphabot2_interfaces/share/alphabot2_interfaces/cmake/alphabot2_interfaces__rosidl_typesupport_cExport-noconfig.cmake
[2.839s] -- Up-to-date: /home/leader/ros2_ws/install/alphabot2_interfaces/share/alphabot2_interfaces/cmake/export_alphabot2_interfaces__rosidl_generator_cppExport.cmake
[2.839s] -- Up-to-date: /home/leader/ros2_ws/install/alphabot2_interfaces/share/alphabot2_interfaces/cmake/export_alphabot2_interfaces__rosidl_typesupport_fastrtps_cppExport.cmake
[2.840s] -- Up-to-date: /home/leader/ros2_ws/install/alphabot2_interfaces/share/alphabot2_interfaces/cmake/export_alphabot2_interfaces__rosidl_typesupport_fastrtps_cppExport-noconfig.cmake
[2.840s] -- Up-to-date: /home/leader/ros2_ws/install/alphabot2_interfaces/share/alphabot2_interfaces/cmake/alphabot2_interfaces__rosidl_typesupport_introspection_cppExport.cmake
[2.841s] -- Up-to-date: /home/leader/ros2_ws/install/alphabot2_interfaces/share/alphabot2_interfaces/cmake/alphabot2_interfaces__rosidl_typesupport_introspection_cppExport-noconfig.cmake
[2.841s] -- Up-to-date: /home/leader/ros2_ws/install/alphabot2_interfaces/share/alphabot2_interfaces/cmake/alphabot2_interfaces__rosidl_typesupport_cppExport.cmake
[2.842s] -- Up-to-date: /home/leader/ros2_ws/install/alphabot2_interfaces/share/alphabot2_interfaces/cmake/alphabot2_interfaces__rosidl_typesupport_cppExport-noconfig.cmake
[2.842s] -- Up-to-date: /home/leader/ros2_ws/install/alphabot2_interfaces/share/alphabot2_interfaces/cmake/export_alphabot2_interfaces__rosidl_generator_pyExport.cmake
[2.846s] -- Up-to-date: /home/leader/ros2_ws/install/alphabot2_interfaces/share/alphabot2_interfaces/cmake/export_alphabot2_interfaces__rosidl_generator_pyExport-noconfig.cmake
[2.849s] -- Up-to-date: /home/leader/ros2_ws/install/alphabot2_interfaces/share/alphabot2_interfaces/cmake/rosidl_cmake-extras.cmake
[2.852s] -- Up-to-date: /home/leader/ros2_ws/install/alphabot2_interfaces/share/alphabot2_interfaces/cmake/ament_cmake_export_include_directories-extras.cmake
[2.863s] -- Up-to-date: /home/leader/ros2_ws/install/alphabot2_interfaces/share/alphabot2_interfaces/cmake/ament_cmake_export_libraries-extras.cmake
[2.866s] -- Up-to-date: /home/leader/ros2_ws/install/alphabot2_interfaces/share/alphabot2_interfaces/cmake/ament_cmake_export_targets-extras.cmake
[2.869s] -- Up-to-date: /home/leader/ros2_ws/install/alphabot2_interfaces/share/alphabot2_interfaces/cmake/rosidl_cmake_export_typesupport_targets-extras.cmake
[2.871s] -- Up-to-date: /home/leader/ros2_ws/install/alphabot2_interfaces/share/alphabot2_interfaces/cmake/ament_cmake_export_dependencies-extras.cmake
[2.874s] -- Up-to-date: /home/leader/ros2_ws/install/alphabot2_interfaces/share/alphabot2_interfaces/cmake/rosidl_cmake_export_typesupport_libraries-extras.cmake
[2.879s] -- Up-to-date: /home/leader/ros2_ws/install/alphabot2_interfaces/share/alphabot2_interfaces/cmake/alphabot2_interfacesConfig.cmake
[2.879s] -- Up-to-date: /home/leader/ros2_ws/install/alphabot2_interfaces/share/alphabot2_interfaces/cmake/alphabot2_interfacesConfig-version.cmake
[2.880s] -- Up-to-date: /home/leader/ros2_ws/install/alphabot2_interfaces/share/alphabot2_interfaces/package.xml
[2.881s] Invoked command in '/home/leader/ros2_ws/build/alphabot2_interfaces' returned '0': CMAKE_PREFIX_PATH=/opt/ros/humble /usr/bin/cmake --install /home/leader/ros2_ws/build/alphabot2_interfaces
