[0.643s] DEBUG:colcon:Command line arguments: ['/usr/bin/colcon', 'build']
[0.644s] DEBUG:colcon:Parsed command line arguments: Namespace(log_base=None, log_level=None, verb_name='build', build_base='build', install_base='install', merge_install=False, symlink_install=False, test_result_base=None, continue_on_error=False, executor='parallel', parallel_workers=4, event_handlers=None, ignore_user_meta=False, metas=['./colcon.meta'], base_paths=['.'], packages_ignore=None, packages_ignore_regex=None, paths=None, packages_up_to=None, packages_up_to_regex=None, packages_above=None, packages_above_and_dependencies=None, packages_above_depth=None, packages_select_by_dep=None, packages_skip_by_dep=None, packages_skip_up_to=None, packages_select_build_failed=False, packages_skip_build_finished=False, packages_select_test_failures=False, packages_skip_test_passed=False, packages_select=None, packages_skip=None, packages_select_regex=None, packages_skip_regex=None, packages_start=None, packages_end=None, allow_overriding=[], cmake_args=None, cmake_target=None, cmake_target_skip_unavailable=False, cmake_clean_cache=False, cmake_clean_first=False, cmake_force_configure=False, ament_cmake_args=None, catkin_cmake_args=None, catkin_skip_building_tests=False, verb_parser=<colcon_defaults.argument_parser.defaults.DefaultArgumentsDecorator object at 0xffff932c6ad0>, verb_extension=<colcon_core.verb.build.BuildVerb object at 0xffff9345ffa0>, main=<bound method BuildVerb.main of <colcon_core.verb.build.BuildVerb object at 0xffff9345ffa0>>)
[1.917s] Level 1:colcon.colcon_core.package_discovery:discover_packages(colcon_meta) check parameters
[1.918s] Level 1:colcon.colcon_core.package_discovery:discover_packages(recursive) check parameters
[1.918s] Level 1:colcon.colcon_core.package_discovery:discover_packages(ignore) check parameters
[1.918s] Level 1:colcon.colcon_core.package_discovery:discover_packages(path) check parameters
[1.918s] Level 1:colcon.colcon_core.package_discovery:discover_packages(colcon_meta) discover
[1.919s] Level 1:colcon.colcon_core.package_discovery:discover_packages(recursive) discover
[1.919s] INFO:colcon.colcon_core.package_discovery:Crawling recursively for packages in '/home/leader/ros2_ws'
[1.920s] Level 1:colcon.colcon_core.package_identification:_identify(.) by extensions ['ignore', 'ignore_ament_install']
[1.921s] Level 1:colcon.colcon_core.package_identification:_identify(.) by extension 'ignore'
[1.922s] Level 1:colcon.colcon_core.package_identification:_identify(.) by extension 'ignore_ament_install'
[1.922s] Level 1:colcon.colcon_core.package_identification:_identify(.) by extensions ['colcon_pkg']
[1.923s] Level 1:colcon.colcon_core.package_identification:_identify(.) by extension 'colcon_pkg'
[1.923s] Level 1:colcon.colcon_core.package_identification:_identify(.) by extensions ['colcon_meta']
[1.924s] Level 1:colcon.colcon_core.package_identification:_identify(.) by extension 'colcon_meta'
[1.924s] Level 1:colcon.colcon_core.package_identification:_identify(.) by extensions ['ros']
[1.925s] Level 1:colcon.colcon_core.package_identification:_identify(.) by extension 'ros'
[1.986s] Level 1:colcon.colcon_core.package_identification:_identify(.) by extensions ['cmake', 'python']
[1.986s] Level 1:colcon.colcon_core.package_identification:_identify(.) by extension 'cmake'
[1.986s] Level 1:colcon.colcon_core.package_identification:_identify(.) by extension 'python'
[1.986s] Level 1:colcon.colcon_core.package_identification:_identify(.) by extensions ['python_setup_py']
[1.987s] Level 1:colcon.colcon_core.package_identification:_identify(.) by extension 'python_setup_py'
[1.987s] Level 1:colcon.colcon_core.package_identification:_identify(build) by extensions ['ignore', 'ignore_ament_install']
[1.988s] Level 1:colcon.colcon_core.package_identification:_identify(build) by extension 'ignore'
[1.988s] Level 1:colcon.colcon_core.package_identification:_identify(build) ignored
[1.989s] Level 1:colcon.colcon_core.package_identification:_identify(install) by extensions ['ignore', 'ignore_ament_install']
[1.989s] Level 1:colcon.colcon_core.package_identification:_identify(install) by extension 'ignore'
[1.989s] Level 1:colcon.colcon_core.package_identification:_identify(install) ignored
[1.990s] Level 1:colcon.colcon_core.package_identification:_identify(log) by extensions ['ignore', 'ignore_ament_install']
[1.990s] Level 1:colcon.colcon_core.package_identification:_identify(log) by extension 'ignore'
[1.991s] Level 1:colcon.colcon_core.package_identification:_identify(log) ignored
[1.991s] Level 1:colcon.colcon_core.package_identification:_identify(src) by extensions ['ignore', 'ignore_ament_install']
[1.991s] Level 1:colcon.colcon_core.package_identification:_identify(src) by extension 'ignore'
[1.992s] Level 1:colcon.colcon_core.package_identification:_identify(src) by extension 'ignore_ament_install'
[1.992s] Level 1:colcon.colcon_core.package_identification:_identify(src) by extensions ['colcon_pkg']
[1.992s] Level 1:colcon.colcon_core.package_identification:_identify(src) by extension 'colcon_pkg'
[1.992s] Level 1:colcon.colcon_core.package_identification:_identify(src) by extensions ['colcon_meta']
[1.993s] Level 1:colcon.colcon_core.package_identification:_identify(src) by extension 'colcon_meta'
[1.993s] Level 1:colcon.colcon_core.package_identification:_identify(src) by extensions ['ros']
[1.993s] Level 1:colcon.colcon_core.package_identification:_identify(src) by extension 'ros'
[1.993s] Level 1:colcon.colcon_core.package_identification:_identify(src) by extensions ['cmake', 'python']
[1.994s] Level 1:colcon.colcon_core.package_identification:_identify(src) by extension 'cmake'
[1.994s] Level 1:colcon.colcon_core.package_identification:_identify(src) by extension 'python'
[1.994s] Level 1:colcon.colcon_core.package_identification:_identify(src) by extensions ['python_setup_py']
[1.994s] Level 1:colcon.colcon_core.package_identification:_identify(src) by extension 'python_setup_py'
[1.995s] Level 1:colcon.colcon_core.package_identification:_identify(src/alphabot2-ros2) by extensions ['ignore', 'ignore_ament_install']
[1.995s] Level 1:colcon.colcon_core.package_identification:_identify(src/alphabot2-ros2) by extension 'ignore'
[1.995s] Level 1:colcon.colcon_core.package_identification:_identify(src/alphabot2-ros2) by extension 'ignore_ament_install'
[1.996s] Level 1:colcon.colcon_core.package_identification:_identify(src/alphabot2-ros2) by extensions ['colcon_pkg']
[1.996s] Level 1:colcon.colcon_core.package_identification:_identify(src/alphabot2-ros2) by extension 'colcon_pkg'
[1.996s] Level 1:colcon.colcon_core.package_identification:_identify(src/alphabot2-ros2) by extensions ['colcon_meta']
[1.996s] Level 1:colcon.colcon_core.package_identification:_identify(src/alphabot2-ros2) by extension 'colcon_meta'
[1.997s] Level 1:colcon.colcon_core.package_identification:_identify(src/alphabot2-ros2) by extensions ['ros']
[1.997s] Level 1:colcon.colcon_core.package_identification:_identify(src/alphabot2-ros2) by extension 'ros'
[1.997s] Level 1:colcon.colcon_core.package_identification:_identify(src/alphabot2-ros2) by extensions ['cmake', 'python']
[1.997s] Level 1:colcon.colcon_core.package_identification:_identify(src/alphabot2-ros2) by extension 'cmake'
[1.997s] Level 1:colcon.colcon_core.package_identification:_identify(src/alphabot2-ros2) by extension 'python'
[1.998s] Level 1:colcon.colcon_core.package_identification:_identify(src/alphabot2-ros2) by extensions ['python_setup_py']
[1.998s] Level 1:colcon.colcon_core.package_identification:_identify(src/alphabot2-ros2) by extension 'python_setup_py'
[1.998s] Level 1:colcon.colcon_core.package_identification:_identify(src/alphabot2-ros2/alphabot2) by extensions ['ignore', 'ignore_ament_install']
[1.999s] Level 1:colcon.colcon_core.package_identification:_identify(src/alphabot2-ros2/alphabot2) by extension 'ignore'
[2.000s] Level 1:colcon.colcon_core.package_identification:_identify(src/alphabot2-ros2/alphabot2) by extension 'ignore_ament_install'
[2.000s] Level 1:colcon.colcon_core.package_identification:_identify(src/alphabot2-ros2/alphabot2) by extensions ['colcon_pkg']
[2.000s] Level 1:colcon.colcon_core.package_identification:_identify(src/alphabot2-ros2/alphabot2) by extension 'colcon_pkg'
[2.001s] Level 1:colcon.colcon_core.package_identification:_identify(src/alphabot2-ros2/alphabot2) by extensions ['colcon_meta']
[2.001s] Level 1:colcon.colcon_core.package_identification:_identify(src/alphabot2-ros2/alphabot2) by extension 'colcon_meta'
[2.001s] Level 1:colcon.colcon_core.package_identification:_identify(src/alphabot2-ros2/alphabot2) by extensions ['ros']
[2.002s] Level 1:colcon.colcon_core.package_identification:_identify(src/alphabot2-ros2/alphabot2) by extension 'ros'
[2.002s] Level 1:colcon.colcon_core.package_identification:_identify(src/alphabot2-ros2/alphabot2) by extensions ['cmake', 'python']
[2.002s] Level 1:colcon.colcon_core.package_identification:_identify(src/alphabot2-ros2/alphabot2) by extension 'cmake'
[2.003s] Level 1:colcon.colcon_core.package_identification:_identify(src/alphabot2-ros2/alphabot2) by extension 'python'
[2.003s] Level 1:colcon.colcon_core.package_identification:_identify(src/alphabot2-ros2/alphabot2) by extensions ['python_setup_py']
[2.003s] Level 1:colcon.colcon_core.package_identification:_identify(src/alphabot2-ros2/alphabot2) by extension 'python_setup_py'
[2.004s] Level 1:colcon.colcon_core.package_identification:_identify(src/alphabot2-ros2/alphabot2/alphabot2_leader) by extensions ['ignore', 'ignore_ament_install']
[2.004s] Level 1:colcon.colcon_core.package_identification:_identify(src/alphabot2-ros2/alphabot2/alphabot2_leader) by extension 'ignore'
[2.005s] Level 1:colcon.colcon_core.package_identification:_identify(src/alphabot2-ros2/alphabot2/alphabot2_leader) by extension 'ignore_ament_install'
[2.005s] Level 1:colcon.colcon_core.package_identification:_identify(src/alphabot2-ros2/alphabot2/alphabot2_leader) by extensions ['colcon_pkg']
[2.005s] Level 1:colcon.colcon_core.package_identification:_identify(src/alphabot2-ros2/alphabot2/alphabot2_leader) by extension 'colcon_pkg'
[2.005s] Level 1:colcon.colcon_core.package_identification:_identify(src/alphabot2-ros2/alphabot2/alphabot2_leader) by extensions ['colcon_meta']
[2.006s] Level 1:colcon.colcon_core.package_identification:_identify(src/alphabot2-ros2/alphabot2/alphabot2_leader) by extension 'colcon_meta'
[2.006s] Level 1:colcon.colcon_core.package_identification:_identify(src/alphabot2-ros2/alphabot2/alphabot2_leader) by extensions ['ros']
[2.006s] Level 1:colcon.colcon_core.package_identification:_identify(src/alphabot2-ros2/alphabot2/alphabot2_leader) by extension 'ros'
[2.016s] DEBUG:colcon.colcon_core.package_identification:Package 'src/alphabot2-ros2/alphabot2/alphabot2_leader' with type 'ros.ament_python' and name 'alphabot2'
[2.017s] Level 1:colcon.colcon_core.package_identification:_identify(src/alphabot2-ros2/alphabot2_interfaces) by extensions ['ignore', 'ignore_ament_install']
[2.018s] Level 1:colcon.colcon_core.package_identification:_identify(src/alphabot2-ros2/alphabot2_interfaces) by extension 'ignore'
[2.018s] Level 1:colcon.colcon_core.package_identification:_identify(src/alphabot2-ros2/alphabot2_interfaces) by extension 'ignore_ament_install'
[2.019s] Level 1:colcon.colcon_core.package_identification:_identify(src/alphabot2-ros2/alphabot2_interfaces) by extensions ['colcon_pkg']
[2.019s] Level 1:colcon.colcon_core.package_identification:_identify(src/alphabot2-ros2/alphabot2_interfaces) by extension 'colcon_pkg'
[2.020s] Level 1:colcon.colcon_core.package_identification:_identify(src/alphabot2-ros2/alphabot2_interfaces) by extensions ['colcon_meta']
[2.020s] Level 1:colcon.colcon_core.package_identification:_identify(src/alphabot2-ros2/alphabot2_interfaces) by extension 'colcon_meta'
[2.020s] Level 1:colcon.colcon_core.package_identification:_identify(src/alphabot2-ros2/alphabot2_interfaces) by extensions ['ros']
[2.020s] Level 1:colcon.colcon_core.package_identification:_identify(src/alphabot2-ros2/alphabot2_interfaces) by extension 'ros'
[2.023s] DEBUG:colcon.colcon_core.package_identification:Package 'src/alphabot2-ros2/alphabot2_interfaces' with type 'ros.ament_cmake' and name 'alphabot2_interfaces'
[2.024s] Level 1:colcon.colcon_core.package_identification:_identify(src/alphabot2-ros2/docs) by extensions ['ignore', 'ignore_ament_install']
[2.024s] Level 1:colcon.colcon_core.package_identification:_identify(src/alphabot2-ros2/docs) by extension 'ignore'
[2.025s] Level 1:colcon.colcon_core.package_identification:_identify(src/alphabot2-ros2/docs) by extension 'ignore_ament_install'
[2.025s] Level 1:colcon.colcon_core.package_identification:_identify(src/alphabot2-ros2/docs) by extensions ['colcon_pkg']
[2.025s] Level 1:colcon.colcon_core.package_identification:_identify(src/alphabot2-ros2/docs) by extension 'colcon_pkg'
[2.026s] Level 1:colcon.colcon_core.package_identification:_identify(src/alphabot2-ros2/docs) by extensions ['colcon_meta']
[2.026s] Level 1:colcon.colcon_core.package_identification:_identify(src/alphabot2-ros2/docs) by extension 'colcon_meta'
[2.026s] Level 1:colcon.colcon_core.package_identification:_identify(src/alphabot2-ros2/docs) by extensions ['ros']
[2.026s] Level 1:colcon.colcon_core.package_identification:_identify(src/alphabot2-ros2/docs) by extension 'ros'
[2.027s] Level 1:colcon.colcon_core.package_identification:_identify(src/alphabot2-ros2/docs) by extensions ['cmake', 'python']
[2.027s] Level 1:colcon.colcon_core.package_identification:_identify(src/alphabot2-ros2/docs) by extension 'cmake'
[2.027s] Level 1:colcon.colcon_core.package_identification:_identify(src/alphabot2-ros2/docs) by extension 'python'
[2.027s] Level 1:colcon.colcon_core.package_identification:_identify(src/alphabot2-ros2/docs) by extensions ['python_setup_py']
[2.028s] Level 1:colcon.colcon_core.package_identification:_identify(src/alphabot2-ros2/docs) by extension 'python_setup_py'
[2.028s] Level 1:colcon.colcon_core.package_discovery:discover_packages(recursive) using defaults
[2.028s] Level 1:colcon.colcon_core.package_discovery:discover_packages(ignore) discover
[2.029s] Level 1:colcon.colcon_core.package_discovery:discover_packages(ignore) using defaults
[2.029s] Level 1:colcon.colcon_core.package_discovery:discover_packages(path) discover
[2.030s] Level 1:colcon.colcon_core.package_discovery:discover_packages(path) using defaults
[2.129s] Level 1:colcon.colcon_core.package_discovery:discover_packages(prefix_path) check parameters
[2.130s] Level 1:colcon.colcon_core.package_discovery:discover_packages(prefix_path) discover
[2.146s] DEBUG:colcon.colcon_installed_package_information.package_discovery:Found 273 installed packages in /opt/ros/humble
[2.157s] Level 1:colcon.colcon_core.package_discovery:discover_packages(prefix_path) using defaults
[2.391s] Level 5:colcon.colcon_core.verb:set package 'alphabot2_interfaces' build argument 'cmake_args' from command line to 'None'
[2.391s] Level 5:colcon.colcon_core.verb:set package 'alphabot2_interfaces' build argument 'cmake_target' from command line to 'None'
[2.391s] Level 5:colcon.colcon_core.verb:set package 'alphabot2_interfaces' build argument 'cmake_target_skip_unavailable' from command line to 'False'
[2.391s] Level 5:colcon.colcon_core.verb:set package 'alphabot2_interfaces' build argument 'cmake_clean_cache' from command line to 'False'
[2.391s] Level 5:colcon.colcon_core.verb:set package 'alphabot2_interfaces' build argument 'cmake_clean_first' from command line to 'False'
[2.392s] Level 5:colcon.colcon_core.verb:set package 'alphabot2_interfaces' build argument 'cmake_force_configure' from command line to 'False'
[2.392s] Level 5:colcon.colcon_core.verb:set package 'alphabot2_interfaces' build argument 'ament_cmake_args' from command line to 'None'
[2.392s] Level 5:colcon.colcon_core.verb:set package 'alphabot2_interfaces' build argument 'catkin_cmake_args' from command line to 'None'
[2.392s] Level 5:colcon.colcon_core.verb:set package 'alphabot2_interfaces' build argument 'catkin_skip_building_tests' from command line to 'False'
[2.392s] DEBUG:colcon.colcon_core.verb:Building package 'alphabot2_interfaces' with the following arguments: {'ament_cmake_args': None, 'build_base': '/home/leader/ros2_ws/build/alphabot2_interfaces', 'catkin_cmake_args': None, 'catkin_skip_building_tests': False, 'cmake_args': None, 'cmake_clean_cache': False, 'cmake_clean_first': False, 'cmake_force_configure': False, 'cmake_target': None, 'cmake_target_skip_unavailable': False, 'install_base': '/home/leader/ros2_ws/install/alphabot2_interfaces', 'merge_install': False, 'path': '/home/leader/ros2_ws/src/alphabot2-ros2/alphabot2_interfaces', 'symlink_install': False, 'test_result_base': None}
[2.394s] Level 5:colcon.colcon_core.verb:set package 'alphabot2' build argument 'cmake_args' from command line to 'None'
[2.395s] Level 5:colcon.colcon_core.verb:set package 'alphabot2' build argument 'cmake_target' from command line to 'None'
[2.395s] Level 5:colcon.colcon_core.verb:set package 'alphabot2' build argument 'cmake_target_skip_unavailable' from command line to 'False'
[2.395s] Level 5:colcon.colcon_core.verb:set package 'alphabot2' build argument 'cmake_clean_cache' from command line to 'False'
[2.395s] Level 5:colcon.colcon_core.verb:set package 'alphabot2' build argument 'cmake_clean_first' from command line to 'False'
[2.395s] Level 5:colcon.colcon_core.verb:set package 'alphabot2' build argument 'cmake_force_configure' from command line to 'False'
[2.395s] Level 5:colcon.colcon_core.verb:set package 'alphabot2' build argument 'ament_cmake_args' from command line to 'None'
[2.396s] Level 5:colcon.colcon_core.verb:set package 'alphabot2' build argument 'catkin_cmake_args' from command line to 'None'
[2.396s] Level 5:colcon.colcon_core.verb:set package 'alphabot2' build argument 'catkin_skip_building_tests' from command line to 'False'
[2.396s] DEBUG:colcon.colcon_core.verb:Building package 'alphabot2' with the following arguments: {'ament_cmake_args': None, 'build_base': '/home/leader/ros2_ws/build/alphabot2', 'catkin_cmake_args': None, 'catkin_skip_building_tests': False, 'cmake_args': None, 'cmake_clean_cache': False, 'cmake_clean_first': False, 'cmake_force_configure': False, 'cmake_target': None, 'cmake_target_skip_unavailable': False, 'install_base': '/home/leader/ros2_ws/install/alphabot2', 'merge_install': False, 'path': '/home/leader/ros2_ws/src/alphabot2-ros2/alphabot2/alphabot2_leader', 'symlink_install': False, 'test_result_base': None}
[2.397s] INFO:colcon.colcon_core.executor:Executing jobs using 'parallel' executor
[2.401s] DEBUG:colcon.colcon_parallel_executor.executor.parallel:run_until_complete
[2.402s] INFO:colcon.colcon_ros.task.ament_cmake.build:Building ROS package in '/home/leader/ros2_ws/src/alphabot2-ros2/alphabot2_interfaces' with build type 'ament_cmake'
[2.403s] INFO:colcon.colcon_cmake.task.cmake.build:Building CMake package in '/home/leader/ros2_ws/src/alphabot2-ros2/alphabot2_interfaces'
[2.416s] INFO:colcon.colcon_core.plugin_system:Skipping extension 'colcon_core.shell.bat': Not used on non-Windows systems
[2.417s] INFO:colcon.colcon_core.shell:Skip shell extension 'powershell' for command environment: Not usable outside of PowerShell
[2.417s] DEBUG:colcon.colcon_core.shell:Skip shell extension 'dsv' for command environment
[2.454s] DEBUG:colcon.colcon_core.event_handler.log_command:Invoking command in '/home/leader/ros2_ws/build/alphabot2_interfaces': CMAKE_PREFIX_PATH=/opt/ros/humble /usr/bin/cmake /home/leader/ros2_ws/src/alphabot2-ros2/alphabot2_interfaces -DCMAKE_INSTALL_PREFIX=/home/leader/ros2_ws/install/alphabot2_interfaces
[9.749s] DEBUG:colcon.colcon_core.event_handler.log_command:Invoked command in '/home/leader/ros2_ws/build/alphabot2_interfaces' returned '1': CMAKE_PREFIX_PATH=/opt/ros/humble /usr/bin/cmake /home/leader/ros2_ws/src/alphabot2-ros2/alphabot2_interfaces -DCMAKE_INSTALL_PREFIX=/home/leader/ros2_ws/install/alphabot2_interfaces
[9.799s] Level 1:colcon.colcon_core.environment:create_environment_scripts_only(alphabot2_interfaces)
[9.813s] Level 1:colcon.colcon_core.environment:checking '/home/leader/ros2_ws/install/alphabot2_interfaces' for CMake module files
[9.815s] Level 1:colcon.colcon_core.environment:checking '/home/leader/ros2_ws/install/alphabot2_interfaces' for CMake config files
[9.818s] Level 1:colcon.colcon_core.environment:checking '/home/leader/ros2_ws/install/alphabot2_interfaces/bin'
[9.818s] Level 1:colcon.colcon_core.environment:checking '/home/leader/ros2_ws/install/alphabot2_interfaces/lib/pkgconfig/alphabot2_interfaces.pc'
[9.819s] Level 1:colcon.colcon_core.environment:checking '/home/leader/ros2_ws/install/alphabot2_interfaces/lib/python3.10/site-packages'
[9.821s] Level 1:colcon.colcon_core.environment:checking '/home/leader/ros2_ws/install/alphabot2_interfaces/bin'
[9.822s] INFO:colcon.colcon_core.shell:Creating package script '/home/leader/ros2_ws/install/alphabot2_interfaces/share/alphabot2_interfaces/package.ps1'
[9.827s] INFO:colcon.colcon_core.shell:Creating package descriptor '/home/leader/ros2_ws/install/alphabot2_interfaces/share/alphabot2_interfaces/package.dsv'
[9.829s] INFO:colcon.colcon_core.shell:Creating package script '/home/leader/ros2_ws/install/alphabot2_interfaces/share/alphabot2_interfaces/package.sh'
[9.833s] INFO:colcon.colcon_core.shell:Creating package script '/home/leader/ros2_ws/install/alphabot2_interfaces/share/alphabot2_interfaces/package.bash'
[9.836s] INFO:colcon.colcon_core.shell:Creating package script '/home/leader/ros2_ws/install/alphabot2_interfaces/share/alphabot2_interfaces/package.zsh'
[9.839s] Level 1:colcon.colcon_core.environment:create_file_with_runtime_dependencies(/home/leader/ros2_ws/install/alphabot2_interfaces/share/colcon-core/packages/alphabot2_interfaces)
[9.851s] DEBUG:colcon.colcon_parallel_executor.executor.parallel:closing loop
[9.853s] DEBUG:colcon.colcon_parallel_executor.executor.parallel:loop closed
[9.853s] DEBUG:colcon.colcon_parallel_executor.executor.parallel:run_until_complete finished with '1'
[9.854s] DEBUG:colcon.colcon_core.event_reactor:joining thread
[9.855s] DEBUG:colcon.colcon_core.event_reactor:joined thread
[9.857s] INFO:colcon.colcon_core.shell:Creating prefix script '/home/leader/ros2_ws/install/local_setup.ps1'
[9.862s] INFO:colcon.colcon_core.shell:Creating prefix util module '/home/leader/ros2_ws/install/_local_setup_util_ps1.py'
[9.870s] INFO:colcon.colcon_core.shell:Creating prefix chain script '/home/leader/ros2_ws/install/setup.ps1'
[9.876s] INFO:colcon.colcon_core.shell:Creating prefix script '/home/leader/ros2_ws/install/local_setup.sh'
[9.879s] INFO:colcon.colcon_core.shell:Creating prefix util module '/home/leader/ros2_ws/install/_local_setup_util_sh.py'
[9.882s] INFO:colcon.colcon_core.shell:Creating prefix chain script '/home/leader/ros2_ws/install/setup.sh'
[9.888s] INFO:colcon.colcon_core.shell:Creating prefix script '/home/leader/ros2_ws/install/local_setup.bash'
[9.890s] INFO:colcon.colcon_core.shell:Creating prefix chain script '/home/leader/ros2_ws/install/setup.bash'
[9.895s] INFO:colcon.colcon_core.shell:Creating prefix script '/home/leader/ros2_ws/install/local_setup.zsh'
[9.897s] INFO:colcon.colcon_core.shell:Creating prefix chain script '/home/leader/ros2_ws/install/setup.zsh'
