[0.069s] Invoking command in '/home/leader/ros2_ws/build/alphabot2_interfaces': CMAKE_PREFIX_PATH=/opt/ros/humble /usr/bin/cmake /home/leader/ros2_ws/src/alphabot2-ros2/alphabot2_interfaces -DCMAKE_INSTALL_PREFIX=/home/leader/ros2_ws/install/alphabot2_interfaces
[0.404s] -- The C compiler identification is GNU 11.4.0
[0.716s] -- The CXX compiler identification is GNU 11.4.0
[0.758s] -- Detecting C compiler ABI info
[1.182s] -- Detecting C compiler ABI info - done
[1.207s] -- Check for working C compiler: /usr/bin/cc - skipped
[1.208s] -- Detecting C compile features
[1.209s] -- Detecting C compile features - done
[1.222s] -- Detecting CXX compiler ABI info
[1.623s] -- Detecting CXX compiler ABI info - done
[1.657s] -- Check for working CXX compiler: /usr/bin/c++ - skipped
[1.658s] -- Detecting CXX compile features
[1.659s] -- Detecting CXX compile features - done
[1.708s] -- Found ament_cmake: 1.3.14 (/opt/ros/humble/share/ament_cmake/cmake)
[2.556s] -- Found Python3: /usr/bin/python3 (found version "3.10.12") found components: Interpreter 
[3.260s] -- Found rosidl_default_generators: 1.2.1 (/opt/ros/humble/share/rosidl_default_generators/cmake)
[3.289s] -- Using all available rosidl_typesupport_c: rosidl_typesupport_fastrtps_c;rosidl_typesupport_introspection_c
[3.359s] -- Found rosidl_adapter: 3.1.8 (/opt/ros/humble/share/rosidl_adapter/cmake)
[3.768s] -- Using all available rosidl_typesupport_cpp: rosidl_typesupport_fastrtps_cpp;rosidl_typesupport_introspection_cpp
[5.546s] -- Found ament_cmake_ros: 0.10.0 (/opt/ros/humble/share/ament_cmake_ros/cmake)
[6.605s] -- Using all available rosidl_typesupport_c: rosidl_typesupport_fastrtps_c;rosidl_typesupport_introspection_c
[7.913s] -- Using all available rosidl_typesupport_cpp: rosidl_typesupport_fastrtps_cpp;rosidl_typesupport_introspection_cpp
[8.044s] -- Found PythonInterp: /usr/bin/python3 (found suitable version "3.10.12", minimum required is "3.6") 
[8.063s] -- Found python_cmake_module: 0.10.0 (/opt/ros/humble/share/python_cmake_module/cmake)
[8.216s] -- Found PythonLibs: /usr/lib/aarch64-linux-gnu/libpython3.10.so (found suitable version "3.10.12", minimum required is "3.5") 
[8.217s] -- Using PYTHON_EXECUTABLE: /usr/bin/python3
[8.217s] -- Using PYTHON_INCLUDE_DIRS: /usr/include/python3.10
[8.218s] -- Using PYTHON_LIBRARIES: /usr/lib/aarch64-linux-gnu/libpython3.10.so
[8.340s] -- Found PythonExtra: .so  
[8.491s] [31mCMake Error at /opt/ros/humble/share/ament_cmake_core/cmake/environment_hooks/ament_environment_hooks.cmake:60 (configure_file):
[8.491s]   No such file or directory
[8.492s] Call Stack (most recent call first):
[8.496s]   /opt/ros/humble/share/ament_cmake_python/cmake/ament_cmake_python-extras.cmake:36 (ament_environment_hooks)
[8.497s]   /opt/ros/humble/share/ament_cmake_python/cmake/ament_python_install_package.cmake:38 (_ament_cmake_python_register_environment_hook)
[8.497s]   /opt/ros/humble/share/rosidl_generator_py/cmake/rosidl_generator_py_generate_interfaces.cmake:124 (ament_python_install_package)
[8.498s]   /opt/ros/humble/share/ament_cmake_core/cmake/core/ament_execute_extensions.cmake:48 (include)
[8.498s]   /opt/ros/humble/share/rosidl_cmake/cmake/rosidl_generate_interfaces.cmake:286 (ament_execute_extensions)
[8.499s]   CMakeLists.txt:25 (rosidl_generate_interfaces)
[8.500s] 
[8.500s] [0m
[8.884s] -- Found ament_lint_auto: 0.12.15 (/opt/ros/humble/share/ament_lint_auto/cmake)
[9.135s] [31mCMake Error at /opt/ros/humble/share/rosidl_cmake/cmake/rosidl_cmake_export_typesupport_targets_package_hook.cmake:18 (configure_file):
[9.135s]   No such file or directory
[9.135s] Call Stack (most recent call first):
[9.136s]   /opt/ros/humble/share/ament_cmake_core/cmake/core/ament_execute_extensions.cmake:48 (include)
[9.136s]   /opt/ros/humble/share/ament_cmake_core/cmake/core/ament_package.cmake:66 (ament_execute_extensions)
[9.137s]   CMakeLists.txt:40 (ament_package)
[9.137s] 
[9.137s] [0m
[9.142s] -- Added test 'copyright' to check source files copyright and LICENSE
[9.161s] -- Added test 'lint_cmake' to check CMake code style
[9.166s] -- Added test 'xmllint' to check XML markup files
[9.192s] -- Configuring incomplete, errors occurred!
[9.193s] See also "/home/leader/ros2_ws/build/alphabot2_interfaces/CMakeFiles/CMakeOutput.log".
[9.247s] Invoked command in '/home/leader/ros2_ws/build/alphabot2_interfaces' returned '1': CMAKE_PREFIX_PATH=/opt/ros/humble /usr/bin/cmake /home/leader/ros2_ws/src/alphabot2-ros2/alphabot2_interfaces -DCMAKE_INSTALL_PREFIX=/home/leader/ros2_ws/install/alphabot2_interfaces
