[0.078s] Invoking command in '/home/leader/ros2_ws/build/alphabot2_interfaces': CMAKE_PREFIX_PATH=/opt/ros/humble /usr/bin/cmake --build /home/leader/ros2_ws/build/alphabot2_interfaces -- -j4 -l4
[0.400s] [  3%] Built target alphabot2_interfaces__rs
[0.424s] [  6%] Built target alphabot2_interfaces__cpp
[0.563s] [ 15%] Built target alphabot2_interfaces__rosidl_generator_c
[0.596s] [ 15%] Built target ament_cmake_python_copy_alphabot2_interfaces
[0.680s] [ 25%] Built target alphabot2_interfaces__rosidl_typesupport_introspection_cpp
[0.697s] [ 34%] Built target alphabot2_interfaces__rosidl_typesupport_fastrtps_cpp
[0.823s] [ 43%] Built target alphabot2_interfaces__rosidl_typesupport_cpp
[0.840s] [ 53%] Built target alphabot2_interfaces__rosidl_typesupport_fastrtps_c
[0.940s] [ 62%] Built target alphabot2_interfaces__rosidl_typesupport_introspection_c
[0.979s] [ 71%] Built target alphabot2_interfaces__rosidl_typesupport_c
[1.172s] [ 71%] Built target alphabot2_interfaces
[1.322s] [ 75%] Built target alphabot2_interfaces__py
[1.558s] [ 81%] Built target alphabot2_interfaces__rosidl_generator_py
[1.765s] [ 87%] Built target alphabot2_interfaces__rosidl_typesupport_introspection_c__pyext
[1.799s] [ 93%] Built target alphabot2_interfaces__rosidl_typesupport_fastrtps_c__pyext
[1.810s] [100%] Built target alphabot2_interfaces__rosidl_typesupport_c__pyext
[2.674s] running egg_info
[2.678s] writing alphabot2_interfaces.egg-info/PKG-INFO
[2.681s] writing dependency_links to alphabot2_interfaces.egg-info/dependency_links.txt
[2.682s] writing top-level names to alphabot2_interfaces.egg-info/top_level.txt
[2.694s] reading manifest file 'alphabot2_interfaces.egg-info/SOURCES.txt'
[2.697s] writing manifest file 'alphabot2_interfaces.egg-info/SOURCES.txt'
[2.856s] [100%] Built target ament_cmake_python_build_alphabot2_interfaces_egg
[2.903s] Invoked command in '/home/leader/ros2_ws/build/alphabot2_interfaces' returned '0': CMAKE_PREFIX_PATH=/opt/ros/humble /usr/bin/cmake --build /home/leader/ros2_ws/build/alphabot2_interfaces -- -j4 -l4
[2.947s] Invoking command in '/home/leader/ros2_ws/build/alphabot2_interfaces': CMAKE_PREFIX_PATH=/opt/ros/humble /usr/bin/cmake --install /home/leader/ros2_ws/build/alphabot2_interfaces
[2.976s] -- Install configuration: ""
[2.980s] -- Up-to-date: /home/leader/ros2_ws/install/alphabot2_interfaces/share/ament_index/resource_index/rosidl_interfaces/alphabot2_interfaces
[2.983s] -- Up-to-date: /home/leader/ros2_ws/install/alphabot2_interfaces/include/alphabot2_interfaces/alphabot2_interfaces
[2.987s] -- Up-to-date: /home/leader/ros2_ws/install/alphabot2_interfaces/include/alphabot2_interfaces/alphabot2_interfaces/msg
[2.989s] -- Up-to-date: /home/leader/ros2_ws/install/alphabot2_interfaces/include/alphabot2_interfaces/alphabot2_interfaces/msg/obstacle.h
[2.993s] -- Up-to-date: /home/leader/ros2_ws/install/alphabot2_interfaces/include/alphabot2_interfaces/alphabot2_interfaces/msg/rosidl_generator_c__visibility_control.h
[2.997s] -- Up-to-date: /home/leader/ros2_ws/install/alphabot2_interfaces/include/alphabot2_interfaces/alphabot2_interfaces/msg/detail
[2.999s] -- Up-to-date: /home/leader/ros2_ws/install/alphabot2_interfaces/include/alphabot2_interfaces/alphabot2_interfaces/msg/detail/obstacle__struct.h
[3.003s] -- Up-to-date: /home/leader/ros2_ws/install/alphabot2_interfaces/include/alphabot2_interfaces/alphabot2_interfaces/msg/detail/obstacle__type_support.h
[3.006s] -- Up-to-date: /home/leader/ros2_ws/install/alphabot2_interfaces/include/alphabot2_interfaces/alphabot2_interfaces/msg/detail/obstacle__functions.h
[3.010s] -- Up-to-date: /home/leader/ros2_ws/install/alphabot2_interfaces/include/alphabot2_interfaces/alphabot2_interfaces/msg/detail/obstacle__functions.c
[3.013s] -- Up-to-date: /home/leader/ros2_ws/install/alphabot2_interfaces/share/alphabot2_interfaces/environment/library_path.sh
[3.015s] -- Up-to-date: /home/leader/ros2_ws/install/alphabot2_interfaces/share/alphabot2_interfaces/environment/library_path.dsv
[3.018s] -- Up-to-date: /home/leader/ros2_ws/install/alphabot2_interfaces/lib/libalphabot2_interfaces__rosidl_generator_c.so
[3.021s] -- Up-to-date: /home/leader/ros2_ws/install/alphabot2_interfaces/include/alphabot2_interfaces/alphabot2_interfaces
[3.022s] -- Up-to-date: /home/leader/ros2_ws/install/alphabot2_interfaces/include/alphabot2_interfaces/alphabot2_interfaces/msg
[3.022s] -- Up-to-date: /home/leader/ros2_ws/install/alphabot2_interfaces/include/alphabot2_interfaces/alphabot2_interfaces/msg/detail
[3.023s] -- Up-to-date: /home/leader/ros2_ws/install/alphabot2_interfaces/include/alphabot2_interfaces/alphabot2_interfaces/msg/detail/obstacle__rosidl_typesupport_fastrtps_c.h
[3.024s] -- Up-to-date: /home/leader/ros2_ws/install/alphabot2_interfaces/include/alphabot2_interfaces/alphabot2_interfaces/msg/rosidl_typesupport_fastrtps_c__visibility_control.h
[3.024s] -- Up-to-date: /home/leader/ros2_ws/install/alphabot2_interfaces/lib/libalphabot2_interfaces__rosidl_typesupport_fastrtps_c.so
[3.025s] -- Up-to-date: /home/leader/ros2_ws/install/alphabot2_interfaces/include/alphabot2_interfaces/alphabot2_interfaces
[3.025s] -- Up-to-date: /home/leader/ros2_ws/install/alphabot2_interfaces/include/alphabot2_interfaces/alphabot2_interfaces/msg
[3.025s] -- Up-to-date: /home/leader/ros2_ws/install/alphabot2_interfaces/include/alphabot2_interfaces/alphabot2_interfaces/msg/detail
[3.027s] -- Up-to-date: /home/leader/ros2_ws/install/alphabot2_interfaces/include/alphabot2_interfaces/alphabot2_interfaces/msg/detail/obstacle__type_support.c
[3.027s] -- Up-to-date: /home/leader/ros2_ws/install/alphabot2_interfaces/include/alphabot2_interfaces/alphabot2_interfaces/msg/detail/obstacle__rosidl_typesupport_introspection_c.h
[3.028s] -- Up-to-date: /home/leader/ros2_ws/install/alphabot2_interfaces/include/alphabot2_interfaces/alphabot2_interfaces/msg/rosidl_typesupport_introspection_c__visibility_control.h
[3.029s] -- Up-to-date: /home/leader/ros2_ws/install/alphabot2_interfaces/lib/libalphabot2_interfaces__rosidl_typesupport_introspection_c.so
[3.030s] -- Up-to-date: /home/leader/ros2_ws/install/alphabot2_interfaces/lib/libalphabot2_interfaces__rosidl_typesupport_c.so
[3.032s] -- Up-to-date: /home/leader/ros2_ws/install/alphabot2_interfaces/include/alphabot2_interfaces/alphabot2_interfaces
[3.034s] -- Up-to-date: /home/leader/ros2_ws/install/alphabot2_interfaces/include/alphabot2_interfaces/alphabot2_interfaces/msg
[3.035s] -- Up-to-date: /home/leader/ros2_ws/install/alphabot2_interfaces/include/alphabot2_interfaces/alphabot2_interfaces/msg/rosidl_generator_cpp__visibility_control.hpp
[3.035s] -- Up-to-date: /home/leader/ros2_ws/install/alphabot2_interfaces/include/alphabot2_interfaces/alphabot2_interfaces/msg/obstacle.hpp
[3.036s] -- Up-to-date: /home/leader/ros2_ws/install/alphabot2_interfaces/include/alphabot2_interfaces/alphabot2_interfaces/msg/detail
[3.037s] -- Up-to-date: /home/leader/ros2_ws/install/alphabot2_interfaces/include/alphabot2_interfaces/alphabot2_interfaces/msg/detail/obstacle__struct.hpp
[3.037s] -- Up-to-date: /home/leader/ros2_ws/install/alphabot2_interfaces/include/alphabot2_interfaces/alphabot2_interfaces/msg/detail/obstacle__traits.hpp
[3.038s] -- Up-to-date: /home/leader/ros2_ws/install/alphabot2_interfaces/include/alphabot2_interfaces/alphabot2_interfaces/msg/detail/obstacle__type_support.hpp
[3.038s] -- Up-to-date: /home/leader/ros2_ws/install/alphabot2_interfaces/include/alphabot2_interfaces/alphabot2_interfaces/msg/detail/obstacle__builder.hpp
[3.039s] -- Up-to-date: /home/leader/ros2_ws/install/alphabot2_interfaces/include/alphabot2_interfaces/alphabot2_interfaces
[3.040s] -- Up-to-date: /home/leader/ros2_ws/install/alphabot2_interfaces/include/alphabot2_interfaces/alphabot2_interfaces/msg
[3.040s] -- Up-to-date: /home/leader/ros2_ws/install/alphabot2_interfaces/include/alphabot2_interfaces/alphabot2_interfaces/msg/rosidl_typesupport_fastrtps_cpp__visibility_control.h
[3.042s] -- Up-to-date: /home/leader/ros2_ws/install/alphabot2_interfaces/include/alphabot2_interfaces/alphabot2_interfaces/msg/detail
[3.042s] -- Up-to-date: /home/leader/ros2_ws/install/alphabot2_interfaces/include/alphabot2_interfaces/alphabot2_interfaces/msg/detail/obstacle__rosidl_typesupport_fastrtps_cpp.hpp
[3.043s] -- Up-to-date: /home/leader/ros2_ws/install/alphabot2_interfaces/include/alphabot2_interfaces/alphabot2_interfaces/msg/detail/dds_fastrtps
[3.043s] -- Up-to-date: /home/leader/ros2_ws/install/alphabot2_interfaces/lib/libalphabot2_interfaces__rosidl_typesupport_fastrtps_cpp.so
[3.044s] -- Up-to-date: /home/leader/ros2_ws/install/alphabot2_interfaces/include/alphabot2_interfaces/alphabot2_interfaces
[3.046s] -- Up-to-date: /home/leader/ros2_ws/install/alphabot2_interfaces/include/alphabot2_interfaces/alphabot2_interfaces/msg
[3.046s] -- Up-to-date: /home/leader/ros2_ws/install/alphabot2_interfaces/include/alphabot2_interfaces/alphabot2_interfaces/msg/detail
[3.048s] -- Up-to-date: /home/leader/ros2_ws/install/alphabot2_interfaces/include/alphabot2_interfaces/alphabot2_interfaces/msg/detail/obstacle__rosidl_typesupport_introspection_cpp.hpp
[3.049s] -- Up-to-date: /home/leader/ros2_ws/install/alphabot2_interfaces/include/alphabot2_interfaces/alphabot2_interfaces/msg/detail/obstacle__type_support.cpp
[3.049s] -- Up-to-date: /home/leader/ros2_ws/install/alphabot2_interfaces/lib/libalphabot2_interfaces__rosidl_typesupport_introspection_cpp.so
[3.050s] -- Up-to-date: /home/leader/ros2_ws/install/alphabot2_interfaces/lib/libalphabot2_interfaces__rosidl_typesupport_cpp.so
[3.050s] -- Up-to-date: /home/leader/ros2_ws/install/alphabot2_interfaces/share/alphabot2_interfaces/environment/pythonpath.sh
[3.051s] -- Up-to-date: /home/leader/ros2_ws/install/alphabot2_interfaces/share/alphabot2_interfaces/environment/pythonpath.dsv
[3.051s] -- Up-to-date: /home/leader/ros2_ws/install/alphabot2_interfaces/local/lib/python3.10/dist-packages/alphabot2_interfaces-0.0.0-py3.10.egg-info
[3.051s] -- Installing: /home/leader/ros2_ws/install/alphabot2_interfaces/local/lib/python3.10/dist-packages/alphabot2_interfaces-0.0.0-py3.10.egg-info/PKG-INFO
[3.052s] -- Installing: /home/leader/ros2_ws/install/alphabot2_interfaces/local/lib/python3.10/dist-packages/alphabot2_interfaces-0.0.0-py3.10.egg-info/top_level.txt
[3.052s] -- Installing: /home/leader/ros2_ws/install/alphabot2_interfaces/local/lib/python3.10/dist-packages/alphabot2_interfaces-0.0.0-py3.10.egg-info/dependency_links.txt
[3.053s] -- Installing: /home/leader/ros2_ws/install/alphabot2_interfaces/local/lib/python3.10/dist-packages/alphabot2_interfaces-0.0.0-py3.10.egg-info/SOURCES.txt
[3.053s] -- Up-to-date: /home/leader/ros2_ws/install/alphabot2_interfaces/local/lib/python3.10/dist-packages/alphabot2_interfaces
[3.053s] -- Up-to-date: /home/leader/ros2_ws/install/alphabot2_interfaces/local/lib/python3.10/dist-packages/alphabot2_interfaces/_alphabot2_interfaces_s.ep.rosidl_typesupport_fastrtps_c.c
[3.054s] -- Up-to-date: /home/leader/ros2_ws/install/alphabot2_interfaces/local/lib/python3.10/dist-packages/alphabot2_interfaces/alphabot2_interfaces_s__rosidl_typesupport_c.cpython-310-aarch64-linux-gnu.so
[3.054s] -- Up-to-date: /home/leader/ros2_ws/install/alphabot2_interfaces/local/lib/python3.10/dist-packages/alphabot2_interfaces/_alphabot2_interfaces_s.ep.rosidl_typesupport_introspection_c.c
[3.055s] -- Up-to-date: /home/leader/ros2_ws/install/alphabot2_interfaces/local/lib/python3.10/dist-packages/alphabot2_interfaces/msg
[3.055s] -- Up-to-date: /home/leader/ros2_ws/install/alphabot2_interfaces/local/lib/python3.10/dist-packages/alphabot2_interfaces/msg/_obstacle.py
[3.056s] -- Up-to-date: /home/leader/ros2_ws/install/alphabot2_interfaces/local/lib/python3.10/dist-packages/alphabot2_interfaces/msg/__init__.py
[3.056s] -- Up-to-date: /home/leader/ros2_ws/install/alphabot2_interfaces/local/lib/python3.10/dist-packages/alphabot2_interfaces/msg/_obstacle_s.c
[3.057s] -- Up-to-date: /home/leader/ros2_ws/install/alphabot2_interfaces/local/lib/python3.10/dist-packages/alphabot2_interfaces/__init__.py
[3.057s] -- Up-to-date: /home/leader/ros2_ws/install/alphabot2_interfaces/local/lib/python3.10/dist-packages/alphabot2_interfaces/alphabot2_interfaces_s__rosidl_typesupport_introspection_c.cpython-310-aarch64-linux-gnu.so
[3.058s] -- Up-to-date: /home/leader/ros2_ws/install/alphabot2_interfaces/local/lib/python3.10/dist-packages/alphabot2_interfaces/_alphabot2_interfaces_s.ep.rosidl_typesupport_c.c
[3.058s] -- Up-to-date: /home/leader/ros2_ws/install/alphabot2_interfaces/local/lib/python3.10/dist-packages/alphabot2_interfaces/libalphabot2_interfaces__rosidl_generator_py.so
[3.058s] -- Up-to-date: /home/leader/ros2_ws/install/alphabot2_interfaces/local/lib/python3.10/dist-packages/alphabot2_interfaces/alphabot2_interfaces_s__rosidl_typesupport_fastrtps_c.cpython-310-aarch64-linux-gnu.so
[3.182s] Listing '/home/leader/ros2_ws/install/alphabot2_interfaces/local/lib/python3.10/dist-packages/alphabot2_interfaces'...
[3.183s] Listing '/home/leader/ros2_ws/install/alphabot2_interfaces/local/lib/python3.10/dist-packages/alphabot2_interfaces/msg'...
[3.209s] -- Up-to-date: /home/leader/ros2_ws/install/alphabot2_interfaces/local/lib/python3.10/dist-packages/alphabot2_interfaces/alphabot2_interfaces_s__rosidl_typesupport_fastrtps_c.cpython-310-aarch64-linux-gnu.so
[3.211s] -- Up-to-date: /home/leader/ros2_ws/install/alphabot2_interfaces/local/lib/python3.10/dist-packages/alphabot2_interfaces/alphabot2_interfaces_s__rosidl_typesupport_introspection_c.cpython-310-aarch64-linux-gnu.so
[3.214s] -- Up-to-date: /home/leader/ros2_ws/install/alphabot2_interfaces/local/lib/python3.10/dist-packages/alphabot2_interfaces/alphabot2_interfaces_s__rosidl_typesupport_c.cpython-310-aarch64-linux-gnu.so
[3.217s] -- Up-to-date: /home/leader/ros2_ws/install/alphabot2_interfaces/lib/libalphabot2_interfaces__rosidl_generator_py.so
[3.218s] -- Up-to-date: /home/leader/ros2_ws/install/alphabot2_interfaces/share/ament_index/resource_index/rust_packages/alphabot2_interfaces
[3.219s] -- Up-to-date: /home/leader/ros2_ws/install/alphabot2_interfaces/share/alphabot2_interfaces/rust
[3.220s] -- Up-to-date: /home/leader/ros2_ws/install/alphabot2_interfaces/share/alphabot2_interfaces/rust/Cargo.toml
[3.221s] -- Up-to-date: /home/leader/ros2_ws/install/alphabot2_interfaces/share/alphabot2_interfaces/rust/src
[3.232s] -- Up-to-date: /home/leader/ros2_ws/install/alphabot2_interfaces/share/alphabot2_interfaces/rust/src/msg
[3.234s] -- Up-to-date: /home/leader/ros2_ws/install/alphabot2_interfaces/share/alphabot2_interfaces/rust/src/msg/rmw.rs
[3.240s] -- Up-to-date: /home/leader/ros2_ws/install/alphabot2_interfaces/share/alphabot2_interfaces/rust/src/msg.rs
[3.240s] -- Up-to-date: /home/leader/ros2_ws/install/alphabot2_interfaces/share/alphabot2_interfaces/rust/src/lib.rs
[3.241s] -- Up-to-date: /home/leader/ros2_ws/install/alphabot2_interfaces/share/alphabot2_interfaces/rust/build.rs
[3.242s] -- Up-to-date: /home/leader/ros2_ws/install/alphabot2_interfaces/share/alphabot2_interfaces/msg/Obstacle.idl
[3.242s] -- Up-to-date: /home/leader/ros2_ws/install/alphabot2_interfaces/share/alphabot2_interfaces/msg/Obstacle.msg
[3.243s] -- Up-to-date: /home/leader/ros2_ws/install/alphabot2_interfaces/share/ament_index/resource_index/package_run_dependencies/alphabot2_interfaces
[3.244s] -- Up-to-date: /home/leader/ros2_ws/install/alphabot2_interfaces/share/ament_index/resource_index/parent_prefix_path/alphabot2_interfaces
[3.245s] -- Up-to-date: /home/leader/ros2_ws/install/alphabot2_interfaces/share/alphabot2_interfaces/environment/ament_prefix_path.sh
[3.245s] -- Up-to-date: /home/leader/ros2_ws/install/alphabot2_interfaces/share/alphabot2_interfaces/environment/ament_prefix_path.dsv
[3.246s] -- Up-to-date: /home/leader/ros2_ws/install/alphabot2_interfaces/share/alphabot2_interfaces/environment/path.sh
[3.246s] -- Up-to-date: /home/leader/ros2_ws/install/alphabot2_interfaces/share/alphabot2_interfaces/environment/path.dsv
[3.247s] -- Up-to-date: /home/leader/ros2_ws/install/alphabot2_interfaces/share/alphabot2_interfaces/local_setup.bash
[3.248s] -- Up-to-date: /home/leader/ros2_ws/install/alphabot2_interfaces/share/alphabot2_interfaces/local_setup.sh
[3.248s] -- Up-to-date: /home/leader/ros2_ws/install/alphabot2_interfaces/share/alphabot2_interfaces/local_setup.zsh
[3.249s] -- Up-to-date: /home/leader/ros2_ws/install/alphabot2_interfaces/share/alphabot2_interfaces/local_setup.dsv
[3.250s] -- Installing: /home/leader/ros2_ws/install/alphabot2_interfaces/share/alphabot2_interfaces/package.dsv
[3.251s] -- Up-to-date: /home/leader/ros2_ws/install/alphabot2_interfaces/share/ament_index/resource_index/packages/alphabot2_interfaces
[3.251s] -- Up-to-date: /home/leader/ros2_ws/install/alphabot2_interfaces/share/alphabot2_interfaces/cmake/export_alphabot2_interfaces__rosidl_generator_cExport.cmake
[3.252s] -- Up-to-date: /home/leader/ros2_ws/install/alphabot2_interfaces/share/alphabot2_interfaces/cmake/export_alphabot2_interfaces__rosidl_generator_cExport-noconfig.cmake
[3.253s] -- Up-to-date: /home/leader/ros2_ws/install/alphabot2_interfaces/share/alphabot2_interfaces/cmake/export_alphabot2_interfaces__rosidl_typesupport_fastrtps_cExport.cmake
[3.253s] -- Up-to-date: /home/leader/ros2_ws/install/alphabot2_interfaces/share/alphabot2_interfaces/cmake/export_alphabot2_interfaces__rosidl_typesupport_fastrtps_cExport-noconfig.cmake
[3.254s] -- Up-to-date: /home/leader/ros2_ws/install/alphabot2_interfaces/share/alphabot2_interfaces/cmake/alphabot2_interfaces__rosidl_typesupport_introspection_cExport.cmake
[3.254s] -- Up-to-date: /home/leader/ros2_ws/install/alphabot2_interfaces/share/alphabot2_interfaces/cmake/alphabot2_interfaces__rosidl_typesupport_introspection_cExport-noconfig.cmake
[3.255s] -- Up-to-date: /home/leader/ros2_ws/install/alphabot2_interfaces/share/alphabot2_interfaces/cmake/alphabot2_interfaces__rosidl_typesupport_cExport.cmake
[3.256s] -- Up-to-date: /home/leader/ros2_ws/install/alphabot2_interfaces/share/alphabot2_interfaces/cmake/alphabot2_interfaces__rosidl_typesupport_cExport-noconfig.cmake
[3.256s] -- Up-to-date: /home/leader/ros2_ws/install/alphabot2_interfaces/share/alphabot2_interfaces/cmake/export_alphabot2_interfaces__rosidl_generator_cppExport.cmake
[3.257s] -- Up-to-date: /home/leader/ros2_ws/install/alphabot2_interfaces/share/alphabot2_interfaces/cmake/export_alphabot2_interfaces__rosidl_typesupport_fastrtps_cppExport.cmake
[3.257s] -- Up-to-date: /home/leader/ros2_ws/install/alphabot2_interfaces/share/alphabot2_interfaces/cmake/export_alphabot2_interfaces__rosidl_typesupport_fastrtps_cppExport-noconfig.cmake
[3.258s] -- Up-to-date: /home/leader/ros2_ws/install/alphabot2_interfaces/share/alphabot2_interfaces/cmake/alphabot2_interfaces__rosidl_typesupport_introspection_cppExport.cmake
[3.259s] -- Up-to-date: /home/leader/ros2_ws/install/alphabot2_interfaces/share/alphabot2_interfaces/cmake/alphabot2_interfaces__rosidl_typesupport_introspection_cppExport-noconfig.cmake
[3.259s] -- Up-to-date: /home/leader/ros2_ws/install/alphabot2_interfaces/share/alphabot2_interfaces/cmake/alphabot2_interfaces__rosidl_typesupport_cppExport.cmake
[3.260s] -- Up-to-date: /home/leader/ros2_ws/install/alphabot2_interfaces/share/alphabot2_interfaces/cmake/alphabot2_interfaces__rosidl_typesupport_cppExport-noconfig.cmake
[3.260s] -- Up-to-date: /home/leader/ros2_ws/install/alphabot2_interfaces/share/alphabot2_interfaces/cmake/export_alphabot2_interfaces__rosidl_generator_pyExport.cmake
[3.261s] -- Up-to-date: /home/leader/ros2_ws/install/alphabot2_interfaces/share/alphabot2_interfaces/cmake/export_alphabot2_interfaces__rosidl_generator_pyExport-noconfig.cmake
[3.262s] -- Up-to-date: /home/leader/ros2_ws/install/alphabot2_interfaces/share/alphabot2_interfaces/cmake/rosidl_cmake-extras.cmake
[3.263s] -- Up-to-date: /home/leader/ros2_ws/install/alphabot2_interfaces/share/alphabot2_interfaces/cmake/ament_cmake_export_include_directories-extras.cmake
[3.265s] -- Up-to-date: /home/leader/ros2_ws/install/alphabot2_interfaces/share/alphabot2_interfaces/cmake/ament_cmake_export_libraries-extras.cmake
[3.272s] -- Up-to-date: /home/leader/ros2_ws/install/alphabot2_interfaces/share/alphabot2_interfaces/cmake/ament_cmake_export_targets-extras.cmake
[3.273s] -- Up-to-date: /home/leader/ros2_ws/install/alphabot2_interfaces/share/alphabot2_interfaces/cmake/rosidl_cmake_export_typesupport_targets-extras.cmake
[3.274s] -- Up-to-date: /home/leader/ros2_ws/install/alphabot2_interfaces/share/alphabot2_interfaces/cmake/ament_cmake_export_dependencies-extras.cmake
[3.275s] -- Up-to-date: /home/leader/ros2_ws/install/alphabot2_interfaces/share/alphabot2_interfaces/cmake/rosidl_cmake_export_typesupport_libraries-extras.cmake
[3.276s] -- Up-to-date: /home/leader/ros2_ws/install/alphabot2_interfaces/share/alphabot2_interfaces/cmake/alphabot2_interfacesConfig.cmake
[3.278s] -- Up-to-date: /home/leader/ros2_ws/install/alphabot2_interfaces/share/alphabot2_interfaces/cmake/alphabot2_interfacesConfig-version.cmake
[3.279s] -- Up-to-date: /home/leader/ros2_ws/install/alphabot2_interfaces/share/alphabot2_interfaces/package.xml
[3.280s] Invoked command in '/home/leader/ros2_ws/build/alphabot2_interfaces' returned '0': CMAKE_PREFIX_PATH=/opt/ros/humble /usr/bin/cmake --install /home/leader/ros2_ws/build/alphabot2_interfaces
