[0.077s] Invoking command in '/home/leader/ros2_ws/build/alphabot2_interfaces': CMAKE_PREFIX_PATH=/opt/ros/humble /usr/bin/cmake --build /home/leader/ros2_ws/build/alphabot2_interfaces -- -j4 -l4
[0.520s] [  9%] Built target alphabot2_interfaces__rs
[0.625s] [ 18%] Built target alphabot2_interfaces__rosidl_generator_c
[0.650s] [ 21%] Built target alphabot2_interfaces__cpp
[0.880s] [ 25%] Built target ament_cmake_python_copy_alphabot2_interfaces
[1.043s] [ 34%] Built target alphabot2_interfaces__rosidl_typesupport_introspection_c
[1.194s] [ 50%] Built target alphabot2_interfaces__rosidl_typesupport_c
[1.219s] [ 59%] Built target alphabot2_interfaces__rosidl_typesupport_fastrtps_c
[1.450s] Built target alphabot2_interfaces__rosidl_typesupport_fastrtps_cpp
[1.509s] Built target alphabot2_interfaces__rosidl_typesupport_introspection_cpp
[1.591s] Built target alphabot2_interfaces__rosidl_typesupport_cpp
[1.725s] Built target alphabot2_interfaces
[1.921s] Built target alphabot2_interfaces__py
[2.262s] Built target alphabot2_interfaces__rosidl_generator_py
[2.500s] Built target alphabot2_interfaces__rosidl_typesupport_fastrtps_c__pyext
[2.572s] Built target alphabot2_interfaces__rosidl_typesupport_c__pyext
[2.749s] Built target alphabot2_interfaces__rosidl_typesupport_introspection_c__pyext
[4.002s] running egg_info
[4.007s] writing alphabot2_interfaces.egg-info/PKG-INFO
[4.008s] writing dependency_links to alphabot2_interfaces.egg-info/dependency_links.txt
[4.010s] writing top-level names to alphabot2_interfaces.egg-info/top_level.txt
[4.023s] reading manifest file 'alphabot2_interfaces.egg-info/SOURCES.txt'
[4.028s] writing manifest file 'alphabot2_interfaces.egg-info/SOURCES.txt'
[4.225s] Built target ament_cmake_python_build_alphabot2_interfaces_egg
[4.284s] Invoked command in '/home/leader/ros2_ws/build/alphabot2_interfaces' returned '0': CMAKE_PREFIX_PATH=/opt/ros/humble /usr/bin/cmake --build /home/leader/ros2_ws/build/alphabot2_interfaces -- -j4 -l4
[4.329s] Invoking command in '/home/leader/ros2_ws/build/alphabot2_interfaces': CMAKE_PREFIX_PATH=/opt/ros/humble /usr/bin/cmake --install /home/leader/ros2_ws/build/alphabot2_interfaces
[4.367s] -- Install configuration: ""
[4.368s] -- Up-to-date: /home/leader/ros2_ws/install/alphabot2_interfaces/share/ament_index/resource_index/rosidl_interfaces/alphabot2_interfaces
[4.372s] -- Up-to-date: /home/leader/ros2_ws/install/alphabot2_interfaces/include/alphabot2_interfaces/alphabot2_interfaces
[4.376s] -- Up-to-date: /home/leader/ros2_ws/install/alphabot2_interfaces/include/alphabot2_interfaces/alphabot2_interfaces/msg
[4.380s] -- Up-to-date: /home/leader/ros2_ws/install/alphabot2_interfaces/include/alphabot2_interfaces/alphabot2_interfaces/msg/obstacle.h
[4.384s] -- Up-to-date: /home/leader/ros2_ws/install/alphabot2_interfaces/include/alphabot2_interfaces/alphabot2_interfaces/msg/rosidl_generator_c__visibility_control.h
[4.388s] -- Up-to-date: /home/leader/ros2_ws/install/alphabot2_interfaces/include/alphabot2_interfaces/alphabot2_interfaces/msg/detail
[4.391s] -- Up-to-date: /home/leader/ros2_ws/install/alphabot2_interfaces/include/alphabot2_interfaces/alphabot2_interfaces/msg/detail/obstacle__struct.h
[4.396s] -- Up-to-date: /home/leader/ros2_ws/install/alphabot2_interfaces/include/alphabot2_interfaces/alphabot2_interfaces/msg/detail/obstacle__type_support.h
[4.400s] -- Up-to-date: /home/leader/ros2_ws/install/alphabot2_interfaces/include/alphabot2_interfaces/alphabot2_interfaces/msg/detail/obstacle__functions.h
[4.400s] -- Up-to-date: /home/leader/ros2_ws/install/alphabot2_interfaces/include/alphabot2_interfaces/alphabot2_interfaces/msg/detail/obstacle__functions.c
[4.404s] -- Up-to-date: /home/leader/ros2_ws/install/alphabot2_interfaces/share/alphabot2_interfaces/environment/library_path.sh
[4.407s] -- Up-to-date: /home/leader/ros2_ws/install/alphabot2_interfaces/share/alphabot2_interfaces/environment/library_path.dsv
[4.412s] -- Up-to-date: /home/leader/ros2_ws/install/alphabot2_interfaces/lib/libalphabot2_interfaces__rosidl_generator_c.so
[4.417s] -- Up-to-date: /home/leader/ros2_ws/install/alphabot2_interfaces/include/alphabot2_interfaces/alphabot2_interfaces
[4.422s] -- Up-to-date: /home/leader/ros2_ws/install/alphabot2_interfaces/include/alphabot2_interfaces/alphabot2_interfaces/msg
[4.423s] -- Up-to-date: /home/leader/ros2_ws/install/alphabot2_interfaces/include/alphabot2_interfaces/alphabot2_interfaces/msg/detail
[4.428s] -- Up-to-date: /home/leader/ros2_ws/install/alphabot2_interfaces/include/alphabot2_interfaces/alphabot2_interfaces/msg/detail/obstacle__rosidl_typesupport_fastrtps_c.h
[4.430s] -- Up-to-date: /home/leader/ros2_ws/install/alphabot2_interfaces/include/alphabot2_interfaces/alphabot2_interfaces/msg/rosidl_typesupport_fastrtps_c__visibility_control.h
[4.438s] -- Up-to-date: /home/leader/ros2_ws/install/alphabot2_interfaces/lib/libalphabot2_interfaces__rosidl_typesupport_fastrtps_c.so
[4.441s] -- Up-to-date: /home/leader/ros2_ws/install/alphabot2_interfaces/include/alphabot2_interfaces/alphabot2_interfaces
[4.442s] -- Up-to-date: /home/leader/ros2_ws/install/alphabot2_interfaces/include/alphabot2_interfaces/alphabot2_interfaces/msg
[4.450s] -- Up-to-date: /home/leader/ros2_ws/install/alphabot2_interfaces/include/alphabot2_interfaces/alphabot2_interfaces/msg/detail
[4.452s] -- Up-to-date: /home/leader/ros2_ws/install/alphabot2_interfaces/include/alphabot2_interfaces/alphabot2_interfaces/msg/detail/obstacle__type_support.c
[4.454s] -- Up-to-date: /home/leader/ros2_ws/install/alphabot2_interfaces/include/alphabot2_interfaces/alphabot2_interfaces/msg/detail/obstacle__rosidl_typesupport_introspection_c.h
[4.456s] -- Up-to-date: /home/leader/ros2_ws/install/alphabot2_interfaces/include/alphabot2_interfaces/alphabot2_interfaces/msg/rosidl_typesupport_introspection_c__visibility_control.h
[4.460s] -- Up-to-date: /home/leader/ros2_ws/install/alphabot2_interfaces/lib/libalphabot2_interfaces__rosidl_typesupport_introspection_c.so
[4.467s] -- Up-to-date: /home/leader/ros2_ws/install/alphabot2_interfaces/lib/libalphabot2_interfaces__rosidl_typesupport_c.so
[4.474s] -- Up-to-date: /home/leader/ros2_ws/install/alphabot2_interfaces/include/alphabot2_interfaces/alphabot2_interfaces
[4.476s] -- Up-to-date: /home/leader/ros2_ws/install/alphabot2_interfaces/include/alphabot2_interfaces/alphabot2_interfaces/msg
[4.478s] -- Up-to-date: /home/leader/ros2_ws/install/alphabot2_interfaces/include/alphabot2_interfaces/alphabot2_interfaces/msg/rosidl_generator_cpp__visibility_control.hpp
[4.483s] -- Up-to-date: /home/leader/ros2_ws/install/alphabot2_interfaces/include/alphabot2_interfaces/alphabot2_interfaces/msg/obstacle.hpp
[4.484s] -- Up-to-date: /home/leader/ros2_ws/install/alphabot2_interfaces/include/alphabot2_interfaces/alphabot2_interfaces/msg/detail
[4.488s] -- Up-to-date: /home/leader/ros2_ws/install/alphabot2_interfaces/include/alphabot2_interfaces/alphabot2_interfaces/msg/detail/obstacle__struct.hpp
[4.490s] -- Up-to-date: /home/leader/ros2_ws/install/alphabot2_interfaces/include/alphabot2_interfaces/alphabot2_interfaces/msg/detail/obstacle__traits.hpp
[4.492s] -- Up-to-date: /home/leader/ros2_ws/install/alphabot2_interfaces/include/alphabot2_interfaces/alphabot2_interfaces/msg/detail/obstacle__type_support.hpp
[4.496s] -- Up-to-date: /home/leader/ros2_ws/install/alphabot2_interfaces/include/alphabot2_interfaces/alphabot2_interfaces/msg/detail/obstacle__builder.hpp
[4.500s] -- Up-to-date: /home/leader/ros2_ws/install/alphabot2_interfaces/include/alphabot2_interfaces/alphabot2_interfaces
[4.502s] -- Up-to-date: /home/leader/ros2_ws/install/alphabot2_interfaces/include/alphabot2_interfaces/alphabot2_interfaces/msg
[4.506s] -- Up-to-date: /home/leader/ros2_ws/install/alphabot2_interfaces/include/alphabot2_interfaces/alphabot2_interfaces/msg/rosidl_typesupport_fastrtps_cpp__visibility_control.h
[4.510s] -- Up-to-date: /home/leader/ros2_ws/install/alphabot2_interfaces/include/alphabot2_interfaces/alphabot2_interfaces/msg/detail
[4.512s] -- Up-to-date: /home/leader/ros2_ws/install/alphabot2_interfaces/include/alphabot2_interfaces/alphabot2_interfaces/msg/detail/obstacle__rosidl_typesupport_fastrtps_cpp.hpp
[4.514s] -- Up-to-date: /home/leader/ros2_ws/install/alphabot2_interfaces/include/alphabot2_interfaces/alphabot2_interfaces/msg/detail/dds_fastrtps
[4.516s] -- Up-to-date: /home/leader/ros2_ws/install/alphabot2_interfaces/lib/libalphabot2_interfaces__rosidl_typesupport_fastrtps_cpp.so
[4.521s] -- Up-to-date: /home/leader/ros2_ws/install/alphabot2_interfaces/include/alphabot2_interfaces/alphabot2_interfaces
[4.523s] -- Up-to-date: /home/leader/ros2_ws/install/alphabot2_interfaces/include/alphabot2_interfaces/alphabot2_interfaces/msg
[4.527s] -- Up-to-date: /home/leader/ros2_ws/install/alphabot2_interfaces/include/alphabot2_interfaces/alphabot2_interfaces/msg/detail
[4.529s] -- Up-to-date: /home/leader/ros2_ws/install/alphabot2_interfaces/include/alphabot2_interfaces/alphabot2_interfaces/msg/detail/obstacle__rosidl_typesupport_introspection_cpp.hpp
[4.530s] -- Up-to-date: /home/leader/ros2_ws/install/alphabot2_interfaces/include/alphabot2_interfaces/alphabot2_interfaces/msg/detail/obstacle__type_support.cpp
[4.535s] -- Up-to-date: /home/leader/ros2_ws/install/alphabot2_interfaces/lib/libalphabot2_interfaces__rosidl_typesupport_introspection_cpp.so
[4.541s] -- Up-to-date: /home/leader/ros2_ws/install/alphabot2_interfaces/lib/libalphabot2_interfaces__rosidl_typesupport_cpp.so
[4.548s] -- Up-to-date: /home/leader/ros2_ws/install/alphabot2_interfaces/share/alphabot2_interfaces/environment/pythonpath.sh
[4.550s] -- Up-to-date: /home/leader/ros2_ws/install/alphabot2_interfaces/share/alphabot2_interfaces/environment/pythonpath.dsv
[4.551s] -- Up-to-date: /home/leader/ros2_ws/install/alphabot2_interfaces/local/lib/python3.10/dist-packages/alphabot2_interfaces-0.0.0-py3.10.egg-info
[4.553s] -- Installing: /home/leader/ros2_ws/install/alphabot2_interfaces/local/lib/python3.10/dist-packages/alphabot2_interfaces-0.0.0-py3.10.egg-info/PKG-INFO
[4.559s] -- Installing: /home/leader/ros2_ws/install/alphabot2_interfaces/local/lib/python3.10/dist-packages/alphabot2_interfaces-0.0.0-py3.10.egg-info/top_level.txt
[4.566s] -- Installing: /home/leader/ros2_ws/install/alphabot2_interfaces/local/lib/python3.10/dist-packages/alphabot2_interfaces-0.0.0-py3.10.egg-info/dependency_links.txt
[4.571s] -- Installing: /home/leader/ros2_ws/install/alphabot2_interfaces/local/lib/python3.10/dist-packages/alphabot2_interfaces-0.0.0-py3.10.egg-info/SOURCES.txt
[4.579s] -- Up-to-date: /home/leader/ros2_ws/install/alphabot2_interfaces/local/lib/python3.10/dist-packages/alphabot2_interfaces
[4.581s] -- Up-to-date: /home/leader/ros2_ws/install/alphabot2_interfaces/local/lib/python3.10/dist-packages/alphabot2_interfaces/_alphabot2_interfaces_s.ep.rosidl_typesupport_fastrtps_c.c
[4.583s] -- Up-to-date: /home/leader/ros2_ws/install/alphabot2_interfaces/local/lib/python3.10/dist-packages/alphabot2_interfaces/alphabot2_interfaces_s__rosidl_typesupport_c.cpython-310-aarch64-linux-gnu.so
[4.587s] -- Up-to-date: /home/leader/ros2_ws/install/alphabot2_interfaces/local/lib/python3.10/dist-packages/alphabot2_interfaces/_alphabot2_interfaces_s.ep.rosidl_typesupport_introspection_c.c
[4.588s] -- Up-to-date: /home/leader/ros2_ws/install/alphabot2_interfaces/local/lib/python3.10/dist-packages/alphabot2_interfaces/msg
[4.592s] -- Up-to-date: /home/leader/ros2_ws/install/alphabot2_interfaces/local/lib/python3.10/dist-packages/alphabot2_interfaces/msg/_obstacle.py
[4.594s] -- Up-to-date: /home/leader/ros2_ws/install/alphabot2_interfaces/local/lib/python3.10/dist-packages/alphabot2_interfaces/msg/__init__.py
[4.598s] -- Up-to-date: /home/leader/ros2_ws/install/alphabot2_interfaces/local/lib/python3.10/dist-packages/alphabot2_interfaces/msg/_obstacle_s.c
[4.600s] -- Up-to-date: /home/leader/ros2_ws/install/alphabot2_interfaces/local/lib/python3.10/dist-packages/alphabot2_interfaces/__init__.py
[4.602s] -- Up-to-date: /home/leader/ros2_ws/install/alphabot2_interfaces/local/lib/python3.10/dist-packages/alphabot2_interfaces/alphabot2_interfaces_s__rosidl_typesupport_introspection_c.cpython-310-aarch64-linux-gnu.so
[4.606s] -- Up-to-date: /home/leader/ros2_ws/install/alphabot2_interfaces/local/lib/python3.10/dist-packages/alphabot2_interfaces/_alphabot2_interfaces_s.ep.rosidl_typesupport_c.c
[4.608s] -- Up-to-date: /home/leader/ros2_ws/install/alphabot2_interfaces/local/lib/python3.10/dist-packages/alphabot2_interfaces/libalphabot2_interfaces__rosidl_generator_py.so
[4.612s] -- Up-to-date: /home/leader/ros2_ws/install/alphabot2_interfaces/local/lib/python3.10/dist-packages/alphabot2_interfaces/alphabot2_interfaces_s__rosidl_typesupport_fastrtps_c.cpython-310-aarch64-linux-gnu.so
[4.893s] Listing '/home/leader/ros2_ws/install/alphabot2_interfaces/local/lib/python3.10/dist-packages/alphabot2_interfaces'...
[4.895s] Listing '/home/leader/ros2_ws/install/alphabot2_interfaces/local/lib/python3.10/dist-packages/alphabot2_interfaces/msg'...
[4.942s] -- Up-to-date: /home/leader/ros2_ws/install/alphabot2_interfaces/local/lib/python3.10/dist-packages/alphabot2_interfaces/alphabot2_interfaces_s__rosidl_typesupport_fastrtps_c.cpython-310-aarch64-linux-gnu.so
[4.949s] -- Up-to-date: /home/leader/ros2_ws/install/alphabot2_interfaces/local/lib/python3.10/dist-packages/alphabot2_interfaces/alphabot2_interfaces_s__rosidl_typesupport_introspection_c.cpython-310-aarch64-linux-gnu.so
[4.968s] -- Up-to-date: /home/leader/ros2_ws/install/alphabot2_interfaces/local/lib/python3.10/dist-packages/alphabot2_interfaces/alphabot2_interfaces_s__rosidl_typesupport_c.cpython-310-aarch64-linux-gnu.so
[4.976s] -- Up-to-date: /home/leader/ros2_ws/install/alphabot2_interfaces/lib/libalphabot2_interfaces__rosidl_generator_py.so
[4.983s] -- Up-to-date: /home/leader/ros2_ws/install/alphabot2_interfaces/share/ament_index/resource_index/rust_packages/alphabot2_interfaces
[4.986s] -- Up-to-date: /home/leader/ros2_ws/install/alphabot2_interfaces/share/alphabot2_interfaces/rust
[4.991s] -- Up-to-date: /home/leader/ros2_ws/install/alphabot2_interfaces/share/alphabot2_interfaces/rust/Cargo.toml
[4.994s] -- Up-to-date: /home/leader/ros2_ws/install/alphabot2_interfaces/share/alphabot2_interfaces/rust/src
[4.996s] -- Up-to-date: /home/leader/ros2_ws/install/alphabot2_interfaces/share/alphabot2_interfaces/rust/src/msg
[4.997s] -- Up-to-date: /home/leader/ros2_ws/install/alphabot2_interfaces/share/alphabot2_interfaces/rust/src/msg/rmw.rs
[4.998s] -- Up-to-date: /home/leader/ros2_ws/install/alphabot2_interfaces/share/alphabot2_interfaces/rust/src/msg.rs
[4.999s] -- Up-to-date: /home/leader/ros2_ws/install/alphabot2_interfaces/share/alphabot2_interfaces/rust/src/lib.rs
[5.006s] -- Up-to-date: /home/leader/ros2_ws/install/alphabot2_interfaces/share/alphabot2_interfaces/rust/build.rs
[5.011s] -- Up-to-date: /home/leader/ros2_ws/install/alphabot2_interfaces/share/alphabot2_interfaces/msg/Obstacle.idl
[5.012s] -- Up-to-date: /home/leader/ros2_ws/install/alphabot2_interfaces/share/alphabot2_interfaces/msg/Obstacle.msg
[5.013s] -- Up-to-date: /home/leader/ros2_ws/install/alphabot2_interfaces/share/ament_index/resource_index/package_run_dependencies/alphabot2_interfaces
[5.015s] -- Up-to-date: /home/leader/ros2_ws/install/alphabot2_interfaces/share/ament_index/resource_index/parent_prefix_path/alphabot2_interfaces
[5.016s] -- Up-to-date: /home/leader/ros2_ws/install/alphabot2_interfaces/share/alphabot2_interfaces/environment/ament_prefix_path.sh
[5.029s] -- Up-to-date: /home/leader/ros2_ws/install/alphabot2_interfaces/share/alphabot2_interfaces/environment/ament_prefix_path.dsv
[5.030s] -- Up-to-date: /home/leader/ros2_ws/install/alphabot2_interfaces/share/alphabot2_interfaces/environment/path.sh
[5.031s] -- Up-to-date: /home/leader/ros2_ws/install/alphabot2_interfaces/share/alphabot2_interfaces/environment/path.dsv
[5.032s] -- Up-to-date: /home/leader/ros2_ws/install/alphabot2_interfaces/share/alphabot2_interfaces/local_setup.bash
[5.040s] -- Up-to-date: /home/leader/ros2_ws/install/alphabot2_interfaces/share/alphabot2_interfaces/local_setup.sh
[5.043s] -- Up-to-date: /home/leader/ros2_ws/install/alphabot2_interfaces/share/alphabot2_interfaces/local_setup.zsh
[5.045s] -- Up-to-date: /home/leader/ros2_ws/install/alphabot2_interfaces/share/alphabot2_interfaces/local_setup.dsv
[5.054s] -- Installing: /home/leader/ros2_ws/install/alphabot2_interfaces/share/alphabot2_interfaces/package.dsv
[5.055s] -- Up-to-date: /home/leader/ros2_ws/install/alphabot2_interfaces/share/ament_index/resource_index/packages/alphabot2_interfaces
[5.056s] -- Up-to-date: /home/leader/ros2_ws/install/alphabot2_interfaces/share/alphabot2_interfaces/cmake/export_alphabot2_interfaces__rosidl_generator_cExport.cmake
[5.057s] -- Up-to-date: /home/leader/ros2_ws/install/alphabot2_interfaces/share/alphabot2_interfaces/cmake/export_alphabot2_interfaces__rosidl_generator_cExport-noconfig.cmake
[5.058s] -- Up-to-date: /home/leader/ros2_ws/install/alphabot2_interfaces/share/alphabot2_interfaces/cmake/export_alphabot2_interfaces__rosidl_typesupport_fastrtps_cExport.cmake
[5.059s] -- Up-to-date: /home/leader/ros2_ws/install/alphabot2_interfaces/share/alphabot2_interfaces/cmake/export_alphabot2_interfaces__rosidl_typesupport_fastrtps_cExport-noconfig.cmake
[5.060s] -- Up-to-date: /home/leader/ros2_ws/install/alphabot2_interfaces/share/alphabot2_interfaces/cmake/alphabot2_interfaces__rosidl_typesupport_introspection_cExport.cmake
[5.078s] -- Up-to-date: /home/leader/ros2_ws/install/alphabot2_interfaces/share/alphabot2_interfaces/cmake/alphabot2_interfaces__rosidl_typesupport_introspection_cExport-noconfig.cmake
[5.080s] -- Up-to-date: /home/leader/ros2_ws/install/alphabot2_interfaces/share/alphabot2_interfaces/cmake/alphabot2_interfaces__rosidl_typesupport_cExport.cmake
[5.081s] -- Up-to-date: /home/leader/ros2_ws/install/alphabot2_interfaces/share/alphabot2_interfaces/cmake/alphabot2_interfaces__rosidl_typesupport_cExport-noconfig.cmake
[5.083s] -- Up-to-date: /home/leader/ros2_ws/install/alphabot2_interfaces/share/alphabot2_interfaces/cmake/export_alphabot2_interfaces__rosidl_generator_cppExport.cmake
[5.084s] -- Up-to-date: /home/leader/ros2_ws/install/alphabot2_interfaces/share/alphabot2_interfaces/cmake/export_alphabot2_interfaces__rosidl_typesupport_fastrtps_cppExport.cmake
[5.092s] -- Up-to-date: /home/leader/ros2_ws/install/alphabot2_interfaces/share/alphabot2_interfaces/cmake/export_alphabot2_interfaces__rosidl_typesupport_fastrtps_cppExport-noconfig.cmake
[5.093s] -- Up-to-date: /home/leader/ros2_ws/install/alphabot2_interfaces/share/alphabot2_interfaces/cmake/alphabot2_interfaces__rosidl_typesupport_introspection_cppExport.cmake
[5.094s] -- Up-to-date: /home/leader/ros2_ws/install/alphabot2_interfaces/share/alphabot2_interfaces/cmake/alphabot2_interfaces__rosidl_typesupport_introspection_cppExport-noconfig.cmake
[5.095s] -- Up-to-date: /home/leader/ros2_ws/install/alphabot2_interfaces/share/alphabot2_interfaces/cmake/alphabot2_interfaces__rosidl_typesupport_cppExport.cmake
[5.095s] -- Up-to-date: /home/leader/ros2_ws/install/alphabot2_interfaces/share/alphabot2_interfaces/cmake/alphabot2_interfaces__rosidl_typesupport_cppExport-noconfig.cmake
[5.096s] -- Up-to-date: /home/leader/ros2_ws/install/alphabot2_interfaces/share/alphabot2_interfaces/cmake/export_alphabot2_interfaces__rosidl_generator_pyExport.cmake
[5.126s] -- Up-to-date: /home/leader/ros2_ws/install/alphabot2_interfaces/share/alphabot2_interfaces/cmake/export_alphabot2_interfaces__rosidl_generator_pyExport-noconfig.cmake
[5.127s] -- Up-to-date: /home/leader/ros2_ws/install/alphabot2_interfaces/share/alphabot2_interfaces/cmake/rosidl_cmake-extras.cmake
[5.128s] -- Up-to-date: /home/leader/ros2_ws/install/alphabot2_interfaces/share/alphabot2_interfaces/cmake/ament_cmake_export_include_directories-extras.cmake
[5.128s] -- Up-to-date: /home/leader/ros2_ws/install/alphabot2_interfaces/share/alphabot2_interfaces/cmake/ament_cmake_export_libraries-extras.cmake
[5.129s] -- Up-to-date: /home/leader/ros2_ws/install/alphabot2_interfaces/share/alphabot2_interfaces/cmake/ament_cmake_export_targets-extras.cmake
[5.129s] -- Up-to-date: /home/leader/ros2_ws/install/alphabot2_interfaces/share/alphabot2_interfaces/cmake/rosidl_cmake_export_typesupport_targets-extras.cmake
[5.151s] -- Up-to-date: /home/leader/ros2_ws/install/alphabot2_interfaces/share/alphabot2_interfaces/cmake/ament_cmake_export_dependencies-extras.cmake
[5.151s] -- Up-to-date: /home/leader/ros2_ws/install/alphabot2_interfaces/share/alphabot2_interfaces/cmake/rosidl_cmake_export_typesupport_libraries-extras.cmake
[5.152s] -- Up-to-date: /home/leader/ros2_ws/install/alphabot2_interfaces/share/alphabot2_interfaces/cmake/alphabot2_interfacesConfig.cmake
[5.153s] -- Up-to-date: /home/leader/ros2_ws/install/alphabot2_interfaces/share/alphabot2_interfaces/cmake/alphabot2_interfacesConfig-version.cmake
[5.153s] -- Up-to-date: /home/leader/ros2_ws/install/alphabot2_interfaces/share/alphabot2_interfaces/package.xml
[5.154s] Invoked command in '/home/leader/ros2_ws/build/alphabot2_interfaces' returned '0': CMAKE_PREFIX_PATH=/opt/ros/humble /usr/bin/cmake --install /home/leader/ros2_ws/build/alphabot2_interfaces
