[0.564s] DEBUG:colcon:Command line arguments: ['/usr/bin/colcon', 'build']
[0.565s] DEBUG:colcon:Parsed command line arguments: Namespace(log_base=None, log_level=None, verb_name='build', build_base='build', install_base='install', merge_install=False, symlink_install=False, test_result_base=None, continue_on_error=False, executor='parallel', parallel_workers=4, event_handlers=None, ignore_user_meta=False, metas=['./colcon.meta'], base_paths=['.'], packages_ignore=None, packages_ignore_regex=None, paths=None, packages_up_to=None, packages_up_to_regex=None, packages_above=None, packages_above_and_dependencies=None, packages_above_depth=None, packages_select_by_dep=None, packages_skip_by_dep=None, packages_skip_up_to=None, packages_select_build_failed=False, packages_skip_build_finished=False, packages_select_test_failures=False, packages_skip_test_passed=False, packages_select=None, packages_skip=None, packages_select_regex=None, packages_skip_regex=None, packages_start=None, packages_end=None, allow_overriding=[], cmake_args=None, cmake_target=None, cmake_target_skip_unavailable=False, cmake_clean_cache=False, cmake_clean_first=False, cmake_force_configure=False, ament_cmake_args=None, catkin_cmake_args=None, catkin_skip_building_tests=False, verb_parser=<colcon_defaults.argument_parser.defaults.DefaultArgumentsDecorator object at 0xffff87c96ad0>, verb_extension=<colcon_core.verb.build.BuildVerb object at 0xffff87e2ffa0>, main=<bound method BuildVerb.main of <colcon_core.verb.build.BuildVerb object at 0xffff87e2ffa0>>)
[2.006s] Level 1:colcon.colcon_core.package_discovery:discover_packages(colcon_meta) check parameters
[2.006s] Level 1:colcon.colcon_core.package_discovery:discover_packages(recursive) check parameters
[2.007s] Level 1:colcon.colcon_core.package_discovery:discover_packages(ignore) check parameters
[2.007s] Level 1:colcon.colcon_core.package_discovery:discover_packages(path) check parameters
[2.007s] Level 1:colcon.colcon_core.package_discovery:discover_packages(colcon_meta) discover
[2.008s] Level 1:colcon.colcon_core.package_discovery:discover_packages(recursive) discover
[2.008s] INFO:colcon.colcon_core.package_discovery:Crawling recursively for packages in '/home/leader/ros2_ws'
[2.008s] Level 1:colcon.colcon_core.package_identification:_identify(.) by extensions ['ignore', 'ignore_ament_install']
[2.009s] Level 1:colcon.colcon_core.package_identification:_identify(.) by extension 'ignore'
[2.009s] Level 1:colcon.colcon_core.package_identification:_identify(.) by extension 'ignore_ament_install'
[2.010s] Level 1:colcon.colcon_core.package_identification:_identify(.) by extensions ['colcon_pkg']
[2.010s] Level 1:colcon.colcon_core.package_identification:_identify(.) by extension 'colcon_pkg'
[2.010s] Level 1:colcon.colcon_core.package_identification:_identify(.) by extensions ['colcon_meta']
[2.010s] Level 1:colcon.colcon_core.package_identification:_identify(.) by extension 'colcon_meta'
[2.011s] Level 1:colcon.colcon_core.package_identification:_identify(.) by extensions ['ros']
[2.011s] Level 1:colcon.colcon_core.package_identification:_identify(.) by extension 'ros'
[2.065s] Level 1:colcon.colcon_core.package_identification:_identify(.) by extensions ['cmake', 'python']
[2.065s] Level 1:colcon.colcon_core.package_identification:_identify(.) by extension 'cmake'
[2.066s] Level 1:colcon.colcon_core.package_identification:_identify(.) by extension 'python'
[2.066s] Level 1:colcon.colcon_core.package_identification:_identify(.) by extensions ['python_setup_py']
[2.066s] Level 1:colcon.colcon_core.package_identification:_identify(.) by extension 'python_setup_py'
[2.067s] Level 1:colcon.colcon_core.package_identification:_identify(build) by extensions ['ignore', 'ignore_ament_install']
[2.067s] Level 1:colcon.colcon_core.package_identification:_identify(build) by extension 'ignore'
[2.068s] Level 1:colcon.colcon_core.package_identification:_identify(build) ignored
[2.068s] Level 1:colcon.colcon_core.package_identification:_identify(install) by extensions ['ignore', 'ignore_ament_install']
[2.069s] Level 1:colcon.colcon_core.package_identification:_identify(install) by extension 'ignore'
[2.069s] Level 1:colcon.colcon_core.package_identification:_identify(install) ignored
[2.070s] Level 1:colcon.colcon_core.package_identification:_identify(log) by extensions ['ignore', 'ignore_ament_install']
[2.070s] Level 1:colcon.colcon_core.package_identification:_identify(log) by extension 'ignore'
[2.071s] Level 1:colcon.colcon_core.package_identification:_identify(log) ignored
[2.071s] Level 1:colcon.colcon_core.package_identification:_identify(src) by extensions ['ignore', 'ignore_ament_install']
[2.072s] Level 1:colcon.colcon_core.package_identification:_identify(src) by extension 'ignore'
[2.072s] Level 1:colcon.colcon_core.package_identification:_identify(src) by extension 'ignore_ament_install'
[2.072s] Level 1:colcon.colcon_core.package_identification:_identify(src) by extensions ['colcon_pkg']
[2.073s] Level 1:colcon.colcon_core.package_identification:_identify(src) by extension 'colcon_pkg'
[2.073s] Level 1:colcon.colcon_core.package_identification:_identify(src) by extensions ['colcon_meta']
[2.073s] Level 1:colcon.colcon_core.package_identification:_identify(src) by extension 'colcon_meta'
[2.073s] Level 1:colcon.colcon_core.package_identification:_identify(src) by extensions ['ros']
[2.074s] Level 1:colcon.colcon_core.package_identification:_identify(src) by extension 'ros'
[2.074s] Level 1:colcon.colcon_core.package_identification:_identify(src) by extensions ['cmake', 'python']
[2.074s] Level 1:colcon.colcon_core.package_identification:_identify(src) by extension 'cmake'
[2.074s] Level 1:colcon.colcon_core.package_identification:_identify(src) by extension 'python'
[2.075s] Level 1:colcon.colcon_core.package_identification:_identify(src) by extensions ['python_setup_py']
[2.075s] Level 1:colcon.colcon_core.package_identification:_identify(src) by extension 'python_setup_py'
[2.076s] Level 1:colcon.colcon_core.package_identification:_identify(src/alphabot2-ros2) by extensions ['ignore', 'ignore_ament_install']
[2.076s] Level 1:colcon.colcon_core.package_identification:_identify(src/alphabot2-ros2) by extension 'ignore'
[2.076s] Level 1:colcon.colcon_core.package_identification:_identify(src/alphabot2-ros2) by extension 'ignore_ament_install'
[2.077s] Level 1:colcon.colcon_core.package_identification:_identify(src/alphabot2-ros2) by extensions ['colcon_pkg']
[2.077s] Level 1:colcon.colcon_core.package_identification:_identify(src/alphabot2-ros2) by extension 'colcon_pkg'
[2.077s] Level 1:colcon.colcon_core.package_identification:_identify(src/alphabot2-ros2) by extensions ['colcon_meta']
[2.077s] Level 1:colcon.colcon_core.package_identification:_identify(src/alphabot2-ros2) by extension 'colcon_meta'
[2.078s] Level 1:colcon.colcon_core.package_identification:_identify(src/alphabot2-ros2) by extensions ['ros']
[2.078s] Level 1:colcon.colcon_core.package_identification:_identify(src/alphabot2-ros2) by extension 'ros'
[2.078s] Level 1:colcon.colcon_core.package_identification:_identify(src/alphabot2-ros2) by extensions ['cmake', 'python']
[2.079s] Level 1:colcon.colcon_core.package_identification:_identify(src/alphabot2-ros2) by extension 'cmake'
[2.079s] Level 1:colcon.colcon_core.package_identification:_identify(src/alphabot2-ros2) by extension 'python'
[2.079s] Level 1:colcon.colcon_core.package_identification:_identify(src/alphabot2-ros2) by extensions ['python_setup_py']
[2.079s] Level 1:colcon.colcon_core.package_identification:_identify(src/alphabot2-ros2) by extension 'python_setup_py'
[2.080s] Level 1:colcon.colcon_core.package_identification:_identify(src/alphabot2-ros2/alphabot2) by extensions ['ignore', 'ignore_ament_install']
[2.080s] Level 1:colcon.colcon_core.package_identification:_identify(src/alphabot2-ros2/alphabot2) by extension 'ignore'
[2.081s] Level 1:colcon.colcon_core.package_identification:_identify(src/alphabot2-ros2/alphabot2) by extension 'ignore_ament_install'
[2.081s] Level 1:colcon.colcon_core.package_identification:_identify(src/alphabot2-ros2/alphabot2) by extensions ['colcon_pkg']
[2.081s] Level 1:colcon.colcon_core.package_identification:_identify(src/alphabot2-ros2/alphabot2) by extension 'colcon_pkg'
[2.082s] Level 1:colcon.colcon_core.package_identification:_identify(src/alphabot2-ros2/alphabot2) by extensions ['colcon_meta']
[2.082s] Level 1:colcon.colcon_core.package_identification:_identify(src/alphabot2-ros2/alphabot2) by extension 'colcon_meta'
[2.083s] Level 1:colcon.colcon_core.package_identification:_identify(src/alphabot2-ros2/alphabot2) by extensions ['ros']
[2.083s] Level 1:colcon.colcon_core.package_identification:_identify(src/alphabot2-ros2/alphabot2) by extension 'ros'
[2.084s] Level 1:colcon.colcon_core.package_identification:_identify(src/alphabot2-ros2/alphabot2) by extensions ['cmake', 'python']
[2.084s] Level 1:colcon.colcon_core.package_identification:_identify(src/alphabot2-ros2/alphabot2) by extension 'cmake'
[2.084s] Level 1:colcon.colcon_core.package_identification:_identify(src/alphabot2-ros2/alphabot2) by extension 'python'
[2.084s] Level 1:colcon.colcon_core.package_identification:_identify(src/alphabot2-ros2/alphabot2) by extensions ['python_setup_py']
[2.085s] Level 1:colcon.colcon_core.package_identification:_identify(src/alphabot2-ros2/alphabot2) by extension 'python_setup_py'
[2.086s] Level 1:colcon.colcon_core.package_identification:_identify(src/alphabot2-ros2/alphabot2/alphabot2_follower) by extensions ['ignore', 'ignore_ament_install']
[2.086s] Level 1:colcon.colcon_core.package_identification:_identify(src/alphabot2-ros2/alphabot2/alphabot2_follower) by extension 'ignore'
[2.086s] Level 1:colcon.colcon_core.package_identification:_identify(src/alphabot2-ros2/alphabot2/alphabot2_follower) by extension 'ignore_ament_install'
[2.087s] Level 1:colcon.colcon_core.package_identification:_identify(src/alphabot2-ros2/alphabot2/alphabot2_follower) by extensions ['colcon_pkg']
[2.087s] Level 1:colcon.colcon_core.package_identification:_identify(src/alphabot2-ros2/alphabot2/alphabot2_follower) by extension 'colcon_pkg'
[2.087s] Level 1:colcon.colcon_core.package_identification:_identify(src/alphabot2-ros2/alphabot2/alphabot2_follower) by extensions ['colcon_meta']
[2.087s] Level 1:colcon.colcon_core.package_identification:_identify(src/alphabot2-ros2/alphabot2/alphabot2_follower) by extension 'colcon_meta'
[2.088s] Level 1:colcon.colcon_core.package_identification:_identify(src/alphabot2-ros2/alphabot2/alphabot2_follower) by extensions ['ros']
[2.088s] Level 1:colcon.colcon_core.package_identification:_identify(src/alphabot2-ros2/alphabot2/alphabot2_follower) by extension 'ros'
[2.098s] DEBUG:colcon.colcon_core.package_identification:Package 'src/alphabot2-ros2/alphabot2/alphabot2_follower' with type 'ros.ament_python' and name 'alphabot2'
[2.099s] Level 1:colcon.colcon_core.package_identification:_identify(src/alphabot2-ros2/alphabot2/alphabot2_leader) by extensions ['ignore', 'ignore_ament_install']
[2.100s] Level 1:colcon.colcon_core.package_identification:_identify(src/alphabot2-ros2/alphabot2/alphabot2_leader) by extension 'ignore'
[2.100s] Level 1:colcon.colcon_core.package_identification:_identify(src/alphabot2-ros2/alphabot2/alphabot2_leader) by extension 'ignore_ament_install'
[2.101s] Level 1:colcon.colcon_core.package_identification:_identify(src/alphabot2-ros2/alphabot2/alphabot2_leader) by extensions ['colcon_pkg']
[2.101s] Level 1:colcon.colcon_core.package_identification:_identify(src/alphabot2-ros2/alphabot2/alphabot2_leader) by extension 'colcon_pkg'
[2.101s] Level 1:colcon.colcon_core.package_identification:_identify(src/alphabot2-ros2/alphabot2/alphabot2_leader) by extensions ['colcon_meta']
[2.101s] Level 1:colcon.colcon_core.package_identification:_identify(src/alphabot2-ros2/alphabot2/alphabot2_leader) by extension 'colcon_meta'
[2.102s] Level 1:colcon.colcon_core.package_identification:_identify(src/alphabot2-ros2/alphabot2/alphabot2_leader) by extensions ['ros']
[2.102s] Level 1:colcon.colcon_core.package_identification:_identify(src/alphabot2-ros2/alphabot2/alphabot2_leader) by extension 'ros'
[2.104s] DEBUG:colcon.colcon_core.package_identification:Package 'src/alphabot2-ros2/alphabot2/alphabot2_leader' with type 'ros.ament_python' and name 'alphabot2'
[2.105s] Level 1:colcon.colcon_core.package_identification:_identify(src/alphabot2-ros2/alphabot2_interfaces) by extensions ['ignore', 'ignore_ament_install']
[2.106s] Level 1:colcon.colcon_core.package_identification:_identify(src/alphabot2-ros2/alphabot2_interfaces) by extension 'ignore'
[2.106s] Level 1:colcon.colcon_core.package_identification:_identify(src/alphabot2-ros2/alphabot2_interfaces) by extension 'ignore_ament_install'
[2.107s] Level 1:colcon.colcon_core.package_identification:_identify(src/alphabot2-ros2/alphabot2_interfaces) by extensions ['colcon_pkg']
[2.107s] Level 1:colcon.colcon_core.package_identification:_identify(src/alphabot2-ros2/alphabot2_interfaces) by extension 'colcon_pkg'
[2.107s] Level 1:colcon.colcon_core.package_identification:_identify(src/alphabot2-ros2/alphabot2_interfaces) by extensions ['colcon_meta']
[2.107s] Level 1:colcon.colcon_core.package_identification:_identify(src/alphabot2-ros2/alphabot2_interfaces) by extension 'colcon_meta'
[2.108s] Level 1:colcon.colcon_core.package_identification:_identify(src/alphabot2-ros2/alphabot2_interfaces) by extensions ['ros']
[2.108s] Level 1:colcon.colcon_core.package_identification:_identify(src/alphabot2-ros2/alphabot2_interfaces) by extension 'ros'
[2.111s] DEBUG:colcon.colcon_core.package_identification:Package 'src/alphabot2-ros2/alphabot2_interfaces' with type 'ros.ament_cmake' and name 'alphabot2_interfaces'
[2.112s] Level 1:colcon.colcon_core.package_identification:_identify(src/alphabot2-ros2/docs) by extensions ['ignore', 'ignore_ament_install']
[2.112s] Level 1:colcon.colcon_core.package_identification:_identify(src/alphabot2-ros2/docs) by extension 'ignore'
[2.113s] Level 1:colcon.colcon_core.package_identification:_identify(src/alphabot2-ros2/docs) by extension 'ignore_ament_install'
[2.113s] Level 1:colcon.colcon_core.package_identification:_identify(src/alphabot2-ros2/docs) by extensions ['colcon_pkg']
[2.114s] Level 1:colcon.colcon_core.package_identification:_identify(src/alphabot2-ros2/docs) by extension 'colcon_pkg'
[2.114s] Level 1:colcon.colcon_core.package_identification:_identify(src/alphabot2-ros2/docs) by extensions ['colcon_meta']
[2.114s] Level 1:colcon.colcon_core.package_identification:_identify(src/alphabot2-ros2/docs) by extension 'colcon_meta'
[2.114s] Level 1:colcon.colcon_core.package_identification:_identify(src/alphabot2-ros2/docs) by extensions ['ros']
[2.114s] Level 1:colcon.colcon_core.package_identification:_identify(src/alphabot2-ros2/docs) by extension 'ros'
[2.115s] Level 1:colcon.colcon_core.package_identification:_identify(src/alphabot2-ros2/docs) by extensions ['cmake', 'python']
[2.115s] Level 1:colcon.colcon_core.package_identification:_identify(src/alphabot2-ros2/docs) by extension 'cmake'
[2.115s] Level 1:colcon.colcon_core.package_identification:_identify(src/alphabot2-ros2/docs) by extension 'python'
[2.116s] Level 1:colcon.colcon_core.package_identification:_identify(src/alphabot2-ros2/docs) by extensions ['python_setup_py']
[2.116s] Level 1:colcon.colcon_core.package_identification:_identify(src/alphabot2-ros2/docs) by extension 'python_setup_py'
[2.116s] Level 1:colcon.colcon_core.package_discovery:discover_packages(recursive) using defaults
[2.117s] Level 1:colcon.colcon_core.package_discovery:discover_packages(ignore) discover
[2.117s] Level 1:colcon.colcon_core.package_discovery:discover_packages(ignore) using defaults
[2.117s] Level 1:colcon.colcon_core.package_discovery:discover_packages(path) discover
[2.117s] Level 1:colcon.colcon_core.package_discovery:discover_packages(path) using defaults
[2.203s] Level 1:colcon.colcon_core.package_discovery:discover_packages(prefix_path) check parameters
[2.203s] Level 1:colcon.colcon_core.package_discovery:discover_packages(prefix_path) discover
[2.219s] DEBUG:colcon.colcon_installed_package_information.package_discovery:Found 273 installed packages in /opt/ros/humble
[2.230s] Level 1:colcon.colcon_core.package_discovery:discover_packages(prefix_path) using defaults
[2.460s] ERROR:colcon:colcon build: Duplicate package names not supported:
- alphabot2:
  - src/alphabot2-ros2/alphabot2/alphabot2_follower
  - src/alphabot2-ros2/alphabot2/alphabot2_leader
