[0.426s] DEBUG:colcon:Command line arguments: ['/usr/bin/colcon', 'build']
[0.427s] DEBUG:colcon:Parsed command line arguments: Namespace(log_base=None, log_level=None, verb_name='build', build_base='build', install_base='install', merge_install=False, symlink_install=False, test_result_base=None, continue_on_error=False, executor='parallel', parallel_workers=4, event_handlers=None, ignore_user_meta=False, metas=['./colcon.meta'], base_paths=['.'], packages_ignore=None, packages_ignore_regex=None, paths=None, packages_up_to=None, packages_up_to_regex=None, packages_above=None, packages_above_and_dependencies=None, packages_above_depth=None, packages_select_by_dep=None, packages_skip_by_dep=None, packages_skip_up_to=None, packages_select_build_failed=False, packages_skip_build_finished=False, packages_select_test_failures=False, packages_skip_test_passed=False, packages_select=None, packages_skip=None, packages_select_regex=None, packages_skip_regex=None, packages_start=None, packages_end=None, allow_overriding=[], cmake_args=None, cmake_target=None, cmake_target_skip_unavailable=False, cmake_clean_cache=False, cmake_clean_first=False, cmake_force_configure=False, ament_cmake_args=None, catkin_cmake_args=None, catkin_skip_building_tests=False, verb_parser=<colcon_defaults.argument_parser.defaults.DefaultArgumentsDecorator object at 0xffff97146ad0>, verb_extension=<colcon_core.verb.build.BuildVerb object at 0xffff972dffa0>, main=<bound method BuildVerb.main of <colcon_core.verb.build.BuildVerb object at 0xffff972dffa0>>)
[1.204s] Level 1:colcon.colcon_core.package_discovery:discover_packages(colcon_meta) check parameters
[1.204s] Level 1:colcon.colcon_core.package_discovery:discover_packages(recursive) check parameters
[1.205s] Level 1:colcon.colcon_core.package_discovery:discover_packages(ignore) check parameters
[1.205s] Level 1:colcon.colcon_core.package_discovery:discover_packages(path) check parameters
[1.205s] Level 1:colcon.colcon_core.package_discovery:discover_packages(colcon_meta) discover
[1.205s] Level 1:colcon.colcon_core.package_discovery:discover_packages(recursive) discover
[1.205s] INFO:colcon.colcon_core.package_discovery:Crawling recursively for packages in '/home/leader/ros2_ws'
[1.206s] Level 1:colcon.colcon_core.package_identification:_identify(.) by extensions ['ignore', 'ignore_ament_install']
[1.206s] Level 1:colcon.colcon_core.package_identification:_identify(.) by extension 'ignore'
[1.206s] Level 1:colcon.colcon_core.package_identification:_identify(.) by extension 'ignore_ament_install'
[1.207s] Level 1:colcon.colcon_core.package_identification:_identify(.) by extensions ['colcon_pkg']
[1.207s] Level 1:colcon.colcon_core.package_identification:_identify(.) by extension 'colcon_pkg'
[1.207s] Level 1:colcon.colcon_core.package_identification:_identify(.) by extensions ['colcon_meta']
[1.207s] Level 1:colcon.colcon_core.package_identification:_identify(.) by extension 'colcon_meta'
[1.207s] Level 1:colcon.colcon_core.package_identification:_identify(.) by extensions ['ros']
[1.207s] Level 1:colcon.colcon_core.package_identification:_identify(.) by extension 'ros'
[1.254s] Level 1:colcon.colcon_core.package_identification:_identify(.) by extensions ['cmake', 'python']
[1.254s] Level 1:colcon.colcon_core.package_identification:_identify(.) by extension 'cmake'
[1.254s] Level 1:colcon.colcon_core.package_identification:_identify(.) by extension 'python'
[1.254s] Level 1:colcon.colcon_core.package_identification:_identify(.) by extensions ['python_setup_py']
[1.255s] Level 1:colcon.colcon_core.package_identification:_identify(.) by extension 'python_setup_py'
[1.255s] Level 1:colcon.colcon_core.package_identification:_identify(build) by extensions ['ignore', 'ignore_ament_install']
[1.255s] Level 1:colcon.colcon_core.package_identification:_identify(build) by extension 'ignore'
[1.256s] Level 1:colcon.colcon_core.package_identification:_identify(build) ignored
[1.256s] Level 1:colcon.colcon_core.package_identification:_identify(install) by extensions ['ignore', 'ignore_ament_install']
[1.257s] Level 1:colcon.colcon_core.package_identification:_identify(install) by extension 'ignore'
[1.257s] Level 1:colcon.colcon_core.package_identification:_identify(install) ignored
[1.258s] Level 1:colcon.colcon_core.package_identification:_identify(log) by extensions ['ignore', 'ignore_ament_install']
[1.258s] Level 1:colcon.colcon_core.package_identification:_identify(log) by extension 'ignore'
[1.258s] Level 1:colcon.colcon_core.package_identification:_identify(log) ignored
[1.258s] Level 1:colcon.colcon_core.package_identification:_identify(src) by extensions ['ignore', 'ignore_ament_install']
[1.259s] Level 1:colcon.colcon_core.package_identification:_identify(src) by extension 'ignore'
[1.259s] Level 1:colcon.colcon_core.package_identification:_identify(src) by extension 'ignore_ament_install'
[1.259s] Level 1:colcon.colcon_core.package_identification:_identify(src) by extensions ['colcon_pkg']
[1.260s] Level 1:colcon.colcon_core.package_identification:_identify(src) by extension 'colcon_pkg'
[1.260s] Level 1:colcon.colcon_core.package_identification:_identify(src) by extensions ['colcon_meta']
[1.260s] Level 1:colcon.colcon_core.package_identification:_identify(src) by extension 'colcon_meta'
[1.260s] Level 1:colcon.colcon_core.package_identification:_identify(src) by extensions ['ros']
[1.260s] Level 1:colcon.colcon_core.package_identification:_identify(src) by extension 'ros'
[1.261s] Level 1:colcon.colcon_core.package_identification:_identify(src) by extensions ['cmake', 'python']
[1.261s] Level 1:colcon.colcon_core.package_identification:_identify(src) by extension 'cmake'
[1.261s] Level 1:colcon.colcon_core.package_identification:_identify(src) by extension 'python'
[1.261s] Level 1:colcon.colcon_core.package_identification:_identify(src) by extensions ['python_setup_py']
[1.261s] Level 1:colcon.colcon_core.package_identification:_identify(src) by extension 'python_setup_py'
[1.262s] Level 1:colcon.colcon_core.package_identification:_identify(src/alphabot2-ros2) by extensions ['ignore', 'ignore_ament_install']
[1.262s] Level 1:colcon.colcon_core.package_identification:_identify(src/alphabot2-ros2) by extension 'ignore'
[1.262s] Level 1:colcon.colcon_core.package_identification:_identify(src/alphabot2-ros2) by extension 'ignore_ament_install'
[1.262s] Level 1:colcon.colcon_core.package_identification:_identify(src/alphabot2-ros2) by extensions ['colcon_pkg']
[1.263s] Level 1:colcon.colcon_core.package_identification:_identify(src/alphabot2-ros2) by extension 'colcon_pkg'
[1.263s] Level 1:colcon.colcon_core.package_identification:_identify(src/alphabot2-ros2) by extensions ['colcon_meta']
[1.263s] Level 1:colcon.colcon_core.package_identification:_identify(src/alphabot2-ros2) by extension 'colcon_meta'
[1.263s] Level 1:colcon.colcon_core.package_identification:_identify(src/alphabot2-ros2) by extensions ['ros']
[1.263s] Level 1:colcon.colcon_core.package_identification:_identify(src/alphabot2-ros2) by extension 'ros'
[1.264s] Level 1:colcon.colcon_core.package_identification:_identify(src/alphabot2-ros2) by extensions ['cmake', 'python']
[1.264s] Level 1:colcon.colcon_core.package_identification:_identify(src/alphabot2-ros2) by extension 'cmake'
[1.264s] Level 1:colcon.colcon_core.package_identification:_identify(src/alphabot2-ros2) by extension 'python'
[1.264s] Level 1:colcon.colcon_core.package_identification:_identify(src/alphabot2-ros2) by extensions ['python_setup_py']
[1.264s] Level 1:colcon.colcon_core.package_identification:_identify(src/alphabot2-ros2) by extension 'python_setup_py'
[1.265s] Level 1:colcon.colcon_core.package_identification:_identify(src/alphabot2-ros2/alphabot2) by extensions ['ignore', 'ignore_ament_install']
[1.265s] Level 1:colcon.colcon_core.package_identification:_identify(src/alphabot2-ros2/alphabot2) by extension 'ignore'
[1.265s] Level 1:colcon.colcon_core.package_identification:_identify(src/alphabot2-ros2/alphabot2) by extension 'ignore_ament_install'
[1.266s] Level 1:colcon.colcon_core.package_identification:_identify(src/alphabot2-ros2/alphabot2) by extensions ['colcon_pkg']
[1.266s] Level 1:colcon.colcon_core.package_identification:_identify(src/alphabot2-ros2/alphabot2) by extension 'colcon_pkg'
[1.266s] Level 1:colcon.colcon_core.package_identification:_identify(src/alphabot2-ros2/alphabot2) by extensions ['colcon_meta']
[1.266s] Level 1:colcon.colcon_core.package_identification:_identify(src/alphabot2-ros2/alphabot2) by extension 'colcon_meta'
[1.266s] Level 1:colcon.colcon_core.package_identification:_identify(src/alphabot2-ros2/alphabot2) by extensions ['ros']
[1.266s] Level 1:colcon.colcon_core.package_identification:_identify(src/alphabot2-ros2/alphabot2) by extension 'ros'
[1.267s] Level 1:colcon.colcon_core.package_identification:_identify(src/alphabot2-ros2/alphabot2) by extensions ['cmake', 'python']
[1.267s] Level 1:colcon.colcon_core.package_identification:_identify(src/alphabot2-ros2/alphabot2) by extension 'cmake'
[1.267s] Level 1:colcon.colcon_core.package_identification:_identify(src/alphabot2-ros2/alphabot2) by extension 'python'
[1.267s] Level 1:colcon.colcon_core.package_identification:_identify(src/alphabot2-ros2/alphabot2) by extensions ['python_setup_py']
[1.267s] Level 1:colcon.colcon_core.package_identification:_identify(src/alphabot2-ros2/alphabot2) by extension 'python_setup_py'
[1.268s] Level 1:colcon.colcon_core.package_identification:_identify(src/alphabot2-ros2/alphabot2/alphabot2_leader) by extensions ['ignore', 'ignore_ament_install']
[1.268s] Level 1:colcon.colcon_core.package_identification:_identify(src/alphabot2-ros2/alphabot2/alphabot2_leader) by extension 'ignore'
[1.269s] Level 1:colcon.colcon_core.package_identification:_identify(src/alphabot2-ros2/alphabot2/alphabot2_leader) by extension 'ignore_ament_install'
[1.269s] Level 1:colcon.colcon_core.package_identification:_identify(src/alphabot2-ros2/alphabot2/alphabot2_leader) by extensions ['colcon_pkg']
[1.269s] Level 1:colcon.colcon_core.package_identification:_identify(src/alphabot2-ros2/alphabot2/alphabot2_leader) by extension 'colcon_pkg'
[1.269s] Level 1:colcon.colcon_core.package_identification:_identify(src/alphabot2-ros2/alphabot2/alphabot2_leader) by extensions ['colcon_meta']
[1.269s] Level 1:colcon.colcon_core.package_identification:_identify(src/alphabot2-ros2/alphabot2/alphabot2_leader) by extension 'colcon_meta'
[1.270s] Level 1:colcon.colcon_core.package_identification:_identify(src/alphabot2-ros2/alphabot2/alphabot2_leader) by extensions ['ros']
[1.270s] Level 1:colcon.colcon_core.package_identification:_identify(src/alphabot2-ros2/alphabot2/alphabot2_leader) by extension 'ros'
[1.278s] DEBUG:colcon.colcon_core.package_identification:Package 'src/alphabot2-ros2/alphabot2/alphabot2_leader' with type 'ros.ament_python' and name 'alphabot2'
[1.279s] Level 1:colcon.colcon_core.package_identification:_identify(src/alphabot2-ros2/alphabot2_interfaces) by extensions ['ignore', 'ignore_ament_install']
[1.279s] Level 1:colcon.colcon_core.package_identification:_identify(src/alphabot2-ros2/alphabot2_interfaces) by extension 'ignore'
[1.279s] Level 1:colcon.colcon_core.package_identification:_identify(src/alphabot2-ros2/alphabot2_interfaces) by extension 'ignore_ament_install'
[1.280s] Level 1:colcon.colcon_core.package_identification:_identify(src/alphabot2-ros2/alphabot2_interfaces) by extensions ['colcon_pkg']
[1.280s] Level 1:colcon.colcon_core.package_identification:_identify(src/alphabot2-ros2/alphabot2_interfaces) by extension 'colcon_pkg'
[1.280s] Level 1:colcon.colcon_core.package_identification:_identify(src/alphabot2-ros2/alphabot2_interfaces) by extensions ['colcon_meta']
[1.280s] Level 1:colcon.colcon_core.package_identification:_identify(src/alphabot2-ros2/alphabot2_interfaces) by extension 'colcon_meta'
[1.281s] Level 1:colcon.colcon_core.package_identification:_identify(src/alphabot2-ros2/alphabot2_interfaces) by extensions ['ros']
[1.281s] Level 1:colcon.colcon_core.package_identification:_identify(src/alphabot2-ros2/alphabot2_interfaces) by extension 'ros'
[1.283s] DEBUG:colcon.colcon_core.package_identification:Package 'src/alphabot2-ros2/alphabot2_interfaces' with type 'ros.ament_cmake' and name 'alphabot2_interfaces'
[1.284s] Level 1:colcon.colcon_core.package_identification:_identify(src/alphabot2-ros2/docs) by extensions ['ignore', 'ignore_ament_install']
[1.285s] Level 1:colcon.colcon_core.package_identification:_identify(src/alphabot2-ros2/docs) by extension 'ignore'
[1.285s] Level 1:colcon.colcon_core.package_identification:_identify(src/alphabot2-ros2/docs) by extension 'ignore_ament_install'
[1.285s] Level 1:colcon.colcon_core.package_identification:_identify(src/alphabot2-ros2/docs) by extensions ['colcon_pkg']
[1.285s] Level 1:colcon.colcon_core.package_identification:_identify(src/alphabot2-ros2/docs) by extension 'colcon_pkg'
[1.285s] Level 1:colcon.colcon_core.package_identification:_identify(src/alphabot2-ros2/docs) by extensions ['colcon_meta']
[1.285s] Level 1:colcon.colcon_core.package_identification:_identify(src/alphabot2-ros2/docs) by extension 'colcon_meta'
[1.286s] Level 1:colcon.colcon_core.package_identification:_identify(src/alphabot2-ros2/docs) by extensions ['ros']
[1.286s] Level 1:colcon.colcon_core.package_identification:_identify(src/alphabot2-ros2/docs) by extension 'ros'
[1.286s] Level 1:colcon.colcon_core.package_identification:_identify(src/alphabot2-ros2/docs) by extensions ['cmake', 'python']
[1.286s] Level 1:colcon.colcon_core.package_identification:_identify(src/alphabot2-ros2/docs) by extension 'cmake'
[1.287s] Level 1:colcon.colcon_core.package_identification:_identify(src/alphabot2-ros2/docs) by extension 'python'
[1.287s] Level 1:colcon.colcon_core.package_identification:_identify(src/alphabot2-ros2/docs) by extensions ['python_setup_py']
[1.287s] Level 1:colcon.colcon_core.package_identification:_identify(src/alphabot2-ros2/docs) by extension 'python_setup_py'
[1.287s] Level 1:colcon.colcon_core.package_discovery:discover_packages(recursive) using defaults
[1.287s] Level 1:colcon.colcon_core.package_discovery:discover_packages(ignore) discover
[1.288s] Level 1:colcon.colcon_core.package_discovery:discover_packages(ignore) using defaults
[1.288s] Level 1:colcon.colcon_core.package_discovery:discover_packages(path) discover
[1.288s] Level 1:colcon.colcon_core.package_discovery:discover_packages(path) using defaults
[1.364s] Level 1:colcon.colcon_core.package_discovery:discover_packages(prefix_path) check parameters
[1.364s] Level 1:colcon.colcon_core.package_discovery:discover_packages(prefix_path) discover
[1.379s] DEBUG:colcon.colcon_installed_package_information.package_discovery:Found 273 installed packages in /opt/ros/humble
[1.389s] Level 1:colcon.colcon_core.package_discovery:discover_packages(prefix_path) using defaults
[1.590s] Level 5:colcon.colcon_core.verb:set package 'alphabot2_interfaces' build argument 'cmake_args' from command line to 'None'
[1.590s] Level 5:colcon.colcon_core.verb:set package 'alphabot2_interfaces' build argument 'cmake_target' from command line to 'None'
[1.590s] Level 5:colcon.colcon_core.verb:set package 'alphabot2_interfaces' build argument 'cmake_target_skip_unavailable' from command line to 'False'
[1.591s] Level 5:colcon.colcon_core.verb:set package 'alphabot2_interfaces' build argument 'cmake_clean_cache' from command line to 'False'
[1.591s] Level 5:colcon.colcon_core.verb:set package 'alphabot2_interfaces' build argument 'cmake_clean_first' from command line to 'False'
[1.591s] Level 5:colcon.colcon_core.verb:set package 'alphabot2_interfaces' build argument 'cmake_force_configure' from command line to 'False'
[1.591s] Level 5:colcon.colcon_core.verb:set package 'alphabot2_interfaces' build argument 'ament_cmake_args' from command line to 'None'
[1.591s] Level 5:colcon.colcon_core.verb:set package 'alphabot2_interfaces' build argument 'catkin_cmake_args' from command line to 'None'
[1.591s] Level 5:colcon.colcon_core.verb:set package 'alphabot2_interfaces' build argument 'catkin_skip_building_tests' from command line to 'False'
[1.591s] DEBUG:colcon.colcon_core.verb:Building package 'alphabot2_interfaces' with the following arguments: {'ament_cmake_args': None, 'build_base': '/home/leader/ros2_ws/build/alphabot2_interfaces', 'catkin_cmake_args': None, 'catkin_skip_building_tests': False, 'cmake_args': None, 'cmake_clean_cache': False, 'cmake_clean_first': False, 'cmake_force_configure': False, 'cmake_target': None, 'cmake_target_skip_unavailable': False, 'install_base': '/home/leader/ros2_ws/install/alphabot2_interfaces', 'merge_install': False, 'path': '/home/leader/ros2_ws/src/alphabot2-ros2/alphabot2_interfaces', 'symlink_install': False, 'test_result_base': None}
[1.593s] Level 5:colcon.colcon_core.verb:set package 'alphabot2' build argument 'cmake_args' from command line to 'None'
[1.593s] Level 5:colcon.colcon_core.verb:set package 'alphabot2' build argument 'cmake_target' from command line to 'None'
[1.593s] Level 5:colcon.colcon_core.verb:set package 'alphabot2' build argument 'cmake_target_skip_unavailable' from command line to 'False'
[1.593s] Level 5:colcon.colcon_core.verb:set package 'alphabot2' build argument 'cmake_clean_cache' from command line to 'False'
[1.593s] Level 5:colcon.colcon_core.verb:set package 'alphabot2' build argument 'cmake_clean_first' from command line to 'False'
[1.594s] Level 5:colcon.colcon_core.verb:set package 'alphabot2' build argument 'cmake_force_configure' from command line to 'False'
[1.594s] Level 5:colcon.colcon_core.verb:set package 'alphabot2' build argument 'ament_cmake_args' from command line to 'None'
[1.594s] Level 5:colcon.colcon_core.verb:set package 'alphabot2' build argument 'catkin_cmake_args' from command line to 'None'
[1.594s] Level 5:colcon.colcon_core.verb:set package 'alphabot2' build argument 'catkin_skip_building_tests' from command line to 'False'
[1.594s] DEBUG:colcon.colcon_core.verb:Building package 'alphabot2' with the following arguments: {'ament_cmake_args': None, 'build_base': '/home/leader/ros2_ws/build/alphabot2', 'catkin_cmake_args': None, 'catkin_skip_building_tests': False, 'cmake_args': None, 'cmake_clean_cache': False, 'cmake_clean_first': False, 'cmake_force_configure': False, 'cmake_target': None, 'cmake_target_skip_unavailable': False, 'install_base': '/home/leader/ros2_ws/install/alphabot2', 'merge_install': False, 'path': '/home/leader/ros2_ws/src/alphabot2-ros2/alphabot2/alphabot2_leader', 'symlink_install': False, 'test_result_base': None}
[1.595s] INFO:colcon.colcon_core.executor:Executing jobs using 'parallel' executor
[1.598s] DEBUG:colcon.colcon_parallel_executor.executor.parallel:run_until_complete
[1.599s] INFO:colcon.colcon_ros.task.ament_cmake.build:Building ROS package in '/home/leader/ros2_ws/src/alphabot2-ros2/alphabot2_interfaces' with build type 'ament_cmake'
[1.600s] INFO:colcon.colcon_cmake.task.cmake.build:Building CMake package in '/home/leader/ros2_ws/src/alphabot2-ros2/alphabot2_interfaces'
[1.609s] INFO:colcon.colcon_core.plugin_system:Skipping extension 'colcon_core.shell.bat': Not used on non-Windows systems
[1.610s] INFO:colcon.colcon_core.shell:Skip shell extension 'powershell' for command environment: Not usable outside of PowerShell
[1.610s] DEBUG:colcon.colcon_core.shell:Skip shell extension 'dsv' for command environment
[1.646s] DEBUG:colcon.colcon_core.event_handler.log_command:Invoking command in '/home/leader/ros2_ws/build/alphabot2_interfaces': CMAKE_PREFIX_PATH=/opt/ros/humble /usr/bin/cmake --build /home/leader/ros2_ws/build/alphabot2_interfaces -- -j4 -l4
[3.350s] DEBUG:colcon.colcon_core.event_handler.log_command:Invoked command in '/home/leader/ros2_ws/build/alphabot2_interfaces' returned '0': CMAKE_PREFIX_PATH=/opt/ros/humble /usr/bin/cmake --build /home/leader/ros2_ws/build/alphabot2_interfaces -- -j4 -l4
[3.390s] DEBUG:colcon.colcon_core.event_handler.log_command:Invoking command in '/home/leader/ros2_ws/build/alphabot2_interfaces': CMAKE_PREFIX_PATH=/opt/ros/humble /usr/bin/cmake --install /home/leader/ros2_ws/build/alphabot2_interfaces
[3.666s] Level 1:colcon.colcon_core.environment:create_environment_scripts_only(alphabot2_interfaces)
[3.668s] DEBUG:colcon.colcon_core.event_handler.log_command:Invoked command in '/home/leader/ros2_ws/build/alphabot2_interfaces' returned '0': CMAKE_PREFIX_PATH=/opt/ros/humble /usr/bin/cmake --install /home/leader/ros2_ws/build/alphabot2_interfaces
[3.678s] Level 1:colcon.colcon_core.environment:checking '/home/leader/ros2_ws/install/alphabot2_interfaces' for CMake module files
[3.682s] Level 1:colcon.colcon_core.environment:checking '/home/leader/ros2_ws/install/alphabot2_interfaces' for CMake config files
[3.688s] Level 1:colcon.colcon_core.shell:create_environment_hook('alphabot2_interfaces', 'cmake_prefix_path')
[3.689s] INFO:colcon.colcon_core.shell:Creating environment hook '/home/leader/ros2_ws/install/alphabot2_interfaces/share/alphabot2_interfaces/hook/cmake_prefix_path.ps1'
[3.692s] INFO:colcon.colcon_core.shell:Creating environment descriptor '/home/leader/ros2_ws/install/alphabot2_interfaces/share/alphabot2_interfaces/hook/cmake_prefix_path.dsv'
[3.694s] INFO:colcon.colcon_core.shell:Creating environment hook '/home/leader/ros2_ws/install/alphabot2_interfaces/share/alphabot2_interfaces/hook/cmake_prefix_path.sh'
[3.698s] Level 1:colcon.colcon_core.environment:checking '/home/leader/ros2_ws/install/alphabot2_interfaces/lib'
[3.699s] Level 1:colcon.colcon_core.shell:create_environment_hook('alphabot2_interfaces', 'ld_library_path_lib')
[3.700s] INFO:colcon.colcon_core.shell:Creating environment hook '/home/leader/ros2_ws/install/alphabot2_interfaces/share/alphabot2_interfaces/hook/ld_library_path_lib.ps1'
[3.702s] INFO:colcon.colcon_core.shell:Creating environment descriptor '/home/leader/ros2_ws/install/alphabot2_interfaces/share/alphabot2_interfaces/hook/ld_library_path_lib.dsv'
[3.704s] INFO:colcon.colcon_core.shell:Creating environment hook '/home/leader/ros2_ws/install/alphabot2_interfaces/share/alphabot2_interfaces/hook/ld_library_path_lib.sh'
[3.707s] Level 1:colcon.colcon_core.environment:checking '/home/leader/ros2_ws/install/alphabot2_interfaces/bin'
[3.707s] Level 1:colcon.colcon_core.environment:checking '/home/leader/ros2_ws/install/alphabot2_interfaces/lib/pkgconfig/alphabot2_interfaces.pc'
[3.708s] Level 1:colcon.colcon_core.environment:checking '/home/leader/ros2_ws/install/alphabot2_interfaces/lib/python3.10/site-packages'
[3.710s] Level 1:colcon.colcon_core.environment:checking '/home/leader/ros2_ws/install/alphabot2_interfaces/bin'
[3.711s] INFO:colcon.colcon_core.shell:Creating package script '/home/leader/ros2_ws/install/alphabot2_interfaces/share/alphabot2_interfaces/package.ps1'
[3.716s] INFO:colcon.colcon_core.shell:Creating package descriptor '/home/leader/ros2_ws/install/alphabot2_interfaces/share/alphabot2_interfaces/package.dsv'
[3.719s] INFO:colcon.colcon_core.shell:Creating package script '/home/leader/ros2_ws/install/alphabot2_interfaces/share/alphabot2_interfaces/package.sh'
[3.723s] INFO:colcon.colcon_core.shell:Creating package script '/home/leader/ros2_ws/install/alphabot2_interfaces/share/alphabot2_interfaces/package.bash'
[3.727s] INFO:colcon.colcon_core.shell:Creating package script '/home/leader/ros2_ws/install/alphabot2_interfaces/share/alphabot2_interfaces/package.zsh'
[3.730s] Level 1:colcon.colcon_core.environment:create_file_with_runtime_dependencies(/home/leader/ros2_ws/install/alphabot2_interfaces/share/colcon-core/packages/alphabot2_interfaces)
[3.733s] Level 1:colcon.colcon_core.environment:create_environment_scripts_only(alphabot2_interfaces)
[3.734s] Level 1:colcon.colcon_core.environment:checking '/home/leader/ros2_ws/install/alphabot2_interfaces' for CMake module files
[3.739s] Level 1:colcon.colcon_core.environment:checking '/home/leader/ros2_ws/install/alphabot2_interfaces' for CMake config files
[3.744s] Level 1:colcon.colcon_core.shell:create_environment_hook('alphabot2_interfaces', 'cmake_prefix_path')
[3.745s] INFO:colcon.colcon_core.shell:Creating environment hook '/home/leader/ros2_ws/install/alphabot2_interfaces/share/alphabot2_interfaces/hook/cmake_prefix_path.ps1'
[3.747s] INFO:colcon.colcon_core.shell:Creating environment descriptor '/home/leader/ros2_ws/install/alphabot2_interfaces/share/alphabot2_interfaces/hook/cmake_prefix_path.dsv'
[3.749s] INFO:colcon.colcon_core.shell:Creating environment hook '/home/leader/ros2_ws/install/alphabot2_interfaces/share/alphabot2_interfaces/hook/cmake_prefix_path.sh'
[3.752s] Level 1:colcon.colcon_core.environment:checking '/home/leader/ros2_ws/install/alphabot2_interfaces/lib'
[3.753s] Level 1:colcon.colcon_core.shell:create_environment_hook('alphabot2_interfaces', 'ld_library_path_lib')
[3.754s] INFO:colcon.colcon_core.shell:Creating environment hook '/home/leader/ros2_ws/install/alphabot2_interfaces/share/alphabot2_interfaces/hook/ld_library_path_lib.ps1'
[3.756s] INFO:colcon.colcon_core.shell:Creating environment descriptor '/home/leader/ros2_ws/install/alphabot2_interfaces/share/alphabot2_interfaces/hook/ld_library_path_lib.dsv'
[3.758s] INFO:colcon.colcon_core.shell:Creating environment hook '/home/leader/ros2_ws/install/alphabot2_interfaces/share/alphabot2_interfaces/hook/ld_library_path_lib.sh'
[3.760s] Level 1:colcon.colcon_core.environment:checking '/home/leader/ros2_ws/install/alphabot2_interfaces/bin'
[3.760s] Level 1:colcon.colcon_core.environment:checking '/home/leader/ros2_ws/install/alphabot2_interfaces/lib/pkgconfig/alphabot2_interfaces.pc'
[3.761s] Level 1:colcon.colcon_core.environment:checking '/home/leader/ros2_ws/install/alphabot2_interfaces/lib/python3.10/site-packages'
[3.763s] Level 1:colcon.colcon_core.environment:checking '/home/leader/ros2_ws/install/alphabot2_interfaces/bin'
[3.764s] INFO:colcon.colcon_core.shell:Creating package script '/home/leader/ros2_ws/install/alphabot2_interfaces/share/alphabot2_interfaces/package.ps1'
[3.767s] INFO:colcon.colcon_core.shell:Creating package descriptor '/home/leader/ros2_ws/install/alphabot2_interfaces/share/alphabot2_interfaces/package.dsv'
[3.770s] INFO:colcon.colcon_core.shell:Creating package script '/home/leader/ros2_ws/install/alphabot2_interfaces/share/alphabot2_interfaces/package.sh'
[3.772s] INFO:colcon.colcon_core.shell:Creating package script '/home/leader/ros2_ws/install/alphabot2_interfaces/share/alphabot2_interfaces/package.bash'
[3.775s] INFO:colcon.colcon_core.shell:Creating package script '/home/leader/ros2_ws/install/alphabot2_interfaces/share/alphabot2_interfaces/package.zsh'
[3.777s] Level 1:colcon.colcon_core.environment:create_file_with_runtime_dependencies(/home/leader/ros2_ws/install/alphabot2_interfaces/share/colcon-core/packages/alphabot2_interfaces)
[3.779s] INFO:colcon.colcon_ros.task.ament_python.build:Building ROS package in '/home/leader/ros2_ws/src/alphabot2-ros2/alphabot2/alphabot2_leader' with build type 'ament_python'
[3.779s] Level 1:colcon.colcon_core.shell:create_environment_hook('alphabot2', 'ament_prefix_path')
[3.781s] INFO:colcon.colcon_core.shell:Creating environment hook '/home/leader/ros2_ws/install/alphabot2/share/alphabot2/hook/ament_prefix_path.ps1'
[3.784s] INFO:colcon.colcon_core.shell:Creating environment descriptor '/home/leader/ros2_ws/install/alphabot2/share/alphabot2/hook/ament_prefix_path.dsv'
[3.786s] INFO:colcon.colcon_core.shell:Creating environment hook '/home/leader/ros2_ws/install/alphabot2/share/alphabot2/hook/ament_prefix_path.sh'
[3.789s] INFO:colcon.colcon_core.shell:Skip shell extension 'powershell' for command environment: Not usable outside of PowerShell
[3.789s] DEBUG:colcon.colcon_core.shell:Skip shell extension 'dsv' for command environment
[4.991s] WARNING:colcon.colcon_ros.task.ament_python.build:Package 'alphabot2' doesn't explicitly install a marker in the package index (colcon-ros currently does it implicitly but that fallback will be removed in the future)
[4.992s] WARNING:colcon.colcon_ros.task.ament_python.build:Package 'alphabot2' doesn't explicitly install the 'package.xml' file (colcon-ros currently does it implicitly but that fallback will be removed in the future)
[4.994s] INFO:colcon.colcon_core.task.python.build:Building Python package in '/home/leader/ros2_ws/src/alphabot2-ros2/alphabot2/alphabot2_leader'
[4.995s] INFO:colcon.colcon_core.shell:Skip shell extension 'powershell' for command environment: Not usable outside of PowerShell
[4.995s] DEBUG:colcon.colcon_core.shell:Skip shell extension 'dsv' for command environment
[6.495s] DEBUG:colcon.colcon_core.event_handler.log_command:Invoking command in '/home/leader/ros2_ws/src/alphabot2-ros2/alphabot2/alphabot2_leader': AMENT_PREFIX_PATH=/home/leader/ros2_ws/install/alphabot2_interfaces:${AMENT_PREFIX_PATH} CMAKE_PREFIX_PATH=/home/leader/ros2_ws/install/alphabot2_interfaces LD_LIBRARY_PATH=/home/leader/ros2_ws/install/alphabot2_interfaces/lib:${LD_LIBRARY_PATH} PYTHONPATH=/home/leader/ros2_ws/build/alphabot2/prefix_override:/usr/lib/python3/dist-packages/colcon_core/task/python/colcon_distutils_commands:/home/leader/ros2_ws/install/alphabot2/lib/python3.10/site-packages:/home/leader/ros2_ws/install/alphabot2_interfaces/local/lib/python3.10/dist-packages:${PYTHONPATH} /usr/bin/python3 -W ignore:setup.py install is deprecated -W ignore:easy_install command is deprecated setup.py egg_info --egg-base ../../../../build/alphabot2 build --build-base /home/leader/ros2_ws/build/alphabot2/build install --record /home/leader/ros2_ws/build/alphabot2/install.log --install-scripts $base/lib/alphabot2 --single-version-externally-managed install_data
[7.925s] Level 1:colcon.colcon_core.environment:checking '/home/leader/ros2_ws/install/alphabot2' for CMake module files
[7.927s] DEBUG:colcon.colcon_core.event_handler.log_command:Invoked command in '/home/leader/ros2_ws/src/alphabot2-ros2/alphabot2/alphabot2_leader' returned '0': AMENT_PREFIX_PATH=/home/leader/ros2_ws/install/alphabot2_interfaces:${AMENT_PREFIX_PATH} CMAKE_PREFIX_PATH=/home/leader/ros2_ws/install/alphabot2_interfaces LD_LIBRARY_PATH=/home/leader/ros2_ws/install/alphabot2_interfaces/lib:${LD_LIBRARY_PATH} PYTHONPATH=/home/leader/ros2_ws/build/alphabot2/prefix_override:/usr/lib/python3/dist-packages/colcon_core/task/python/colcon_distutils_commands:/home/leader/ros2_ws/install/alphabot2/lib/python3.10/site-packages:/home/leader/ros2_ws/install/alphabot2_interfaces/local/lib/python3.10/dist-packages:${PYTHONPATH} /usr/bin/python3 -W ignore:setup.py install is deprecated -W ignore:easy_install command is deprecated setup.py egg_info --egg-base ../../../../build/alphabot2 build --build-base /home/leader/ros2_ws/build/alphabot2/build install --record /home/leader/ros2_ws/build/alphabot2/install.log --install-scripts $base/lib/alphabot2 --single-version-externally-managed install_data
[7.929s] Level 1:colcon.colcon_core.environment:checking '/home/leader/ros2_ws/install/alphabot2' for CMake config files
[7.933s] Level 1:colcon.colcon_core.environment:checking '/home/leader/ros2_ws/install/alphabot2/lib'
[7.934s] Level 1:colcon.colcon_core.environment:checking '/home/leader/ros2_ws/install/alphabot2/bin'
[7.935s] Level 1:colcon.colcon_core.environment:checking '/home/leader/ros2_ws/install/alphabot2/lib/pkgconfig/alphabot2.pc'
[7.936s] Level 1:colcon.colcon_core.environment:checking '/home/leader/ros2_ws/install/alphabot2/lib/python3.10/site-packages'
[7.936s] Level 1:colcon.colcon_core.shell:create_environment_hook('alphabot2', 'pythonpath')
[7.937s] INFO:colcon.colcon_core.shell:Creating environment hook '/home/leader/ros2_ws/install/alphabot2/share/alphabot2/hook/pythonpath.ps1'
[7.940s] INFO:colcon.colcon_core.shell:Creating environment descriptor '/home/leader/ros2_ws/install/alphabot2/share/alphabot2/hook/pythonpath.dsv'
[7.942s] INFO:colcon.colcon_core.shell:Creating environment hook '/home/leader/ros2_ws/install/alphabot2/share/alphabot2/hook/pythonpath.sh'
[7.946s] Level 1:colcon.colcon_core.environment:checking '/home/leader/ros2_ws/install/alphabot2/bin'
[7.946s] Level 1:colcon.colcon_core.environment:create_environment_scripts_only(alphabot2)
[7.948s] INFO:colcon.colcon_core.shell:Creating package script '/home/leader/ros2_ws/install/alphabot2/share/alphabot2/package.ps1'
[7.951s] INFO:colcon.colcon_core.shell:Creating package descriptor '/home/leader/ros2_ws/install/alphabot2/share/alphabot2/package.dsv'
[7.954s] INFO:colcon.colcon_core.shell:Creating package script '/home/leader/ros2_ws/install/alphabot2/share/alphabot2/package.sh'
[7.956s] INFO:colcon.colcon_core.shell:Creating package script '/home/leader/ros2_ws/install/alphabot2/share/alphabot2/package.bash'
[7.958s] INFO:colcon.colcon_core.shell:Creating package script '/home/leader/ros2_ws/install/alphabot2/share/alphabot2/package.zsh'
[7.962s] Level 1:colcon.colcon_core.environment:create_file_with_runtime_dependencies(/home/leader/ros2_ws/install/alphabot2/share/colcon-core/packages/alphabot2)
[7.963s] DEBUG:colcon.colcon_parallel_executor.executor.parallel:closing loop
[7.964s] DEBUG:colcon.colcon_parallel_executor.executor.parallel:loop closed
[7.965s] DEBUG:colcon.colcon_parallel_executor.executor.parallel:run_until_complete finished with '0'
[7.965s] DEBUG:colcon.colcon_core.event_reactor:joining thread
[7.969s] DEBUG:colcon.colcon_core.event_reactor:joined thread
[7.970s] INFO:colcon.colcon_core.shell:Creating prefix script '/home/leader/ros2_ws/install/local_setup.ps1'
[7.977s] INFO:colcon.colcon_core.shell:Creating prefix util module '/home/leader/ros2_ws/install/_local_setup_util_ps1.py'
[7.984s] INFO:colcon.colcon_core.shell:Creating prefix chain script '/home/leader/ros2_ws/install/setup.ps1'
[7.989s] INFO:colcon.colcon_core.shell:Creating prefix script '/home/leader/ros2_ws/install/local_setup.sh'
[7.992s] INFO:colcon.colcon_core.shell:Creating prefix util module '/home/leader/ros2_ws/install/_local_setup_util_sh.py'
[7.995s] INFO:colcon.colcon_core.shell:Creating prefix chain script '/home/leader/ros2_ws/install/setup.sh'
[8.000s] INFO:colcon.colcon_core.shell:Creating prefix script '/home/leader/ros2_ws/install/local_setup.bash'
[8.003s] INFO:colcon.colcon_core.shell:Creating prefix chain script '/home/leader/ros2_ws/install/setup.bash'
[8.007s] INFO:colcon.colcon_core.shell:Creating prefix script '/home/leader/ros2_ws/install/local_setup.zsh'
[8.010s] INFO:colcon.colcon_core.shell:Creating prefix chain script '/home/leader/ros2_ws/install/setup.zsh'
