[5.005s] Invoking command in '/home/leader/ros2_ws/src/alphabot2-ros2/alphabot2/alphabot2_leader': AMENT_PREFIX_PATH=/home/leader/ros2_ws/install/alphabot2_interfaces:${AMENT_PREFIX_PATH} CMAKE_PREFIX_PATH=/home/leader/ros2_ws/install/alphabot2_interfaces LD_LIBRARY_PATH=/home/leader/ros2_ws/install/alphabot2_interfaces/lib:${LD_LIBRARY_PATH} PYTHONPATH=/home/leader/ros2_ws/build/alphabot2/prefix_override:/usr/lib/python3/dist-packages/colcon_core/task/python/colcon_distutils_commands:/home/leader/ros2_ws/install/alphabot2/lib/python3.10/site-packages:/home/leader/ros2_ws/install/alphabot2_interfaces/local/lib/python3.10/dist-packages:${PYTHONPATH} /usr/bin/python3 -W ignore:setup.py install is deprecated -W ignore:easy_install command is deprecated setup.py egg_info --egg-base ../../../../build/alphabot2 build --build-base /home/leader/ros2_ws/build/alphabot2/build install --record /home/leader/ros2_ws/build/alphabot2/install.log --install-scripts $base/lib/alphabot2 --single-version-externally-managed install_data
[6.839s] /usr/lib/python3/dist-packages/setuptools/dist.py:723: UserWarning: Usage of dash-separated 'script-dir' will not be supported in future versions. Please use the underscore name 'script_dir' instead
[6.841s]   warnings.warn(
[6.903s] running egg_info
[6.908s] writing ../../../../build/alphabot2/alphabot2_leader.egg-info/PKG-INFO
[6.911s] writing dependency_links to ../../../../build/alphabot2/alphabot2_leader.egg-info/dependency_links.txt
[6.913s] writing entry points to ../../../../build/alphabot2/alphabot2_leader.egg-info/entry_points.txt
[6.915s] writing requirements to ../../../../build/alphabot2/alphabot2_leader.egg-info/requires.txt
[6.918s] writing top-level names to ../../../../build/alphabot2/alphabot2_leader.egg-info/top_level.txt
[6.931s] reading manifest file '../../../../build/alphabot2/alphabot2_leader.egg-info/SOURCES.txt'
[6.939s] writing manifest file '../../../../build/alphabot2/alphabot2_leader.egg-info/SOURCES.txt'
[6.940s] running build
[6.949s] running build_py
[6.950s] running install
[6.951s] running install_lib
[6.961s] running install_data
[6.970s] running install_egg_info
[6.974s] removing '/home/leader/ros2_ws/install/alphabot2/lib/python3.10/site-packages/alphabot2_leader-0.0.0-py3.10.egg-info' (and everything under it)
[6.977s] Copying ../../../../build/alphabot2/alphabot2_leader.egg-info to /home/leader/ros2_ws/install/alphabot2/lib/python3.10/site-packages/alphabot2_leader-0.0.0-py3.10.egg-info
[6.986s] running install_scripts
[7.076s] Installing IR_obstacle_sensors script to /home/leader/ros2_ws/install/alphabot2/lib/alphabot2
[7.077s] Installing QR_detector script to /home/leader/ros2_ws/install/alphabot2/lib/alphabot2
[7.078s] Installing leader script to /home/leader/ros2_ws/install/alphabot2/lib/alphabot2
[7.079s] Installing motion_driver script to /home/leader/ros2_ws/install/alphabot2/lib/alphabot2
[7.079s] Installing virtual_odometer script to /home/leader/ros2_ws/install/alphabot2/lib/alphabot2
[7.081s] writing list of installed files to '/home/leader/ros2_ws/build/alphabot2/install.log'
[7.210s] Invoked command in '/home/leader/ros2_ws/src/alphabot2-ros2/alphabot2/alphabot2_leader' returned '0': AMENT_PREFIX_PATH=/home/leader/ros2_ws/install/alphabot2_interfaces:${AMENT_PREFIX_PATH} CMAKE_PREFIX_PATH=/home/leader/ros2_ws/install/alphabot2_interfaces LD_LIBRARY_PATH=/home/leader/ros2_ws/install/alphabot2_interfaces/lib:${LD_LIBRARY_PATH} PYTHONPATH=/home/leader/ros2_ws/build/alphabot2/prefix_override:/usr/lib/python3/dist-packages/colcon_core/task/python/colcon_distutils_commands:/home/leader/ros2_ws/install/alphabot2/lib/python3.10/site-packages:/home/leader/ros2_ws/install/alphabot2_interfaces/local/lib/python3.10/dist-packages:${PYTHONPATH} /usr/bin/python3 -W ignore:setup.py install is deprecated -W ignore:easy_install command is deprecated setup.py egg_info --egg-base ../../../../build/alphabot2 build --build-base /home/leader/ros2_ws/build/alphabot2/build install --record /home/leader/ros2_ws/build/alphabot2/install.log --install-scripts $base/lib/alphabot2 --single-version-externally-managed install_data
