[0.604s] DEBUG:colcon:Command line arguments: ['/usr/bin/colcon', 'build', '--event-handlers', 'console_direct+']
[0.605s] DEBUG:colcon:Parsed command line arguments: Namespace(log_base=None, log_level=None, verb_name='build', build_base='build', install_base='install', merge_install=False, symlink_install=False, test_result_base=None, continue_on_error=False, executor='parallel', parallel_workers=4, event_handlers=['console_direct+'], ignore_user_meta=False, metas=['./colcon.meta'], base_paths=['.'], packages_ignore=None, packages_ignore_regex=None, paths=None, packages_up_to=None, packages_up_to_regex=None, packages_above=None, packages_above_and_dependencies=None, packages_above_depth=None, packages_select_by_dep=None, packages_skip_by_dep=None, packages_skip_up_to=None, packages_select_build_failed=False, packages_skip_build_finished=False, packages_select_test_failures=False, packages_skip_test_passed=False, packages_select=None, packages_skip=None, packages_select_regex=None, packages_skip_regex=None, packages_start=None, packages_end=None, allow_overriding=[], cmake_args=None, cmake_target=None, cmake_target_skip_unavailable=False, cmake_clean_cache=False, cmake_clean_first=False, cmake_force_configure=False, ament_cmake_args=None, catkin_cmake_args=None, catkin_skip_building_tests=False, verb_parser=<colcon_defaults.argument_parser.defaults.DefaultArgumentsDecorator object at 0xffffb0996b00>, verb_extension=<colcon_core.verb.build.BuildVerb object at 0xffffb0b2ffd0>, main=<bound method BuildVerb.main of <colcon_core.verb.build.BuildVerb object at 0xffffb0b2ffd0>>)
[1.747s] Level 1:colcon.colcon_core.package_discovery:discover_packages(colcon_meta) check parameters
[1.748s] Level 1:colcon.colcon_core.package_discovery:discover_packages(recursive) check parameters
[1.748s] Level 1:colcon.colcon_core.package_discovery:discover_packages(ignore) check parameters
[1.748s] Level 1:colcon.colcon_core.package_discovery:discover_packages(path) check parameters
[1.748s] Level 1:colcon.colcon_core.package_discovery:discover_packages(colcon_meta) discover
[1.749s] Level 1:colcon.colcon_core.package_discovery:discover_packages(recursive) discover
[1.749s] INFO:colcon.colcon_core.package_discovery:Crawling recursively for packages in '/home/leader/ros2_ws'
[1.749s] Level 1:colcon.colcon_core.package_identification:_identify(.) by extensions ['ignore', 'ignore_ament_install']
[1.750s] Level 1:colcon.colcon_core.package_identification:_identify(.) by extension 'ignore'
[1.750s] Level 1:colcon.colcon_core.package_identification:_identify(.) by extension 'ignore_ament_install'
[1.750s] Level 1:colcon.colcon_core.package_identification:_identify(.) by extensions ['colcon_pkg']
[1.751s] Level 1:colcon.colcon_core.package_identification:_identify(.) by extension 'colcon_pkg'
[1.751s] Level 1:colcon.colcon_core.package_identification:_identify(.) by extensions ['colcon_meta']
[1.751s] Level 1:colcon.colcon_core.package_identification:_identify(.) by extension 'colcon_meta'
[1.751s] Level 1:colcon.colcon_core.package_identification:_identify(.) by extensions ['ros']
[1.751s] Level 1:colcon.colcon_core.package_identification:_identify(.) by extension 'ros'
[1.804s] Level 1:colcon.colcon_core.package_identification:_identify(.) by extensions ['cmake', 'python']
[1.804s] Level 1:colcon.colcon_core.package_identification:_identify(.) by extension 'cmake'
[1.804s] Level 1:colcon.colcon_core.package_identification:_identify(.) by extension 'python'
[1.804s] Level 1:colcon.colcon_core.package_identification:_identify(.) by extensions ['python_setup_py']
[1.805s] Level 1:colcon.colcon_core.package_identification:_identify(.) by extension 'python_setup_py'
[1.805s] Level 1:colcon.colcon_core.package_identification:_identify(build) by extensions ['ignore', 'ignore_ament_install']
[1.806s] Level 1:colcon.colcon_core.package_identification:_identify(build) by extension 'ignore'
[1.806s] Level 1:colcon.colcon_core.package_identification:_identify(build) ignored
[1.807s] Level 1:colcon.colcon_core.package_identification:_identify(install) by extensions ['ignore', 'ignore_ament_install']
[1.807s] Level 1:colcon.colcon_core.package_identification:_identify(install) by extension 'ignore'
[1.808s] Level 1:colcon.colcon_core.package_identification:_identify(install) ignored
[1.808s] Level 1:colcon.colcon_core.package_identification:_identify(log) by extensions ['ignore', 'ignore_ament_install']
[1.809s] Level 1:colcon.colcon_core.package_identification:_identify(log) by extension 'ignore'
[1.809s] Level 1:colcon.colcon_core.package_identification:_identify(log) ignored
[1.810s] Level 1:colcon.colcon_core.package_identification:_identify(src) by extensions ['ignore', 'ignore_ament_install']
[1.810s] Level 1:colcon.colcon_core.package_identification:_identify(src) by extension 'ignore'
[1.810s] Level 1:colcon.colcon_core.package_identification:_identify(src) by extension 'ignore_ament_install'
[1.811s] Level 1:colcon.colcon_core.package_identification:_identify(src) by extensions ['colcon_pkg']
[1.811s] Level 1:colcon.colcon_core.package_identification:_identify(src) by extension 'colcon_pkg'
[1.811s] Level 1:colcon.colcon_core.package_identification:_identify(src) by extensions ['colcon_meta']
[1.811s] Level 1:colcon.colcon_core.package_identification:_identify(src) by extension 'colcon_meta'
[1.812s] Level 1:colcon.colcon_core.package_identification:_identify(src) by extensions ['ros']
[1.812s] Level 1:colcon.colcon_core.package_identification:_identify(src) by extension 'ros'
[1.812s] Level 1:colcon.colcon_core.package_identification:_identify(src) by extensions ['cmake', 'python']
[1.812s] Level 1:colcon.colcon_core.package_identification:_identify(src) by extension 'cmake'
[1.813s] Level 1:colcon.colcon_core.package_identification:_identify(src) by extension 'python'
[1.813s] Level 1:colcon.colcon_core.package_identification:_identify(src) by extensions ['python_setup_py']
[1.813s] Level 1:colcon.colcon_core.package_identification:_identify(src) by extension 'python_setup_py'
[1.814s] Level 1:colcon.colcon_core.package_identification:_identify(src/alphabot2-ros2) by extensions ['ignore', 'ignore_ament_install']
[1.814s] Level 1:colcon.colcon_core.package_identification:_identify(src/alphabot2-ros2) by extension 'ignore'
[1.814s] Level 1:colcon.colcon_core.package_identification:_identify(src/alphabot2-ros2) by extension 'ignore_ament_install'
[1.815s] Level 1:colcon.colcon_core.package_identification:_identify(src/alphabot2-ros2) by extensions ['colcon_pkg']
[1.815s] Level 1:colcon.colcon_core.package_identification:_identify(src/alphabot2-ros2) by extension 'colcon_pkg'
[1.815s] Level 1:colcon.colcon_core.package_identification:_identify(src/alphabot2-ros2) by extensions ['colcon_meta']
[1.815s] Level 1:colcon.colcon_core.package_identification:_identify(src/alphabot2-ros2) by extension 'colcon_meta'
[1.816s] Level 1:colcon.colcon_core.package_identification:_identify(src/alphabot2-ros2) by extensions ['ros']
[1.816s] Level 1:colcon.colcon_core.package_identification:_identify(src/alphabot2-ros2) by extension 'ros'
[1.816s] Level 1:colcon.colcon_core.package_identification:_identify(src/alphabot2-ros2) by extensions ['cmake', 'python']
[1.817s] Level 1:colcon.colcon_core.package_identification:_identify(src/alphabot2-ros2) by extension 'cmake'
[1.817s] Level 1:colcon.colcon_core.package_identification:_identify(src/alphabot2-ros2) by extension 'python'
[1.817s] Level 1:colcon.colcon_core.package_identification:_identify(src/alphabot2-ros2) by extensions ['python_setup_py']
[1.817s] Level 1:colcon.colcon_core.package_identification:_identify(src/alphabot2-ros2) by extension 'python_setup_py'
[1.818s] Level 1:colcon.colcon_core.package_identification:_identify(src/alphabot2-ros2/alphabot2) by extensions ['ignore', 'ignore_ament_install']
[1.818s] Level 1:colcon.colcon_core.package_identification:_identify(src/alphabot2-ros2/alphabot2) by extension 'ignore'
[1.819s] Level 1:colcon.colcon_core.package_identification:_identify(src/alphabot2-ros2/alphabot2) by extension 'ignore_ament_install'
[1.819s] Level 1:colcon.colcon_core.package_identification:_identify(src/alphabot2-ros2/alphabot2) by extensions ['colcon_pkg']
[1.819s] Level 1:colcon.colcon_core.package_identification:_identify(src/alphabot2-ros2/alphabot2) by extension 'colcon_pkg'
[1.819s] Level 1:colcon.colcon_core.package_identification:_identify(src/alphabot2-ros2/alphabot2) by extensions ['colcon_meta']
[1.820s] Level 1:colcon.colcon_core.package_identification:_identify(src/alphabot2-ros2/alphabot2) by extension 'colcon_meta'
[1.820s] Level 1:colcon.colcon_core.package_identification:_identify(src/alphabot2-ros2/alphabot2) by extensions ['ros']
[1.820s] Level 1:colcon.colcon_core.package_identification:_identify(src/alphabot2-ros2/alphabot2) by extension 'ros'
[1.821s] Level 1:colcon.colcon_core.package_identification:_identify(src/alphabot2-ros2/alphabot2) by extensions ['cmake', 'python']
[1.821s] Level 1:colcon.colcon_core.package_identification:_identify(src/alphabot2-ros2/alphabot2) by extension 'cmake'
[1.821s] Level 1:colcon.colcon_core.package_identification:_identify(src/alphabot2-ros2/alphabot2) by extension 'python'
[1.821s] Level 1:colcon.colcon_core.package_identification:_identify(src/alphabot2-ros2/alphabot2) by extensions ['python_setup_py']
[1.822s] Level 1:colcon.colcon_core.package_identification:_identify(src/alphabot2-ros2/alphabot2) by extension 'python_setup_py'
[1.822s] Level 1:colcon.colcon_core.package_identification:_identify(src/alphabot2-ros2/alphabot2/alphabot2_leader) by extensions ['ignore', 'ignore_ament_install']
[1.823s] Level 1:colcon.colcon_core.package_identification:_identify(src/alphabot2-ros2/alphabot2/alphabot2_leader) by extension 'ignore'
[1.823s] Level 1:colcon.colcon_core.package_identification:_identify(src/alphabot2-ros2/alphabot2/alphabot2_leader) by extension 'ignore_ament_install'
[1.823s] Level 1:colcon.colcon_core.package_identification:_identify(src/alphabot2-ros2/alphabot2/alphabot2_leader) by extensions ['colcon_pkg']
[1.824s] Level 1:colcon.colcon_core.package_identification:_identify(src/alphabot2-ros2/alphabot2/alphabot2_leader) by extension 'colcon_pkg'
[1.824s] Level 1:colcon.colcon_core.package_identification:_identify(src/alphabot2-ros2/alphabot2/alphabot2_leader) by extensions ['colcon_meta']
[1.824s] Level 1:colcon.colcon_core.package_identification:_identify(src/alphabot2-ros2/alphabot2/alphabot2_leader) by extension 'colcon_meta'
[1.824s] Level 1:colcon.colcon_core.package_identification:_identify(src/alphabot2-ros2/alphabot2/alphabot2_leader) by extensions ['ros']
[1.825s] Level 1:colcon.colcon_core.package_identification:_identify(src/alphabot2-ros2/alphabot2/alphabot2_leader) by extension 'ros'
[1.834s] DEBUG:colcon.colcon_core.package_identification:Package 'src/alphabot2-ros2/alphabot2/alphabot2_leader' with type 'ros.ament_python' and name 'alphabot2'
[1.834s] Level 1:colcon.colcon_core.package_identification:_identify(src/alphabot2-ros2/alphabot2_interfaces) by extensions ['ignore', 'ignore_ament_install']
[1.835s] Level 1:colcon.colcon_core.package_identification:_identify(src/alphabot2-ros2/alphabot2_interfaces) by extension 'ignore'
[1.835s] Level 1:colcon.colcon_core.package_identification:_identify(src/alphabot2-ros2/alphabot2_interfaces) by extension 'ignore_ament_install'
[1.836s] Level 1:colcon.colcon_core.package_identification:_identify(src/alphabot2-ros2/alphabot2_interfaces) by extensions ['colcon_pkg']
[1.836s] Level 1:colcon.colcon_core.package_identification:_identify(src/alphabot2-ros2/alphabot2_interfaces) by extension 'colcon_pkg'
[1.836s] Level 1:colcon.colcon_core.package_identification:_identify(src/alphabot2-ros2/alphabot2_interfaces) by extensions ['colcon_meta']
[1.836s] Level 1:colcon.colcon_core.package_identification:_identify(src/alphabot2-ros2/alphabot2_interfaces) by extension 'colcon_meta'
[1.837s] Level 1:colcon.colcon_core.package_identification:_identify(src/alphabot2-ros2/alphabot2_interfaces) by extensions ['ros']
[1.837s] Level 1:colcon.colcon_core.package_identification:_identify(src/alphabot2-ros2/alphabot2_interfaces) by extension 'ros'
[1.839s] DEBUG:colcon.colcon_core.package_identification:Package 'src/alphabot2-ros2/alphabot2_interfaces' with type 'ros.ament_cmake' and name 'alphabot2_interfaces'
[1.840s] Level 1:colcon.colcon_core.package_identification:_identify(src/alphabot2-ros2/docs) by extensions ['ignore', 'ignore_ament_install']
[1.840s] Level 1:colcon.colcon_core.package_identification:_identify(src/alphabot2-ros2/docs) by extension 'ignore'
[1.841s] Level 1:colcon.colcon_core.package_identification:_identify(src/alphabot2-ros2/docs) by extension 'ignore_ament_install'
[1.841s] Level 1:colcon.colcon_core.package_identification:_identify(src/alphabot2-ros2/docs) by extensions ['colcon_pkg']
[1.841s] Level 1:colcon.colcon_core.package_identification:_identify(src/alphabot2-ros2/docs) by extension 'colcon_pkg'
[1.841s] Level 1:colcon.colcon_core.package_identification:_identify(src/alphabot2-ros2/docs) by extensions ['colcon_meta']
[1.842s] Level 1:colcon.colcon_core.package_identification:_identify(src/alphabot2-ros2/docs) by extension 'colcon_meta'
[1.842s] Level 1:colcon.colcon_core.package_identification:_identify(src/alphabot2-ros2/docs) by extensions ['ros']
[1.842s] Level 1:colcon.colcon_core.package_identification:_identify(src/alphabot2-ros2/docs) by extension 'ros'
[1.843s] Level 1:colcon.colcon_core.package_identification:_identify(src/alphabot2-ros2/docs) by extensions ['cmake', 'python']
[1.843s] Level 1:colcon.colcon_core.package_identification:_identify(src/alphabot2-ros2/docs) by extension 'cmake'
[1.844s] Level 1:colcon.colcon_core.package_identification:_identify(src/alphabot2-ros2/docs) by extension 'python'
[1.844s] Level 1:colcon.colcon_core.package_identification:_identify(src/alphabot2-ros2/docs) by extensions ['python_setup_py']
[1.844s] Level 1:colcon.colcon_core.package_identification:_identify(src/alphabot2-ros2/docs) by extension 'python_setup_py'
[1.845s] Level 1:colcon.colcon_core.package_discovery:discover_packages(recursive) using defaults
[1.845s] Level 1:colcon.colcon_core.package_discovery:discover_packages(ignore) discover
[1.845s] Level 1:colcon.colcon_core.package_discovery:discover_packages(ignore) using defaults
[1.845s] Level 1:colcon.colcon_core.package_discovery:discover_packages(path) discover
[1.846s] Level 1:colcon.colcon_core.package_discovery:discover_packages(path) using defaults
[1.931s] Level 1:colcon.colcon_core.package_discovery:discover_packages(prefix_path) check parameters
[1.931s] Level 1:colcon.colcon_core.package_discovery:discover_packages(prefix_path) discover
[1.947s] DEBUG:colcon.colcon_installed_package_information.package_discovery:Found 273 installed packages in /opt/ros/humble
[1.958s] Level 1:colcon.colcon_core.package_discovery:discover_packages(prefix_path) using defaults
[2.197s] Level 5:colcon.colcon_core.verb:set package 'alphabot2_interfaces' build argument 'cmake_args' from command line to 'None'
[2.197s] Level 5:colcon.colcon_core.verb:set package 'alphabot2_interfaces' build argument 'cmake_target' from command line to 'None'
[2.198s] Level 5:colcon.colcon_core.verb:set package 'alphabot2_interfaces' build argument 'cmake_target_skip_unavailable' from command line to 'False'
[2.198s] Level 5:colcon.colcon_core.verb:set package 'alphabot2_interfaces' build argument 'cmake_clean_cache' from command line to 'False'
[2.198s] Level 5:colcon.colcon_core.verb:set package 'alphabot2_interfaces' build argument 'cmake_clean_first' from command line to 'False'
[2.198s] Level 5:colcon.colcon_core.verb:set package 'alphabot2_interfaces' build argument 'cmake_force_configure' from command line to 'False'
[2.198s] Level 5:colcon.colcon_core.verb:set package 'alphabot2_interfaces' build argument 'ament_cmake_args' from command line to 'None'
[2.199s] Level 5:colcon.colcon_core.verb:set package 'alphabot2_interfaces' build argument 'catkin_cmake_args' from command line to 'None'
[2.199s] Level 5:colcon.colcon_core.verb:set package 'alphabot2_interfaces' build argument 'catkin_skip_building_tests' from command line to 'False'
[2.199s] DEBUG:colcon.colcon_core.verb:Building package 'alphabot2_interfaces' with the following arguments: {'ament_cmake_args': None, 'build_base': '/home/leader/ros2_ws/build/alphabot2_interfaces', 'catkin_cmake_args': None, 'catkin_skip_building_tests': False, 'cmake_args': None, 'cmake_clean_cache': False, 'cmake_clean_first': False, 'cmake_force_configure': False, 'cmake_target': None, 'cmake_target_skip_unavailable': False, 'install_base': '/home/leader/ros2_ws/install/alphabot2_interfaces', 'merge_install': False, 'path': '/home/leader/ros2_ws/src/alphabot2-ros2/alphabot2_interfaces', 'symlink_install': False, 'test_result_base': None}
[2.201s] Level 5:colcon.colcon_core.verb:set package 'alphabot2' build argument 'cmake_args' from command line to 'None'
[2.201s] Level 5:colcon.colcon_core.verb:set package 'alphabot2' build argument 'cmake_target' from command line to 'None'
[2.201s] Level 5:colcon.colcon_core.verb:set package 'alphabot2' build argument 'cmake_target_skip_unavailable' from command line to 'False'
[2.202s] Level 5:colcon.colcon_core.verb:set package 'alphabot2' build argument 'cmake_clean_cache' from command line to 'False'
[2.202s] Level 5:colcon.colcon_core.verb:set package 'alphabot2' build argument 'cmake_clean_first' from command line to 'False'
[2.202s] Level 5:colcon.colcon_core.verb:set package 'alphabot2' build argument 'cmake_force_configure' from command line to 'False'
[2.202s] Level 5:colcon.colcon_core.verb:set package 'alphabot2' build argument 'ament_cmake_args' from command line to 'None'
[2.203s] Level 5:colcon.colcon_core.verb:set package 'alphabot2' build argument 'catkin_cmake_args' from command line to 'None'
[2.203s] Level 5:colcon.colcon_core.verb:set package 'alphabot2' build argument 'catkin_skip_building_tests' from command line to 'False'
[2.203s] DEBUG:colcon.colcon_core.verb:Building package 'alphabot2' with the following arguments: {'ament_cmake_args': None, 'build_base': '/home/leader/ros2_ws/build/alphabot2', 'catkin_cmake_args': None, 'catkin_skip_building_tests': False, 'cmake_args': None, 'cmake_clean_cache': False, 'cmake_clean_first': False, 'cmake_force_configure': False, 'cmake_target': None, 'cmake_target_skip_unavailable': False, 'install_base': '/home/leader/ros2_ws/install/alphabot2', 'merge_install': False, 'path': '/home/leader/ros2_ws/src/alphabot2-ros2/alphabot2/alphabot2_leader', 'symlink_install': False, 'test_result_base': None}
[2.204s] INFO:colcon.colcon_core.executor:Executing jobs using 'parallel' executor
[2.208s] DEBUG:colcon.colcon_parallel_executor.executor.parallel:run_until_complete
[2.209s] INFO:colcon.colcon_ros.task.ament_cmake.build:Building ROS package in '/home/leader/ros2_ws/src/alphabot2-ros2/alphabot2_interfaces' with build type 'ament_cmake'
[2.210s] INFO:colcon.colcon_cmake.task.cmake.build:Building CMake package in '/home/leader/ros2_ws/src/alphabot2-ros2/alphabot2_interfaces'
[2.226s] INFO:colcon.colcon_core.plugin_system:Skipping extension 'colcon_core.shell.bat': Not used on non-Windows systems
[2.228s] INFO:colcon.colcon_core.shell:Skip shell extension 'powershell' for command environment: Not usable outside of PowerShell
[2.229s] DEBUG:colcon.colcon_core.shell:Skip shell extension 'dsv' for command environment
[2.289s] DEBUG:colcon.colcon_core.event_handler.log_command:Invoking command in '/home/leader/ros2_ws/build/alphabot2_interfaces': CMAKE_PREFIX_PATH=/opt/ros/humble /usr/bin/cmake --build /home/leader/ros2_ws/build/alphabot2_interfaces -- -j4 -l4
[4.811s] DEBUG:colcon.colcon_core.event_handler.log_command:Invoked command in '/home/leader/ros2_ws/build/alphabot2_interfaces' returned '0': CMAKE_PREFIX_PATH=/opt/ros/humble /usr/bin/cmake --build /home/leader/ros2_ws/build/alphabot2_interfaces -- -j4 -l4
[4.883s] DEBUG:colcon.colcon_core.event_handler.log_command:Invoking command in '/home/leader/ros2_ws/build/alphabot2_interfaces': CMAKE_PREFIX_PATH=/opt/ros/humble /usr/bin/cmake --install /home/leader/ros2_ws/build/alphabot2_interfaces
[5.388s] Level 1:colcon.colcon_core.environment:create_environment_scripts_only(alphabot2_interfaces)
[5.393s] DEBUG:colcon.colcon_core.event_handler.log_command:Invoked command in '/home/leader/ros2_ws/build/alphabot2_interfaces' returned '0': CMAKE_PREFIX_PATH=/opt/ros/humble /usr/bin/cmake --install /home/leader/ros2_ws/build/alphabot2_interfaces
[5.409s] Level 1:colcon.colcon_core.environment:checking '/home/leader/ros2_ws/install/alphabot2_interfaces' for CMake module files
[5.419s] Level 1:colcon.colcon_core.environment:checking '/home/leader/ros2_ws/install/alphabot2_interfaces' for CMake config files
[5.428s] Level 1:colcon.colcon_core.shell:create_environment_hook('alphabot2_interfaces', 'cmake_prefix_path')
[5.429s] INFO:colcon.colcon_core.shell:Creating environment hook '/home/leader/ros2_ws/install/alphabot2_interfaces/share/alphabot2_interfaces/hook/cmake_prefix_path.ps1'
[5.433s] INFO:colcon.colcon_core.shell:Creating environment descriptor '/home/leader/ros2_ws/install/alphabot2_interfaces/share/alphabot2_interfaces/hook/cmake_prefix_path.dsv'
[5.436s] INFO:colcon.colcon_core.shell:Creating environment hook '/home/leader/ros2_ws/install/alphabot2_interfaces/share/alphabot2_interfaces/hook/cmake_prefix_path.sh'
[5.441s] Level 1:colcon.colcon_core.environment:checking '/home/leader/ros2_ws/install/alphabot2_interfaces/lib'
[5.442s] Level 1:colcon.colcon_core.shell:create_environment_hook('alphabot2_interfaces', 'ld_library_path_lib')
[5.444s] INFO:colcon.colcon_core.shell:Creating environment hook '/home/leader/ros2_ws/install/alphabot2_interfaces/share/alphabot2_interfaces/hook/ld_library_path_lib.ps1'
[5.446s] INFO:colcon.colcon_core.shell:Creating environment descriptor '/home/leader/ros2_ws/install/alphabot2_interfaces/share/alphabot2_interfaces/hook/ld_library_path_lib.dsv'
[5.448s] INFO:colcon.colcon_core.shell:Creating environment hook '/home/leader/ros2_ws/install/alphabot2_interfaces/share/alphabot2_interfaces/hook/ld_library_path_lib.sh'
[5.452s] Level 1:colcon.colcon_core.environment:checking '/home/leader/ros2_ws/install/alphabot2_interfaces/bin'
[5.453s] Level 1:colcon.colcon_core.environment:checking '/home/leader/ros2_ws/install/alphabot2_interfaces/lib/pkgconfig/alphabot2_interfaces.pc'
[5.454s] Level 1:colcon.colcon_core.environment:checking '/home/leader/ros2_ws/install/alphabot2_interfaces/lib/python3.10/site-packages'
[5.456s] Level 1:colcon.colcon_core.environment:checking '/home/leader/ros2_ws/install/alphabot2_interfaces/bin'
[5.458s] INFO:colcon.colcon_core.shell:Creating package script '/home/leader/ros2_ws/install/alphabot2_interfaces/share/alphabot2_interfaces/package.ps1'
[5.464s] INFO:colcon.colcon_core.shell:Creating package descriptor '/home/leader/ros2_ws/install/alphabot2_interfaces/share/alphabot2_interfaces/package.dsv'
[5.468s] INFO:colcon.colcon_core.shell:Creating package script '/home/leader/ros2_ws/install/alphabot2_interfaces/share/alphabot2_interfaces/package.sh'
[5.473s] INFO:colcon.colcon_core.shell:Creating package script '/home/leader/ros2_ws/install/alphabot2_interfaces/share/alphabot2_interfaces/package.bash'
[5.479s] INFO:colcon.colcon_core.shell:Creating package script '/home/leader/ros2_ws/install/alphabot2_interfaces/share/alphabot2_interfaces/package.zsh'
[5.485s] Level 1:colcon.colcon_core.environment:create_file_with_runtime_dependencies(/home/leader/ros2_ws/install/alphabot2_interfaces/share/colcon-core/packages/alphabot2_interfaces)
[5.490s] Level 1:colcon.colcon_core.environment:create_environment_scripts_only(alphabot2_interfaces)
[5.491s] Level 1:colcon.colcon_core.environment:checking '/home/leader/ros2_ws/install/alphabot2_interfaces' for CMake module files
[5.496s] Level 1:colcon.colcon_core.environment:checking '/home/leader/ros2_ws/install/alphabot2_interfaces' for CMake config files
[5.501s] Level 1:colcon.colcon_core.shell:create_environment_hook('alphabot2_interfaces', 'cmake_prefix_path')
[5.503s] INFO:colcon.colcon_core.shell:Creating environment hook '/home/leader/ros2_ws/install/alphabot2_interfaces/share/alphabot2_interfaces/hook/cmake_prefix_path.ps1'
[5.505s] INFO:colcon.colcon_core.shell:Creating environment descriptor '/home/leader/ros2_ws/install/alphabot2_interfaces/share/alphabot2_interfaces/hook/cmake_prefix_path.dsv'
[5.508s] INFO:colcon.colcon_core.shell:Creating environment hook '/home/leader/ros2_ws/install/alphabot2_interfaces/share/alphabot2_interfaces/hook/cmake_prefix_path.sh'
[5.511s] Level 1:colcon.colcon_core.environment:checking '/home/leader/ros2_ws/install/alphabot2_interfaces/lib'
[5.512s] Level 1:colcon.colcon_core.shell:create_environment_hook('alphabot2_interfaces', 'ld_library_path_lib')
[5.513s] INFO:colcon.colcon_core.shell:Creating environment hook '/home/leader/ros2_ws/install/alphabot2_interfaces/share/alphabot2_interfaces/hook/ld_library_path_lib.ps1'
[5.516s] INFO:colcon.colcon_core.shell:Creating environment descriptor '/home/leader/ros2_ws/install/alphabot2_interfaces/share/alphabot2_interfaces/hook/ld_library_path_lib.dsv'
[5.519s] INFO:colcon.colcon_core.shell:Creating environment hook '/home/leader/ros2_ws/install/alphabot2_interfaces/share/alphabot2_interfaces/hook/ld_library_path_lib.sh'
[5.522s] Level 1:colcon.colcon_core.environment:checking '/home/leader/ros2_ws/install/alphabot2_interfaces/bin'
[5.522s] Level 1:colcon.colcon_core.environment:checking '/home/leader/ros2_ws/install/alphabot2_interfaces/lib/pkgconfig/alphabot2_interfaces.pc'
[5.524s] Level 1:colcon.colcon_core.environment:checking '/home/leader/ros2_ws/install/alphabot2_interfaces/lib/python3.10/site-packages'
[5.526s] Level 1:colcon.colcon_core.environment:checking '/home/leader/ros2_ws/install/alphabot2_interfaces/bin'
[5.528s] INFO:colcon.colcon_core.shell:Creating package script '/home/leader/ros2_ws/install/alphabot2_interfaces/share/alphabot2_interfaces/package.ps1'
[5.532s] INFO:colcon.colcon_core.shell:Creating package descriptor '/home/leader/ros2_ws/install/alphabot2_interfaces/share/alphabot2_interfaces/package.dsv'
[5.535s] INFO:colcon.colcon_core.shell:Creating package script '/home/leader/ros2_ws/install/alphabot2_interfaces/share/alphabot2_interfaces/package.sh'
[5.538s] INFO:colcon.colcon_core.shell:Creating package script '/home/leader/ros2_ws/install/alphabot2_interfaces/share/alphabot2_interfaces/package.bash'
[5.541s] INFO:colcon.colcon_core.shell:Creating package script '/home/leader/ros2_ws/install/alphabot2_interfaces/share/alphabot2_interfaces/package.zsh'
[5.545s] Level 1:colcon.colcon_core.environment:create_file_with_runtime_dependencies(/home/leader/ros2_ws/install/alphabot2_interfaces/share/colcon-core/packages/alphabot2_interfaces)
[5.550s] INFO:colcon.colcon_ros.task.ament_python.build:Building ROS package in '/home/leader/ros2_ws/src/alphabot2-ros2/alphabot2/alphabot2_leader' with build type 'ament_python'
[5.551s] Level 1:colcon.colcon_core.shell:create_environment_hook('alphabot2', 'ament_prefix_path')
[5.552s] INFO:colcon.colcon_core.shell:Creating environment hook '/home/leader/ros2_ws/install/alphabot2/share/alphabot2/hook/ament_prefix_path.ps1'
[5.555s] INFO:colcon.colcon_core.shell:Creating environment descriptor '/home/leader/ros2_ws/install/alphabot2/share/alphabot2/hook/ament_prefix_path.dsv'
[5.558s] INFO:colcon.colcon_core.shell:Creating environment hook '/home/leader/ros2_ws/install/alphabot2/share/alphabot2/hook/ament_prefix_path.sh'
[5.561s] INFO:colcon.colcon_core.shell:Skip shell extension 'powershell' for command environment: Not usable outside of PowerShell
[5.561s] DEBUG:colcon.colcon_core.shell:Skip shell extension 'dsv' for command environment
[7.494s] WARNING:colcon.colcon_ros.task.ament_python.build:Package 'alphabot2' doesn't explicitly install a marker in the package index (colcon-ros currently does it implicitly but that fallback will be removed in the future)
[7.496s] WARNING:colcon.colcon_ros.task.ament_python.build:Package 'alphabot2' doesn't explicitly install the 'package.xml' file (colcon-ros currently does it implicitly but that fallback will be removed in the future)
[7.500s] INFO:colcon.colcon_core.task.python.build:Building Python package in '/home/leader/ros2_ws/src/alphabot2-ros2/alphabot2/alphabot2_leader'
[7.502s] INFO:colcon.colcon_core.shell:Skip shell extension 'powershell' for command environment: Not usable outside of PowerShell
[7.502s] DEBUG:colcon.colcon_core.shell:Skip shell extension 'dsv' for command environment
[9.859s] DEBUG:colcon.colcon_core.event_handler.log_command:Invoking command in '/home/leader/ros2_ws/src/alphabot2-ros2/alphabot2/alphabot2_leader': AMENT_PREFIX_PATH=/home/leader/ros2_ws/install/alphabot2_interfaces:${AMENT_PREFIX_PATH} CMAKE_PREFIX_PATH=/home/leader/ros2_ws/install/alphabot2_interfaces LD_LIBRARY_PATH=/home/leader/ros2_ws/install/alphabot2_interfaces/lib:${LD_LIBRARY_PATH} PYTHONPATH=/home/leader/ros2_ws/build/alphabot2/prefix_override:/usr/lib/python3/dist-packages/colcon_core/task/python/colcon_distutils_commands:/home/leader/ros2_ws/install/alphabot2/lib/python3.10/site-packages:/home/leader/ros2_ws/install/alphabot2_interfaces/local/lib/python3.10/dist-packages:${PYTHONPATH} /usr/bin/python3 -W ignore:setup.py install is deprecated -W ignore:easy_install command is deprecated setup.py egg_info --egg-base ../../../../build/alphabot2 build --build-base /home/leader/ros2_ws/build/alphabot2/build install --record /home/leader/ros2_ws/build/alphabot2/install.log --install-scripts $base/lib/alphabot2 --single-version-externally-managed install_data
[11.429s] Level 1:colcon.colcon_core.environment:checking '/home/leader/ros2_ws/install/alphabot2' for CMake module files
[11.431s] DEBUG:colcon.colcon_core.event_handler.log_command:Invoked command in '/home/leader/ros2_ws/src/alphabot2-ros2/alphabot2/alphabot2_leader' returned '0': AMENT_PREFIX_PATH=/home/leader/ros2_ws/install/alphabot2_interfaces:${AMENT_PREFIX_PATH} CMAKE_PREFIX_PATH=/home/leader/ros2_ws/install/alphabot2_interfaces LD_LIBRARY_PATH=/home/leader/ros2_ws/install/alphabot2_interfaces/lib:${LD_LIBRARY_PATH} PYTHONPATH=/home/leader/ros2_ws/build/alphabot2/prefix_override:/usr/lib/python3/dist-packages/colcon_core/task/python/colcon_distutils_commands:/home/leader/ros2_ws/install/alphabot2/lib/python3.10/site-packages:/home/leader/ros2_ws/install/alphabot2_interfaces/local/lib/python3.10/dist-packages:${PYTHONPATH} /usr/bin/python3 -W ignore:setup.py install is deprecated -W ignore:easy_install command is deprecated setup.py egg_info --egg-base ../../../../build/alphabot2 build --build-base /home/leader/ros2_ws/build/alphabot2/build install --record /home/leader/ros2_ws/build/alphabot2/install.log --install-scripts $base/lib/alphabot2 --single-version-externally-managed install_data
[11.433s] Level 1:colcon.colcon_core.environment:checking '/home/leader/ros2_ws/install/alphabot2' for CMake config files
[11.437s] Level 1:colcon.colcon_core.environment:checking '/home/leader/ros2_ws/install/alphabot2/lib'
[11.438s] Level 1:colcon.colcon_core.environment:checking '/home/leader/ros2_ws/install/alphabot2/bin'
[11.438s] Level 1:colcon.colcon_core.environment:checking '/home/leader/ros2_ws/install/alphabot2/lib/pkgconfig/alphabot2.pc'
[11.439s] Level 1:colcon.colcon_core.environment:checking '/home/leader/ros2_ws/install/alphabot2/lib/python3.10/site-packages'
[11.439s] Level 1:colcon.colcon_core.shell:create_environment_hook('alphabot2', 'pythonpath')
[11.441s] INFO:colcon.colcon_core.shell:Creating environment hook '/home/leader/ros2_ws/install/alphabot2/share/alphabot2/hook/pythonpath.ps1'
[11.443s] INFO:colcon.colcon_core.shell:Creating environment descriptor '/home/leader/ros2_ws/install/alphabot2/share/alphabot2/hook/pythonpath.dsv'
[11.445s] INFO:colcon.colcon_core.shell:Creating environment hook '/home/leader/ros2_ws/install/alphabot2/share/alphabot2/hook/pythonpath.sh'
[11.449s] Level 1:colcon.colcon_core.environment:checking '/home/leader/ros2_ws/install/alphabot2/bin'
[11.449s] Level 1:colcon.colcon_core.environment:create_environment_scripts_only(alphabot2)
[11.451s] INFO:colcon.colcon_core.shell:Creating package script '/home/leader/ros2_ws/install/alphabot2/share/alphabot2/package.ps1'
[11.454s] INFO:colcon.colcon_core.shell:Creating package descriptor '/home/leader/ros2_ws/install/alphabot2/share/alphabot2/package.dsv'
[11.457s] INFO:colcon.colcon_core.shell:Creating package script '/home/leader/ros2_ws/install/alphabot2/share/alphabot2/package.sh'
[11.460s] INFO:colcon.colcon_core.shell:Creating package script '/home/leader/ros2_ws/install/alphabot2/share/alphabot2/package.bash'
[11.463s] INFO:colcon.colcon_core.shell:Creating package script '/home/leader/ros2_ws/install/alphabot2/share/alphabot2/package.zsh'
[11.467s] Level 1:colcon.colcon_core.environment:create_file_with_runtime_dependencies(/home/leader/ros2_ws/install/alphabot2/share/colcon-core/packages/alphabot2)
[11.469s] DEBUG:colcon.colcon_parallel_executor.executor.parallel:closing loop
[11.471s] DEBUG:colcon.colcon_parallel_executor.executor.parallel:loop closed
[11.471s] DEBUG:colcon.colcon_parallel_executor.executor.parallel:run_until_complete finished with '0'
[11.471s] DEBUG:colcon.colcon_core.event_reactor:joining thread
[11.480s] DEBUG:colcon.colcon_core.event_reactor:joined thread
[11.482s] INFO:colcon.colcon_core.shell:Creating prefix script '/home/leader/ros2_ws/install/local_setup.ps1'
[11.490s] INFO:colcon.colcon_core.shell:Creating prefix util module '/home/leader/ros2_ws/install/_local_setup_util_ps1.py'
[11.500s] INFO:colcon.colcon_core.shell:Creating prefix chain script '/home/leader/ros2_ws/install/setup.ps1'
[11.509s] INFO:colcon.colcon_core.shell:Creating prefix script '/home/leader/ros2_ws/install/local_setup.sh'
[11.515s] INFO:colcon.colcon_core.shell:Creating prefix util module '/home/leader/ros2_ws/install/_local_setup_util_sh.py'
[11.521s] INFO:colcon.colcon_core.shell:Creating prefix chain script '/home/leader/ros2_ws/install/setup.sh'
[11.530s] INFO:colcon.colcon_core.shell:Creating prefix script '/home/leader/ros2_ws/install/local_setup.bash'
[11.535s] INFO:colcon.colcon_core.shell:Creating prefix chain script '/home/leader/ros2_ws/install/setup.bash'
[11.541s] INFO:colcon.colcon_core.shell:Creating prefix script '/home/leader/ros2_ws/install/local_setup.zsh'
[11.546s] INFO:colcon.colcon_core.shell:Creating prefix chain script '/home/leader/ros2_ws/install/setup.zsh'
