[0.093s] Invoking command in '/home/leader/ros2_ws/build/alphabot2_interfaces': CMAKE_PREFIX_PATH=/opt/ros/humble /usr/bin/cmake --build /home/leader/ros2_ws/build/alphabot2_interfaces -- -j4 -l4
[0.372s] [  3%] Built target alphabot2_interfaces__rs
[0.382s] [  6%] Built target alphabot2_interfaces__cpp
[0.414s] [ 15%] Built target alphabot2_interfaces__rosidl_generator_c
[0.564s] [ 15%] Built target ament_cmake_python_copy_alphabot2_interfaces
[0.660s] [ 25%] Built target alphabot2_interfaces__rosidl_typesupport_fastrtps_cpp
[0.677s] [ 34%] Built target alphabot2_interfaces__rosidl_typesupport_cpp
[0.747s] [ 43%] Built target alphabot2_interfaces__rosidl_typesupport_introspection_cpp
[0.864s] [ 53%] Built target alphabot2_interfaces__rosidl_typesupport_fastrtps_c
[0.956s] [ 62%] Built target alphabot2_interfaces__rosidl_typesupport_c
[1.025s] [ 71%] Built target alphabot2_interfaces__rosidl_typesupport_introspection_c
[1.155s] [ 71%] Built target alphabot2_interfaces
[1.279s] [ 75%] Built target alphabot2_interfaces__py
[1.476s] [ 81%] Built target alphabot2_interfaces__rosidl_generator_py
[1.728s] [ 87%] Built target alphabot2_interfaces__rosidl_typesupport_fastrtps_c__pyext
[1.806s] [ 93%] Built target alphabot2_interfaces__rosidl_typesupport_c__pyext
[1.816s] [100%] Built target alphabot2_interfaces__rosidl_typesupport_introspection_c__pyext
[2.786s] running egg_info
[2.790s] writing alphabot2_interfaces.egg-info/PKG-INFO
[2.794s] writing dependency_links to alphabot2_interfaces.egg-info/dependency_links.txt
[2.797s] writing top-level names to alphabot2_interfaces.egg-info/top_level.txt
[2.811s] reading manifest file 'alphabot2_interfaces.egg-info/SOURCES.txt'
[2.814s] writing manifest file 'alphabot2_interfaces.egg-info/SOURCES.txt'
[3.017s] [ 75%] Built target ament_cmake_python_build_alphabot2_interfaces_egg
[3.104s] Invoked command in '/home/leader/ros2_ws/build/alphabot2_interfaces' returned '0': CMAKE_PREFIX_PATH=/opt/ros/humble /usr/bin/cmake --build /home/leader/ros2_ws/build/alphabot2_interfaces -- -j4 -l4
[3.172s] Invoking command in '/home/leader/ros2_ws/build/alphabot2_interfaces': CMAKE_PREFIX_PATH=/opt/ros/humble /usr/bin/cmake --install /home/leader/ros2_ws/build/alphabot2_interfaces
[3.255s] -- Install configuration: ""
[3.258s] -- Up-to-date: /home/leader/ros2_ws/install/alphabot2_interfaces/share/ament_index/resource_index/rosidl_interfaces/alphabot2_interfaces
[3.258s] -- Up-to-date: /home/leader/ros2_ws/install/alphabot2_interfaces/include/alphabot2_interfaces/alphabot2_interfaces
[3.266s] -- Up-to-date: /home/leader/ros2_ws/install/alphabot2_interfaces/include/alphabot2_interfaces/alphabot2_interfaces/msg
[3.271s] -- Up-to-date: /home/leader/ros2_ws/install/alphabot2_interfaces/include/alphabot2_interfaces/alphabot2_interfaces/msg/obstacle.h
[3.273s] -- Up-to-date: /home/leader/ros2_ws/install/alphabot2_interfaces/include/alphabot2_interfaces/alphabot2_interfaces/msg/rosidl_generator_c__visibility_control.h
[3.274s] -- Up-to-date: /home/leader/ros2_ws/install/alphabot2_interfaces/include/alphabot2_interfaces/alphabot2_interfaces/msg/detail
[3.280s] -- Up-to-date: /home/leader/ros2_ws/install/alphabot2_interfaces/include/alphabot2_interfaces/alphabot2_interfaces/msg/detail/obstacle__struct.h
[3.282s] -- Up-to-date: /home/leader/ros2_ws/install/alphabot2_interfaces/include/alphabot2_interfaces/alphabot2_interfaces/msg/detail/obstacle__type_support.h
[3.292s] -- Up-to-date: /home/leader/ros2_ws/install/alphabot2_interfaces/include/alphabot2_interfaces/alphabot2_interfaces/msg/detail/obstacle__functions.h
[3.295s] -- Up-to-date: /home/leader/ros2_ws/install/alphabot2_interfaces/include/alphabot2_interfaces/alphabot2_interfaces/msg/detail/obstacle__functions.c
[3.297s] -- Up-to-date: /home/leader/ros2_ws/install/alphabot2_interfaces/share/alphabot2_interfaces/environment/library_path.sh
[3.299s] -- Up-to-date: /home/leader/ros2_ws/install/alphabot2_interfaces/share/alphabot2_interfaces/environment/library_path.dsv
[3.301s] -- Up-to-date: /home/leader/ros2_ws/install/alphabot2_interfaces/lib/libalphabot2_interfaces__rosidl_generator_c.so
[3.305s] -- Up-to-date: /home/leader/ros2_ws/install/alphabot2_interfaces/include/alphabot2_interfaces/alphabot2_interfaces
[3.306s] -- Up-to-date: /home/leader/ros2_ws/install/alphabot2_interfaces/include/alphabot2_interfaces/alphabot2_interfaces/msg
[3.307s] -- Up-to-date: /home/leader/ros2_ws/install/alphabot2_interfaces/include/alphabot2_interfaces/alphabot2_interfaces/msg/detail
[3.308s] -- Up-to-date: /home/leader/ros2_ws/install/alphabot2_interfaces/include/alphabot2_interfaces/alphabot2_interfaces/msg/detail/obstacle__rosidl_typesupport_fastrtps_c.h
[3.309s] -- Up-to-date: /home/leader/ros2_ws/install/alphabot2_interfaces/include/alphabot2_interfaces/alphabot2_interfaces/msg/rosidl_typesupport_fastrtps_c__visibility_control.h
[3.309s] -- Up-to-date: /home/leader/ros2_ws/install/alphabot2_interfaces/lib/libalphabot2_interfaces__rosidl_typesupport_fastrtps_c.so
[3.310s] -- Up-to-date: /home/leader/ros2_ws/install/alphabot2_interfaces/include/alphabot2_interfaces/alphabot2_interfaces
[3.311s] -- Up-to-date: /home/leader/ros2_ws/install/alphabot2_interfaces/include/alphabot2_interfaces/alphabot2_interfaces/msg
[3.312s] -- Up-to-date: /home/leader/ros2_ws/install/alphabot2_interfaces/include/alphabot2_interfaces/alphabot2_interfaces/msg/detail
[3.322s] -- Up-to-date: /home/leader/ros2_ws/install/alphabot2_interfaces/include/alphabot2_interfaces/alphabot2_interfaces/msg/detail/obstacle__type_support.c
[3.324s] -- Up-to-date: /home/leader/ros2_ws/install/alphabot2_interfaces/include/alphabot2_interfaces/alphabot2_interfaces/msg/detail/obstacle__rosidl_typesupport_introspection_c.h
[3.325s] -- Up-to-date: /home/leader/ros2_ws/install/alphabot2_interfaces/include/alphabot2_interfaces/alphabot2_interfaces/msg/rosidl_typesupport_introspection_c__visibility_control.h
[3.326s] -- Up-to-date: /home/leader/ros2_ws/install/alphabot2_interfaces/lib/libalphabot2_interfaces__rosidl_typesupport_introspection_c.so
[3.326s] -- Up-to-date: /home/leader/ros2_ws/install/alphabot2_interfaces/lib/libalphabot2_interfaces__rosidl_typesupport_c.so
[3.327s] -- Up-to-date: /home/leader/ros2_ws/install/alphabot2_interfaces/include/alphabot2_interfaces/alphabot2_interfaces
[3.328s] -- Up-to-date: /home/leader/ros2_ws/install/alphabot2_interfaces/include/alphabot2_interfaces/alphabot2_interfaces/msg
[3.330s] -- Up-to-date: /home/leader/ros2_ws/install/alphabot2_interfaces/include/alphabot2_interfaces/alphabot2_interfaces/msg/rosidl_generator_cpp__visibility_control.hpp
[3.338s] -- Up-to-date: /home/leader/ros2_ws/install/alphabot2_interfaces/include/alphabot2_interfaces/alphabot2_interfaces/msg/obstacle.hpp
[3.339s] -- Up-to-date: /home/leader/ros2_ws/install/alphabot2_interfaces/include/alphabot2_interfaces/alphabot2_interfaces/msg/detail
[3.339s] -- Up-to-date: /home/leader/ros2_ws/install/alphabot2_interfaces/include/alphabot2_interfaces/alphabot2_interfaces/msg/detail/obstacle__struct.hpp
[3.340s] -- Up-to-date: /home/leader/ros2_ws/install/alphabot2_interfaces/include/alphabot2_interfaces/alphabot2_interfaces/msg/detail/obstacle__traits.hpp
[3.341s] -- Up-to-date: /home/leader/ros2_ws/install/alphabot2_interfaces/include/alphabot2_interfaces/alphabot2_interfaces/msg/detail/obstacle__type_support.hpp
[3.341s] -- Up-to-date: /home/leader/ros2_ws/install/alphabot2_interfaces/include/alphabot2_interfaces/alphabot2_interfaces/msg/detail/obstacle__builder.hpp
[3.342s] -- Up-to-date: /home/leader/ros2_ws/install/alphabot2_interfaces/include/alphabot2_interfaces/alphabot2_interfaces
[3.342s] -- Up-to-date: /home/leader/ros2_ws/install/alphabot2_interfaces/include/alphabot2_interfaces/alphabot2_interfaces/msg
[3.343s] -- Up-to-date: /home/leader/ros2_ws/install/alphabot2_interfaces/include/alphabot2_interfaces/alphabot2_interfaces/msg/rosidl_typesupport_fastrtps_cpp__visibility_control.h
[3.344s] -- Up-to-date: /home/leader/ros2_ws/install/alphabot2_interfaces/include/alphabot2_interfaces/alphabot2_interfaces/msg/detail
[3.344s] -- Up-to-date: /home/leader/ros2_ws/install/alphabot2_interfaces/include/alphabot2_interfaces/alphabot2_interfaces/msg/detail/obstacle__rosidl_typesupport_fastrtps_cpp.hpp
[3.345s] -- Up-to-date: /home/leader/ros2_ws/install/alphabot2_interfaces/include/alphabot2_interfaces/alphabot2_interfaces/msg/detail/dds_fastrtps
[3.345s] -- Up-to-date: /home/leader/ros2_ws/install/alphabot2_interfaces/lib/libalphabot2_interfaces__rosidl_typesupport_fastrtps_cpp.so
[3.346s] -- Up-to-date: /home/leader/ros2_ws/install/alphabot2_interfaces/include/alphabot2_interfaces/alphabot2_interfaces
[3.356s] -- Up-to-date: /home/leader/ros2_ws/install/alphabot2_interfaces/include/alphabot2_interfaces/alphabot2_interfaces/msg
[3.357s] -- Up-to-date: /home/leader/ros2_ws/install/alphabot2_interfaces/include/alphabot2_interfaces/alphabot2_interfaces/msg/detail
[3.364s] -- Up-to-date: /home/leader/ros2_ws/install/alphabot2_interfaces/include/alphabot2_interfaces/alphabot2_interfaces/msg/detail/obstacle__rosidl_typesupport_introspection_cpp.hpp
[3.365s] -- Up-to-date: /home/leader/ros2_ws/install/alphabot2_interfaces/include/alphabot2_interfaces/alphabot2_interfaces/msg/detail/obstacle__type_support.cpp
[3.366s] -- Up-to-date: /home/leader/ros2_ws/install/alphabot2_interfaces/lib/libalphabot2_interfaces__rosidl_typesupport_introspection_cpp.so
[3.366s] -- Up-to-date: /home/leader/ros2_ws/install/alphabot2_interfaces/lib/libalphabot2_interfaces__rosidl_typesupport_cpp.so
[3.367s] -- Up-to-date: /home/leader/ros2_ws/install/alphabot2_interfaces/share/alphabot2_interfaces/environment/pythonpath.sh
[3.368s] -- Up-to-date: /home/leader/ros2_ws/install/alphabot2_interfaces/share/alphabot2_interfaces/environment/pythonpath.dsv
[3.369s] -- Up-to-date: /home/leader/ros2_ws/install/alphabot2_interfaces/local/lib/python3.10/dist-packages/alphabot2_interfaces-0.0.0-py3.10.egg-info
[3.369s] -- Installing: /home/leader/ros2_ws/install/alphabot2_interfaces/local/lib/python3.10/dist-packages/alphabot2_interfaces-0.0.0-py3.10.egg-info/PKG-INFO
[3.370s] -- Installing: /home/leader/ros2_ws/install/alphabot2_interfaces/local/lib/python3.10/dist-packages/alphabot2_interfaces-0.0.0-py3.10.egg-info/top_level.txt
[3.370s] -- Installing: /home/leader/ros2_ws/install/alphabot2_interfaces/local/lib/python3.10/dist-packages/alphabot2_interfaces-0.0.0-py3.10.egg-info/dependency_links.txt
[3.371s] -- Installing: /home/leader/ros2_ws/install/alphabot2_interfaces/local/lib/python3.10/dist-packages/alphabot2_interfaces-0.0.0-py3.10.egg-info/SOURCES.txt
[3.384s] -- Up-to-date: /home/leader/ros2_ws/install/alphabot2_interfaces/local/lib/python3.10/dist-packages/alphabot2_interfaces
[3.384s] -- Up-to-date: /home/leader/ros2_ws/install/alphabot2_interfaces/local/lib/python3.10/dist-packages/alphabot2_interfaces/_alphabot2_interfaces_s.ep.rosidl_typesupport_fastrtps_c.c
[3.385s] -- Up-to-date: /home/leader/ros2_ws/install/alphabot2_interfaces/local/lib/python3.10/dist-packages/alphabot2_interfaces/alphabot2_interfaces_s__rosidl_typesupport_c.cpython-310-aarch64-linux-gnu.so
[3.385s] -- Up-to-date: /home/leader/ros2_ws/install/alphabot2_interfaces/local/lib/python3.10/dist-packages/alphabot2_interfaces/_alphabot2_interfaces_s.ep.rosidl_typesupport_introspection_c.c
[3.385s] -- Up-to-date: /home/leader/ros2_ws/install/alphabot2_interfaces/local/lib/python3.10/dist-packages/alphabot2_interfaces/msg
[3.389s] -- Up-to-date: /home/leader/ros2_ws/install/alphabot2_interfaces/local/lib/python3.10/dist-packages/alphabot2_interfaces/msg/_obstacle.py
[3.392s] -- Up-to-date: /home/leader/ros2_ws/install/alphabot2_interfaces/local/lib/python3.10/dist-packages/alphabot2_interfaces/msg/__init__.py
[3.392s] -- Up-to-date: /home/leader/ros2_ws/install/alphabot2_interfaces/local/lib/python3.10/dist-packages/alphabot2_interfaces/msg/_obstacle_s.c
[3.398s] -- Up-to-date: /home/leader/ros2_ws/install/alphabot2_interfaces/local/lib/python3.10/dist-packages/alphabot2_interfaces/__init__.py
[3.399s] -- Up-to-date: /home/leader/ros2_ws/install/alphabot2_interfaces/local/lib/python3.10/dist-packages/alphabot2_interfaces/alphabot2_interfaces_s__rosidl_typesupport_introspection_c.cpython-310-aarch64-linux-gnu.so
[3.400s] -- Up-to-date: /home/leader/ros2_ws/install/alphabot2_interfaces/local/lib/python3.10/dist-packages/alphabot2_interfaces/_alphabot2_interfaces_s.ep.rosidl_typesupport_c.c
[3.401s] -- Up-to-date: /home/leader/ros2_ws/install/alphabot2_interfaces/local/lib/python3.10/dist-packages/alphabot2_interfaces/libalphabot2_interfaces__rosidl_generator_py.so
[3.402s] -- Up-to-date: /home/leader/ros2_ws/install/alphabot2_interfaces/local/lib/python3.10/dist-packages/alphabot2_interfaces/alphabot2_interfaces_s__rosidl_typesupport_fastrtps_c.cpython-310-aarch64-linux-gnu.so
[3.637s] Listing '/home/leader/ros2_ws/install/alphabot2_interfaces/local/lib/python3.10/dist-packages/alphabot2_interfaces'...
[3.639s] Listing '/home/leader/ros2_ws/install/alphabot2_interfaces/local/lib/python3.10/dist-packages/alphabot2_interfaces/msg'...
[3.682s] -- Up-to-date: /home/leader/ros2_ws/install/alphabot2_interfaces/local/lib/python3.10/dist-packages/alphabot2_interfaces/alphabot2_interfaces_s__rosidl_typesupport_fastrtps_c.cpython-310-aarch64-linux-gnu.so
[3.685s] -- Up-to-date: /home/leader/ros2_ws/install/alphabot2_interfaces/local/lib/python3.10/dist-packages/alphabot2_interfaces/alphabot2_interfaces_s__rosidl_typesupport_introspection_c.cpython-310-aarch64-linux-gnu.so
[3.688s] -- Up-to-date: /home/leader/ros2_ws/install/alphabot2_interfaces/local/lib/python3.10/dist-packages/alphabot2_interfaces/alphabot2_interfaces_s__rosidl_typesupport_c.cpython-310-aarch64-linux-gnu.so
[3.690s] -- Up-to-date: /home/leader/ros2_ws/install/alphabot2_interfaces/lib/libalphabot2_interfaces__rosidl_generator_py.so
[3.693s] -- Up-to-date: /home/leader/ros2_ws/install/alphabot2_interfaces/share/ament_index/resource_index/rust_packages/alphabot2_interfaces
[3.694s] -- Up-to-date: /home/leader/ros2_ws/install/alphabot2_interfaces/share/alphabot2_interfaces/rust
[3.694s] -- Up-to-date: /home/leader/ros2_ws/install/alphabot2_interfaces/share/alphabot2_interfaces/rust/Cargo.toml
[3.697s] -- Up-to-date: /home/leader/ros2_ws/install/alphabot2_interfaces/share/alphabot2_interfaces/rust/src
[3.698s] -- Up-to-date: /home/leader/ros2_ws/install/alphabot2_interfaces/share/alphabot2_interfaces/rust/src/msg
[3.700s] -- Up-to-date: /home/leader/ros2_ws/install/alphabot2_interfaces/share/alphabot2_interfaces/rust/src/msg/rmw.rs
[3.705s] -- Up-to-date: /home/leader/ros2_ws/install/alphabot2_interfaces/share/alphabot2_interfaces/rust/src/msg.rs
[3.706s] -- Up-to-date: /home/leader/ros2_ws/install/alphabot2_interfaces/share/alphabot2_interfaces/rust/src/lib.rs
[3.707s] -- Up-to-date: /home/leader/ros2_ws/install/alphabot2_interfaces/share/alphabot2_interfaces/rust/build.rs
[3.714s] -- Up-to-date: /home/leader/ros2_ws/install/alphabot2_interfaces/share/alphabot2_interfaces/msg/Obstacle.idl
[3.714s] -- Up-to-date: /home/leader/ros2_ws/install/alphabot2_interfaces/share/alphabot2_interfaces/msg/Obstacle.msg
[3.715s] -- Up-to-date: /home/leader/ros2_ws/install/alphabot2_interfaces/share/ament_index/resource_index/package_run_dependencies/alphabot2_interfaces
[3.716s] -- Up-to-date: /home/leader/ros2_ws/install/alphabot2_interfaces/share/ament_index/resource_index/parent_prefix_path/alphabot2_interfaces
[3.716s] -- Up-to-date: /home/leader/ros2_ws/install/alphabot2_interfaces/share/alphabot2_interfaces/environment/ament_prefix_path.sh
[3.717s] -- Up-to-date: /home/leader/ros2_ws/install/alphabot2_interfaces/share/alphabot2_interfaces/environment/ament_prefix_path.dsv
[3.717s] -- Up-to-date: /home/leader/ros2_ws/install/alphabot2_interfaces/share/alphabot2_interfaces/environment/path.sh
[3.718s] -- Up-to-date: /home/leader/ros2_ws/install/alphabot2_interfaces/share/alphabot2_interfaces/environment/path.dsv
[3.718s] -- Up-to-date: /home/leader/ros2_ws/install/alphabot2_interfaces/share/alphabot2_interfaces/local_setup.bash
[3.718s] -- Up-to-date: /home/leader/ros2_ws/install/alphabot2_interfaces/share/alphabot2_interfaces/local_setup.sh
[3.719s] -- Up-to-date: /home/leader/ros2_ws/install/alphabot2_interfaces/share/alphabot2_interfaces/local_setup.zsh
[3.720s] -- Up-to-date: /home/leader/ros2_ws/install/alphabot2_interfaces/share/alphabot2_interfaces/local_setup.dsv
[3.721s] -- Installing: /home/leader/ros2_ws/install/alphabot2_interfaces/share/alphabot2_interfaces/package.dsv
[3.721s] -- Up-to-date: /home/leader/ros2_ws/install/alphabot2_interfaces/share/ament_index/resource_index/packages/alphabot2_interfaces
[3.722s] -- Up-to-date: /home/leader/ros2_ws/install/alphabot2_interfaces/share/alphabot2_interfaces/cmake/export_alphabot2_interfaces__rosidl_generator_cExport.cmake
[3.723s] -- Up-to-date: /home/leader/ros2_ws/install/alphabot2_interfaces/share/alphabot2_interfaces/cmake/export_alphabot2_interfaces__rosidl_generator_cExport-noconfig.cmake
[3.724s] -- Up-to-date: /home/leader/ros2_ws/install/alphabot2_interfaces/share/alphabot2_interfaces/cmake/export_alphabot2_interfaces__rosidl_typesupport_fastrtps_cExport.cmake
[3.729s] -- Up-to-date: /home/leader/ros2_ws/install/alphabot2_interfaces/share/alphabot2_interfaces/cmake/export_alphabot2_interfaces__rosidl_typesupport_fastrtps_cExport-noconfig.cmake
[3.730s] -- Up-to-date: /home/leader/ros2_ws/install/alphabot2_interfaces/share/alphabot2_interfaces/cmake/alphabot2_interfaces__rosidl_typesupport_introspection_cExport.cmake
[3.733s] -- Up-to-date: /home/leader/ros2_ws/install/alphabot2_interfaces/share/alphabot2_interfaces/cmake/alphabot2_interfaces__rosidl_typesupport_introspection_cExport-noconfig.cmake
[3.736s] -- Up-to-date: /home/leader/ros2_ws/install/alphabot2_interfaces/share/alphabot2_interfaces/cmake/alphabot2_interfaces__rosidl_typesupport_cExport.cmake
[3.736s] -- Up-to-date: /home/leader/ros2_ws/install/alphabot2_interfaces/share/alphabot2_interfaces/cmake/alphabot2_interfaces__rosidl_typesupport_cExport-noconfig.cmake
[3.737s] -- Up-to-date: /home/leader/ros2_ws/install/alphabot2_interfaces/share/alphabot2_interfaces/cmake/export_alphabot2_interfaces__rosidl_generator_cppExport.cmake
[3.738s] -- Up-to-date: /home/leader/ros2_ws/install/alphabot2_interfaces/share/alphabot2_interfaces/cmake/export_alphabot2_interfaces__rosidl_typesupport_fastrtps_cppExport.cmake
[3.739s] -- Up-to-date: /home/leader/ros2_ws/install/alphabot2_interfaces/share/alphabot2_interfaces/cmake/export_alphabot2_interfaces__rosidl_typesupport_fastrtps_cppExport-noconfig.cmake
[3.764s] -- Up-to-date: /home/leader/ros2_ws/install/alphabot2_interfaces/share/alphabot2_interfaces/cmake/alphabot2_interfaces__rosidl_typesupport_introspection_cppExport.cmake
[3.764s] -- Up-to-date: /home/leader/ros2_ws/install/alphabot2_interfaces/share/alphabot2_interfaces/cmake/alphabot2_interfaces__rosidl_typesupport_introspection_cppExport-noconfig.cmake
[3.765s] -- Up-to-date: /home/leader/ros2_ws/install/alphabot2_interfaces/share/alphabot2_interfaces/cmake/alphabot2_interfaces__rosidl_typesupport_cppExport.cmake
[3.765s] -- Up-to-date: /home/leader/ros2_ws/install/alphabot2_interfaces/share/alphabot2_interfaces/cmake/alphabot2_interfaces__rosidl_typesupport_cppExport-noconfig.cmake
[3.767s] -- Up-to-date: /home/leader/ros2_ws/install/alphabot2_interfaces/share/alphabot2_interfaces/cmake/export_alphabot2_interfaces__rosidl_generator_pyExport.cmake
[3.768s] -- Up-to-date: /home/leader/ros2_ws/install/alphabot2_interfaces/share/alphabot2_interfaces/cmake/export_alphabot2_interfaces__rosidl_generator_pyExport-noconfig.cmake
[3.768s] -- Up-to-date: /home/leader/ros2_ws/install/alphabot2_interfaces/share/alphabot2_interfaces/cmake/rosidl_cmake-extras.cmake
[3.769s] -- Up-to-date: /home/leader/ros2_ws/install/alphabot2_interfaces/share/alphabot2_interfaces/cmake/ament_cmake_export_include_directories-extras.cmake
[3.770s] -- Up-to-date: /home/leader/ros2_ws/install/alphabot2_interfaces/share/alphabot2_interfaces/cmake/ament_cmake_export_libraries-extras.cmake
[3.771s] -- Up-to-date: /home/leader/ros2_ws/install/alphabot2_interfaces/share/alphabot2_interfaces/cmake/ament_cmake_export_targets-extras.cmake
[3.772s] -- Up-to-date: /home/leader/ros2_ws/install/alphabot2_interfaces/share/alphabot2_interfaces/cmake/rosidl_cmake_export_typesupport_targets-extras.cmake
[3.775s] -- Up-to-date: /home/leader/ros2_ws/install/alphabot2_interfaces/share/alphabot2_interfaces/cmake/ament_cmake_export_dependencies-extras.cmake
[3.782s] -- Up-to-date: /home/leader/ros2_ws/install/alphabot2_interfaces/share/alphabot2_interfaces/cmake/rosidl_cmake_export_typesupport_libraries-extras.cmake
[3.786s] -- Up-to-date: /home/leader/ros2_ws/install/alphabot2_interfaces/share/alphabot2_interfaces/cmake/alphabot2_interfacesConfig.cmake
[3.786s] -- Up-to-date: /home/leader/ros2_ws/install/alphabot2_interfaces/share/alphabot2_interfaces/cmake/alphabot2_interfacesConfig-version.cmake
[3.787s] -- Up-to-date: /home/leader/ros2_ws/install/alphabot2_interfaces/share/alphabot2_interfaces/package.xml
[3.788s] Invoked command in '/home/leader/ros2_ws/build/alphabot2_interfaces' returned '0': CMAKE_PREFIX_PATH=/opt/ros/humble /usr/bin/cmake --install /home/leader/ros2_ws/build/alphabot2_interfaces
