/home/leader/ros2_ws/install/alphabot2/lib/python3.10/site-packages/alphabot2_leader/obstacle_avoidance.py
/home/leader/ros2_ws/install/alphabot2/lib/python3.10/site-packages/alphabot2_leader/IR_obstacle_sensors.py
/home/leader/ros2_ws/install/alphabot2/lib/python3.10/site-packages/alphabot2_leader/__init__.py
/home/leader/ros2_ws/install/alphabot2/lib/python3.10/site-packages/alphabot2_leader/virtual_odometer.py
/home/leader/ros2_ws/install/alphabot2/lib/python3.10/site-packages/alphabot2_leader/motion_driver.py
/home/leader/ros2_ws/install/alphabot2/lib/python3.10/site-packages/alphabot2_leader/leader.py
/home/leader/ros2_ws/install/alphabot2/lib/python3.10/site-packages/alphabot2_leader/QR_detector.py
/home/leader/ros2_ws/install/alphabot2/lib/python3.10/site-packages/alphabot2_leader/__pycache__/obstacle_avoidance.cpython-310.pyc
/home/leader/ros2_ws/install/alphabot2/lib/python3.10/site-packages/alphabot2_leader/__pycache__/IR_obstacle_sensors.cpython-310.pyc
/home/leader/ros2_ws/install/alphabot2/lib/python3.10/site-packages/alphabot2_leader/__pycache__/__init__.cpython-310.pyc
/home/leader/ros2_ws/install/alphabot2/lib/python3.10/site-packages/alphabot2_leader/__pycache__/virtual_odometer.cpython-310.pyc
/home/leader/ros2_ws/install/alphabot2/lib/python3.10/site-packages/alphabot2_leader/__pycache__/motion_driver.cpython-310.pyc
/home/leader/ros2_ws/install/alphabot2/lib/python3.10/site-packages/alphabot2_leader/__pycache__/leader.cpython-310.pyc
/home/leader/ros2_ws/install/alphabot2/lib/python3.10/site-packages/alphabot2_leader/__pycache__/QR_detector.cpython-310.pyc
/home/leader/ros2_ws/install/alphabot2/share/ament_index/resource_index/packages/alphabot2_leader
/home/leader/ros2_ws/install/alphabot2/share/alphabot2_leader/package.xml
/home/leader/ros2_ws/install/alphabot2/share/alphabot2_leader/alphabot2_launch.py
/home/leader/ros2_ws/install/alphabot2/lib/python3.10/site-packages/alphabot2_leader-0.0.0-py3.10.egg-info/zip-safe
/home/leader/ros2_ws/install/alphabot2/lib/python3.10/site-packages/alphabot2_leader-0.0.0-py3.10.egg-info/PKG-INFO
/home/leader/ros2_ws/install/alphabot2/lib/python3.10/site-packages/alphabot2_leader-0.0.0-py3.10.egg-info/top_level.txt
/home/leader/ros2_ws/install/alphabot2/lib/python3.10/site-packages/alphabot2_leader-0.0.0-py3.10.egg-info/requires.txt
/home/leader/ros2_ws/install/alphabot2/lib/python3.10/site-packages/alphabot2_leader-0.0.0-py3.10.egg-info/entry_points.txt
/home/leader/ros2_ws/install/alphabot2/lib/python3.10/site-packages/alphabot2_leader-0.0.0-py3.10.egg-info/dependency_links.txt
/home/leader/ros2_ws/install/alphabot2/lib/python3.10/site-packages/alphabot2_leader-0.0.0-py3.10.egg-info/SOURCES.txt
/home/leader/ros2_ws/install/alphabot2/lib/alphabot2/IR_obstacle_sensors
/home/leader/ros2_ws/install/alphabot2/lib/alphabot2/QR_detector
/home/leader/ros2_ws/install/alphabot2/lib/alphabot2/leader
/home/leader/ros2_ws/install/alphabot2/lib/alphabot2/motion_driver
/home/leader/ros2_ws/install/alphabot2/lib/alphabot2/virtual_odometer
