/usr/lib/python3/dist-packages/setuptools/dist.py:723: UserWarning: Usage of dash-separated 'script-dir' will not be supported in future versions. Please use the underscore name 'script_dir' instead
  warnings.warn(
running egg_info
writing ../../../../build/alphabot2/alphabot2_leader.egg-info/PKG-INFO
writing dependency_links to ../../../../build/alphabot2/alphabot2_leader.egg-info/dependency_links.txt
writing entry points to ../../../../build/alphabot2/alphabot2_leader.egg-info/entry_points.txt
writing requirements to ../../../../build/alphabot2/alphabot2_leader.egg-info/requires.txt
writing top-level names to ../../../../build/alphabot2/alphabot2_leader.egg-info/top_level.txt
reading manifest file '../../../../build/alphabot2/alphabot2_leader.egg-info/SOURCES.txt'
writing manifest file '../../../../build/alphabot2/alphabot2_leader.egg-info/SOURCES.txt'
running build
running build_py
running install
running install_lib
running install_data
running install_egg_info
removing '/home/leader/ros2_ws/install/alphabot2/lib/python3.10/site-packages/alphabot2_leader-0.0.0-py3.10.egg-info' (and everything under it)
Copying ../../../../build/alphabot2/alphabot2_leader.egg-info to /home/leader/ros2_ws/install/alphabot2/lib/python3.10/site-packages/alphabot2_leader-0.0.0-py3.10.egg-info
running install_scripts
Installing IR_obstacle_sensors script to /home/leader/ros2_ws/install/alphabot2/lib/alphabot2
Installing QR_detector script to /home/leader/ros2_ws/install/alphabot2/lib/alphabot2
Installing leader script to /home/leader/ros2_ws/install/alphabot2/lib/alphabot2
Installing motion_driver script to /home/leader/ros2_ws/install/alphabot2/lib/alphabot2
Installing virtual_odometer script to /home/leader/ros2_ws/install/alphabot2/lib/alphabot2
writing list of installed files to '/home/leader/ros2_ws/build/alphabot2/install.log'
